05-08 12:29:35.749  2491  2751 W ActivityManager:   Force finishing activity com.myapp/.MainActivity
05-08 12:29:36.292  2491  2505 W ActivityManager: Activity pause timeout for ActivityRecord{b07fef9 u0 com.myapp/.MainActivity t19 f}
05-08 12:29:36.343  2491  2505 I ActivityManager: Killing 25647:com.svox.pico/u0a45 (adj 15): empty for 6182s
05-08 12:29:39.677  2491  2502 I ActivityManager: Process com.myapp (pid 25673) has died
05-08 12:29:39.729  2491  3800 W WindowManager: Failed looking up window
05-08 12:29:39.729  2491  3800 W WindowManager: java.lang.IllegalArgumentException: Requested window android.os.BinderProxy@d58765f does not exist
05-08 12:29:39.729  2491  3800 W WindowManager: 	at com.android.server.wm.WindowManagerService.windowForClientLocked(WindowManagerService.java:8733)
05-08 12:29:39.729  2491  3800 W WindowManager: 	at com.android.server.wm.WindowManagerService.windowForClientLocked(WindowManagerService.java:8724)
05-08 12:29:39.729  2491  3800 W WindowManager: 	at com.android.server.wm.WindowState$DeathRecipient.binderDied(WindowState.java:1209)
05-08 12:29:39.729  2491  3800 W WindowManager: 	at android.os.BinderProxy.sendDeathNotice(Binder.java:558)
05-08 12:29:39.729  2491  3800 I WindowState: WIN DEATH: null
05-08 12:29:39.737  2491  2757 W WindowManager: Failed looking up window
05-08 12:29:39.737  2491  2757 W WindowManager: java.lang.IllegalArgumentException: Requested window android.os.BinderProxy@17a5225 does not exist
05-08 12:29:39.737  2491  2757 W WindowManager: 	at com.android.server.wm.WindowManagerService.windowForClientLocked(WindowManagerService.java:8733)
05-08 12:29:39.737  2491  2757 W WindowManager: 	at com.android.server.wm.WindowManagerService.windowForClientLocked(WindowManagerService.java:8724)
05-08 12:29:39.737  2491  2757 W WindowManager: 	at com.android.server.wm.WindowState$DeathRecipient.binderDied(WindowState.java:1209)
05-08 12:29:39.737  2491  2757 W WindowManager: 	at android.os.BinderProxy.sendDeathNotice(Binder.java:558)
05-08 12:29:39.737  2491  2757 I WindowState: WIN DEATH: null
05-08 12:29:39.746  2491  2510 W AppOps  : Finishing op nesting under-run: uid 1000 pkg android code 24 time=0 duration=0 nesting=0
05-08 12:29:42.285  2491  6030 I ActivityManager: START u0 {act=com.android.systemui.recents.SHOW_RECENTS flg=0x10804000 cmp=com.android.systemui/.recents.RecentsActivity} from uid 10015 on display 0
05-08 12:29:43.943  2491  2502 I ActivityManager: START u0 {flg=0x10100000 cmp=com.myapp/.MainActivity} from uid 0 on display 0
05-08 12:29:44.826  2491  2502 I ActivityManager: Start proc 27649:com.myapp/u0a61 for activity com.myapp/.MainActivity
05-08 12:31:03.672  2491  2505 I ActivityManager: Force stopping com.myapp appid=10061 user=-1: uninstall pkg
05-08 12:31:03.673  2491  2505 I ActivityManager: Killing 27649:com.myapp/u0a61 (adj 0): stop com.myapp
05-08 12:31:03.692  2491  3800 I WindowState: WIN DEATH: Window{1e1393b u0 com.myapp/com.myapp.MainActivity}
05-08 12:31:03.710  2491  2505 W ActivityManager: Force removing ActivityRecord{166c01a u0 com.myapp/.MainActivity t19}: app died, no saved state
05-08 12:31:03.744  2491  2515 I PackageManager: Package com.myapp codePath changed from /data/app/com.myapp-1 to /data/app/com.myapp-2; Retaining data and using new
05-08 12:31:03.747  2491  2752 W ActivityManager: Spurious death for ProcessRecord{ea5efa0 0:com.myapp/u0a61}, curProc for 27649: null
05-08 12:31:03.747  2491  2505 I ActivityManager: Force stopping com.myapp appid=10061 user=-1: replace pkg
05-08 12:31:03.748  2491  2515 W PackageManager: Code path for com.myapp changing from /data/app/com.myapp-1 to /data/app/com.myapp-2
05-08 12:31:03.749  2491  2515 W PackageManager: Resource path for com.myapp changing from /data/app/com.myapp-1 to /data/app/com.myapp-2
05-08 12:31:03.878  2491  2515 W PackageManager: Couldn't remove dex file for package:  at location /data/app/com.myapp-1/base.apk, retcode=-1
05-08 12:31:03.893  2491  2515 I ActivityManager: Force stopping com.myapp appid=10061 user=0: pkg removed
05-08 12:31:03.957  2491  2663 W InputMethodManagerService: Got RemoteException sending setActive(false) notification to pid 27649 uid 10061
05-08 12:31:04.138  2491  2491 D JobSchedulerService: Receieved: android.intent.action.PACKAGE_REMOVED
05-08 12:31:04.206  2491  2491 V KeyValueBackupJob: Scheduling k/v pass in 246 minutes
05-08 12:31:04.322  2491  2752 I ActivityManager: Start proc 27754:com.android.keychain/1000 for broadcast com.android.keychain/.KeyChainBroadcastReceiver
05-08 12:31:04.375 27754 27754 W ContextImpl: Calling a method in the system process without a qualified user: android.app.ContextImpl.startService:1221 android.content.ContextWrapper.startService:581 android.content.ContextWrapper.startService:581 com.android.keychain.KeyChainBroadcastReceiver.onReceive:12 android.app.ActivityThread.handleReceiver:2725 
05-08 12:31:04.585  2491  3800 I ActivityManager: Start proc 27781:com.svox.pico/u0a45 for broadcast com.svox.pico/.VoiceDataInstallerReceiver
05-08 12:31:04.910  2491  3800 I ActivityManager: START u0 {flg=0x10000000 cmp=com.myapp/.MainActivity} from uid 0 on display 0
05-08 12:31:04.966  2491  2752 I ActivityManager: Start proc 27808:com.myapp/u0a61 for activity com.myapp/.MainActivity
05-08 12:31:10.919  2491  2663 I ActivityManager: Killing 24399:com.android.providers.calendar/u0a1 (adj 15): empty for 2795s
05-08 12:31:50.980 27808 27808 W ViewRootImpl: Dropping event due to root view being removed: KeyEvent { action=ACTION_UP, keyCode=KEYCODE_R, scanCode=19, metaState=0, flags=0x8, repeatCount=0, eventTime=71762369, downTime=71762369, deviceId=0, source=0x301 }
05-08 12:31:55.069 27808 27808 W ViewRootImpl: Dropping event due to root view being removed: KeyEvent { action=ACTION_UP, keyCode=KEYCODE_R, scanCode=19, metaState=0, flags=0x8, repeatCount=0, eventTime=71766463, downTime=71766463, deviceId=0, source=0x301 }
05-08 12:31:58.340 27808 27808 W ViewRootImpl: Dropping event due to root view being removed: KeyEvent { action=ACTION_UP, keyCode=KEYCODE_R, scanCode=19, metaState=0, flags=0x8, repeatCount=0, eventTime=71769728, downTime=71769728, deviceId=0, source=0x301 }
05-08 12:32:00.408 27808 27808 W ViewRootImpl: Dropping event due to root view being removed: KeyEvent { action=ACTION_UP, keyCode=KEYCODE_R, scanCode=19, metaState=0, flags=0x8, repeatCount=0, eventTime=71771800, downTime=71771800, deviceId=0, source=0x301 }
05-08 12:32:02.991 27808 27808 W ViewRootImpl: Dropping event due to root view being removed: KeyEvent { action=ACTION_UP, keyCode=KEYCODE_R, scanCode=19, metaState=0, flags=0x8, repeatCount=0, eventTime=71774384, downTime=71774384, deviceId=0, source=0x301 }
05-08 12:32:05.164 27808 27808 W ViewRootImpl: Dropping event due to root view being removed: KeyEvent { action=ACTION_UP, keyCode=KEYCODE_R, scanCode=19, metaState=0, flags=0x8, repeatCount=0, eventTime=71776556, downTime=71776556, deviceId=0, source=0x301 }
05-08 12:32:06.982 27808 27808 W ViewRootImpl: Dropping event due to root view being removed: KeyEvent { action=ACTION_UP, keyCode=KEYCODE_R, scanCode=19, metaState=0, flags=0x8, repeatCount=0, eventTime=71778376, downTime=71778375, deviceId=0, source=0x301 }
05-08 12:35:48.675  2491  2507 E KernelCpuSpeedReader: Failed to read cpu-freq
05-08 12:35:48.675  2491  2507 E KernelCpuSpeedReader: java.io.FileNotFoundException: /sys/devices/system/cpu/cpu0/cpufreq/stats/time_in_state: open failed: ENOENT (No such file or directory)
05-08 12:35:48.675  2491  2507 E KernelCpuSpeedReader: 	at libcore.io.IoBridge.open(IoBridge.java:452)
05-08 12:35:48.675  2491  2507 E KernelCpuSpeedReader: 	at java.io.FileInputStream.<init>(FileInputStream.java:76)
05-08 12:35:48.675  2491  2507 E KernelCpuSpeedReader: 	at java.io.FileInputStream.<init>(FileInputStream.java:103)
05-08 12:35:48.675  2491  2507 E KernelCpuSpeedReader: 	at java.io.FileReader.<init>(FileReader.java:66)
05-08 12:35:48.675  2491  2507 E KernelCpuSpeedReader: 	at com.android.internal.os.KernelCpuSpeedReader.readDelta(KernelCpuSpeedReader.java:49)
05-08 12:35:48.675  2491  2507 E KernelCpuSpeedReader: 	at com.android.internal.os.BatteryStatsImpl.updateCpuTimeLocked(BatteryStatsImpl.java:8002)
05-08 12:35:48.675  2491  2507 E KernelCpuSpeedReader: 	at com.android.server.am.BatteryStatsService.updateExternalStats(BatteryStatsService.java:1366)
05-08 12:35:48.675  2491  2507 E KernelCpuSpeedReader: 	at com.android.server.am.BatteryStatsService$BatteryStatsHandler.handleMessage(BatteryStatsService.java:125)
05-08 12:35:48.675  2491  2507 E KernelCpuSpeedReader: 	at android.os.Handler.dispatchMessage(Handler.java:102)
05-08 12:35:48.675  2491  2507 E KernelCpuSpeedReader: 	at android.os.Looper.loop(Looper.java:148)
05-08 12:35:48.675  2491  2507 E KernelCpuSpeedReader: 	at android.os.HandlerThread.run(HandlerThread.java:61)
05-08 12:35:48.675  2491  2507 E KernelCpuSpeedReader: 	at com.android.server.ServiceThread.run(ServiceThread.java:46)
05-08 12:35:48.675  2491  2507 E KernelCpuSpeedReader: Caused by: android.system.ErrnoException: open failed: ENOENT (No such file or directory)
05-08 12:35:48.675  2491  2507 E KernelCpuSpeedReader: 	at libcore.io.Posix.open(Native Method)
05-08 12:35:48.675  2491  2507 E KernelCpuSpeedReader: 	at libcore.io.BlockGuardOs.open(BlockGuardOs.java:186)
05-08 12:35:48.675  2491  2507 E KernelCpuSpeedReader: 	at libcore.io.IoBridge.open(IoBridge.java:438)
05-08 12:35:48.675  2491  2507 E KernelCpuSpeedReader: 	... 11 more
05-08 12:35:48.675  2491  2507 E KernelUidCpuTimeReader: Failed to read uid_cputime
05-08 12:35:48.675  2491  2507 E KernelUidCpuTimeReader: java.io.FileNotFoundException: /proc/uid_cputime/show_uid_stat: open failed: ENOENT (No such file or directory)
05-08 12:35:48.675  2491  2507 E KernelUidCpuTimeReader: 	at libcore.io.IoBridge.open(IoBridge.java:452)
05-08 12:35:48.675  2491  2507 E KernelUidCpuTimeReader: 	at java.io.FileInputStream.<init>(FileInputStream.java:76)
05-08 12:35:48.675  2491  2507 E KernelUidCpuTimeReader: 	at java.io.FileInputStream.<init>(FileInputStream.java:103)
05-08 12:35:48.675  2491  2507 E KernelUidCpuTimeReader: 	at java.io.FileReader.<init>(FileReader.java:66)
05-08 12:35:48.675  2491  2507 E KernelUidCpuTimeReader: 	at com.android.internal.os.KernelUidCpuTimeReader.readDelta(KernelUidCpuTimeReader.java:71)
05-08 12:35:48.675  2491  2507 E KernelUidCpuTimeReader: 	at com.android.internal.os.BatteryStatsImpl.updateCpuTimeLocked(BatteryStatsImpl.java:8031)
05-08 12:35:48.675  2491  2507 E KernelUidCpuTimeReader: 	at com.android.server.am.BatteryStatsService.updateExternalStats(BatteryStatsService.java:1366)
05-08 12:35:48.675  2491  2507 E KernelUidCpuTimeReader: 	at com.android.server.am.BatteryStatsService$BatteryStatsHandler.handleMessage(BatteryStatsService.java:125)
05-08 12:35:48.675  2491  2507 E KernelUidCpuTimeReader: 	at android.os.Handler.dispatchMessage(Handler.java:102)
05-08 12:35:48.675  2491  2507 E KernelUidCpuTimeReader: 	at android.os.Looper.loop(Looper.java:148)
05-08 12:35:48.675  2491  2507 E KernelUidCpuTimeReader: 	at android.os.HandlerThread.run(HandlerThread.java:61)
05-08 12:35:48.675  2491  2507 E KernelUidCpuTimeReader: 	at com.android.server.ServiceThread.run(ServiceThread.java:46)
05-08 12:35:48.675  2491  2507 E KernelUidCpuTimeReader: Caused by: android.system.ErrnoException: open failed: ENOENT (No such file or directory)
05-08 12:35:48.675  2491  2507 E KernelUidCpuTimeReader: 	at libcore.io.Posix.open(Native Method)
05-08 12:35:48.675  2491  2507 E KernelUidCpuTimeReader: 	at libcore.io.BlockGuardOs.open(BlockGuardOs.java:186)
05-08 12:35:48.675  2491  2507 E KernelUidCpuTimeReader: 	at libcore.io.IoBridge.open(IoBridge.java:438)
05-08 12:35:48.675  2491  2507 E KernelUidCpuTimeReader: 	... 11 more
05-08 12:36:03.909 27808 27808 W ViewRootImpl: Dropping event due to root view being removed: KeyEvent { action=ACTION_UP, keyCode=KEYCODE_R, scanCode=19, metaState=0, flags=0x8, repeatCount=0, eventTime=72015300, downTime=72015300, deviceId=0, source=0x301 }
05-08 12:41:42.875 27808 27808 W ViewRootImpl: Dropping event due to root view being removed: KeyEvent { action=ACTION_UP, keyCode=KEYCODE_R, scanCode=19, metaState=0, flags=0x8, repeatCount=0, eventTime=72354266, downTime=72354265, deviceId=0, source=0x301 }
05-08 12:42:00.004  2491  2505 I ProcessStatsService: Prepared write state in 0ms
05-08 12:49:35.892  2491  2504 I UsageStatsService: User[0] Flushing usage stats to disk
05-08 13:05:48.677  2491  2507 E KernelCpuSpeedReader: Failed to read cpu-freq
05-08 13:05:48.677  2491  2507 E KernelCpuSpeedReader: java.io.FileNotFoundException: /sys/devices/system/cpu/cpu0/cpufreq/stats/time_in_state: open failed: ENOENT (No such file or directory)
05-08 13:05:48.677  2491  2507 E KernelCpuSpeedReader: 	at libcore.io.IoBridge.open(IoBridge.java:452)
05-08 13:05:48.677  2491  2507 E KernelCpuSpeedReader: 	at java.io.FileInputStream.<init>(FileInputStream.java:76)
05-08 13:05:48.677  2491  2507 E KernelCpuSpeedReader: 	at java.io.FileInputStream.<init>(FileInputStream.java:103)
05-08 13:05:48.677  2491  2507 E KernelCpuSpeedReader: 	at java.io.FileReader.<init>(FileReader.java:66)
05-08 13:05:48.677  2491  2507 E KernelCpuSpeedReader: 	at com.android.internal.os.KernelCpuSpeedReader.readDelta(KernelCpuSpeedReader.java:49)
05-08 13:05:48.677  2491  2507 E KernelCpuSpeedReader: 	at com.android.internal.os.BatteryStatsImpl.updateCpuTimeLocked(BatteryStatsImpl.java:8002)
05-08 13:05:48.677  2491  2507 E KernelCpuSpeedReader: 	at com.android.server.am.BatteryStatsService.updateExternalStats(BatteryStatsService.java:1366)
05-08 13:05:48.677  2491  2507 E KernelCpuSpeedReader: 	at com.android.server.am.BatteryStatsService$BatteryStatsHandler.handleMessage(BatteryStatsService.java:125)
05-08 13:05:48.677  2491  2507 E KernelCpuSpeedReader: 	at android.os.Handler.dispatchMessage(Handler.java:102)
05-08 13:05:48.677  2491  2507 E KernelCpuSpeedReader: 	at android.os.Looper.loop(Looper.java:148)
05-08 13:05:48.677  2491  2507 E KernelCpuSpeedReader: 	at android.os.HandlerThread.run(HandlerThread.java:61)
05-08 13:05:48.677  2491  2507 E KernelCpuSpeedReader: 	at com.android.server.ServiceThread.run(ServiceThread.java:46)
05-08 13:05:48.677  2491  2507 E KernelCpuSpeedReader: Caused by: android.system.ErrnoException: open failed: ENOENT (No such file or directory)
05-08 13:05:48.677  2491  2507 E KernelCpuSpeedReader: 	at libcore.io.Posix.open(Native Method)
05-08 13:05:48.677  2491  2507 E KernelCpuSpeedReader: 	at libcore.io.BlockGuardOs.open(BlockGuardOs.java:186)
05-08 13:05:48.677  2491  2507 E KernelCpuSpeedReader: 	at libcore.io.IoBridge.open(IoBridge.java:438)
05-08 13:05:48.677  2491  2507 E KernelCpuSpeedReader: 	... 11 more
05-08 13:05:48.678  2491  2507 E KernelUidCpuTimeReader: Failed to read uid_cputime
05-08 13:05:48.678  2491  2507 E KernelUidCpuTimeReader: java.io.FileNotFoundException: /proc/uid_cputime/show_uid_stat: open failed: ENOENT (No such file or directory)
05-08 13:05:48.678  2491  2507 E KernelUidCpuTimeReader: 	at libcore.io.IoBridge.open(IoBridge.java:452)
05-08 13:05:48.678  2491  2507 E KernelUidCpuTimeReader: 	at java.io.FileInputStream.<init>(FileInputStream.java:76)
05-08 13:05:48.678  2491  2507 E KernelUidCpuTimeReader: 	at java.io.FileInputStream.<init>(FileInputStream.java:103)
05-08 13:05:48.678  2491  2507 E KernelUidCpuTimeReader: 	at java.io.FileReader.<init>(FileReader.java:66)
05-08 13:05:48.678  2491  2507 E KernelUidCpuTimeReader: 	at com.android.internal.os.KernelUidCpuTimeReader.readDelta(KernelUidCpuTimeReader.java:71)
05-08 13:05:48.678  2491  2507 E KernelUidCpuTimeReader: 	at com.android.internal.os.BatteryStatsImpl.updateCpuTimeLocked(BatteryStatsImpl.java:8031)
05-08 13:05:48.678  2491  2507 E KernelUidCpuTimeReader: 	at com.android.server.am.BatteryStatsService.updateExternalStats(BatteryStatsService.java:1366)
05-08 13:05:48.678  2491  2507 E KernelUidCpuTimeReader: 	at com.android.server.am.BatteryStatsService$BatteryStatsHandler.handleMessage(BatteryStatsService.java:125)
05-08 13:05:48.678  2491  2507 E KernelUidCpuTimeReader: 	at android.os.Handler.dispatchMessage(Handler.java:102)
05-08 13:05:48.678  2491  2507 E KernelUidCpuTimeReader: 	at android.os.Looper.loop(Looper.java:148)
05-08 13:05:48.678  2491  2507 E KernelUidCpuTimeReader: 	at android.os.HandlerThread.run(HandlerThread.java:61)
05-08 13:05:48.678  2491  2507 E KernelUidCpuTimeReader: 	at com.android.server.ServiceThread.run(ServiceThread.java:46)
05-08 13:05:48.678  2491  2507 E KernelUidCpuTimeReader: Caused by: android.system.ErrnoException: open failed: ENOENT (No such file or directory)
05-08 13:05:48.678  2491  2507 E KernelUidCpuTimeReader: 	at libcore.io.Posix.open(Native Method)
05-08 13:05:48.678  2491  2507 E KernelUidCpuTimeReader: 	at libcore.io.BlockGuardOs.open(BlockGuardOs.java:186)
05-08 13:05:48.678  2491  2507 E KernelUidCpuTimeReader: 	at libcore.io.IoBridge.open(IoBridge.java:438)
05-08 13:05:48.678  2491  2507 E KernelUidCpuTimeReader: 	... 11 more
05-08 13:07:59.271 27808 27808 W ViewRootImpl: Dropping event due to root view being removed: KeyEvent { action=ACTION_UP, keyCode=KEYCODE_R, scanCode=19, metaState=0, flags=0x8, repeatCount=0, eventTime=73930664, downTime=73930664, deviceId=0, source=0x301 }
05-08 13:12:00.007  2491  2505 I ProcessStatsService: Prepared write state in 0ms
05-08 13:27:10.458  2491  2504 I UsageStatsService: User[0] Flushing usage stats to disk
05-08 13:35:48.675  2491  2507 E KernelCpuSpeedReader: Failed to read cpu-freq
05-08 13:35:48.675  2491  2507 E KernelCpuSpeedReader: java.io.FileNotFoundException: /sys/devices/system/cpu/cpu0/cpufreq/stats/time_in_state: open failed: ENOENT (No such file or directory)
05-08 13:35:48.675  2491  2507 E KernelCpuSpeedReader: 	at libcore.io.IoBridge.open(IoBridge.java:452)
05-08 13:35:48.675  2491  2507 E KernelCpuSpeedReader: 	at java.io.FileInputStream.<init>(FileInputStream.java:76)
05-08 13:35:48.675  2491  2507 E KernelCpuSpeedReader: 	at java.io.FileInputStream.<init>(FileInputStream.java:103)
05-08 13:35:48.675  2491  2507 E KernelCpuSpeedReader: 	at java.io.FileReader.<init>(FileReader.java:66)
05-08 13:35:48.675  2491  2507 E KernelCpuSpeedReader: 	at com.android.internal.os.KernelCpuSpeedReader.readDelta(KernelCpuSpeedReader.java:49)
05-08 13:35:48.675  2491  2507 E KernelCpuSpeedReader: 	at com.android.internal.os.BatteryStatsImpl.updateCpuTimeLocked(BatteryStatsImpl.java:8002)
05-08 13:35:48.675  2491  2507 E KernelCpuSpeedReader: 	at com.android.server.am.BatteryStatsService.updateExternalStats(BatteryStatsService.java:1366)
05-08 13:35:48.675  2491  2507 E KernelCpuSpeedReader: 	at com.android.server.am.BatteryStatsService$BatteryStatsHandler.handleMessage(BatteryStatsService.java:125)
05-08 13:35:48.675  2491  2507 E KernelCpuSpeedReader: 	at android.os.Handler.dispatchMessage(Handler.java:102)
05-08 13:35:48.675  2491  2507 E KernelCpuSpeedReader: 	at android.os.Looper.loop(Looper.java:148)
05-08 13:35:48.675  2491  2507 E KernelCpuSpeedReader: 	at android.os.HandlerThread.run(HandlerThread.java:61)
05-08 13:35:48.675  2491  2507 E KernelCpuSpeedReader: 	at com.android.server.ServiceThread.run(ServiceThread.java:46)
05-08 13:35:48.675  2491  2507 E KernelCpuSpeedReader: Caused by: android.system.ErrnoException: open failed: ENOENT (No such file or directory)
05-08 13:35:48.675  2491  2507 E KernelCpuSpeedReader: 	at libcore.io.Posix.open(Native Method)
05-08 13:35:48.675  2491  2507 E KernelCpuSpeedReader: 	at libcore.io.BlockGuardOs.open(BlockGuardOs.java:186)
05-08 13:35:48.675  2491  2507 E KernelCpuSpeedReader: 	at libcore.io.IoBridge.open(IoBridge.java:438)
05-08 13:35:48.675  2491  2507 E KernelCpuSpeedReader: 	... 11 more
05-08 13:35:48.675  2491  2507 E KernelUidCpuTimeReader: Failed to read uid_cputime
05-08 13:35:48.675  2491  2507 E KernelUidCpuTimeReader: java.io.FileNotFoundException: /proc/uid_cputime/show_uid_stat: open failed: ENOENT (No such file or directory)
05-08 13:35:48.675  2491  2507 E KernelUidCpuTimeReader: 	at libcore.io.IoBridge.open(IoBridge.java:452)
05-08 13:35:48.675  2491  2507 E KernelUidCpuTimeReader: 	at java.io.FileInputStream.<init>(FileInputStream.java:76)
05-08 13:35:48.675  2491  2507 E KernelUidCpuTimeReader: 	at java.io.FileInputStream.<init>(FileInputStream.java:103)
05-08 13:35:48.675  2491  2507 E KernelUidCpuTimeReader: 	at java.io.FileReader.<init>(FileReader.java:66)
05-08 13:35:48.675  2491  2507 E KernelUidCpuTimeReader: 	at com.android.internal.os.KernelUidCpuTimeReader.readDelta(KernelUidCpuTimeReader.java:71)
05-08 13:35:48.675  2491  2507 E KernelUidCpuTimeReader: 	at com.android.internal.os.BatteryStatsImpl.updateCpuTimeLocked(BatteryStatsImpl.java:8031)
05-08 13:35:48.675  2491  2507 E KernelUidCpuTimeReader: 	at com.android.server.am.BatteryStatsService.updateExternalStats(BatteryStatsService.java:1366)
05-08 13:35:48.675  2491  2507 E KernelUidCpuTimeReader: 	at com.android.server.am.BatteryStatsService$BatteryStatsHandler.handleMessage(BatteryStatsService.java:125)
05-08 13:35:48.675  2491  2507 E KernelUidCpuTimeReader: 	at android.os.Handler.dispatchMessage(Handler.java:102)
05-08 13:35:48.675  2491  2507 E KernelUidCpuTimeReader: 	at android.os.Looper.loop(Looper.java:148)
05-08 13:35:48.675  2491  2507 E KernelUidCpuTimeReader: 	at android.os.HandlerThread.run(HandlerThread.java:61)
05-08 13:35:48.675  2491  2507 E KernelUidCpuTimeReader: 	at com.android.server.ServiceThread.run(ServiceThread.java:46)
05-08 13:35:48.675  2491  2507 E KernelUidCpuTimeReader: Caused by: android.system.ErrnoException: open failed: ENOENT (No such file or directory)
05-08 13:35:48.675  2491  2507 E KernelUidCpuTimeReader: 	at libcore.io.Posix.open(Native Method)
05-08 13:35:48.675  2491  2507 E KernelUidCpuTimeReader: 	at libcore.io.BlockGuardOs.open(BlockGuardOs.java:186)
05-08 13:35:48.675  2491  2507 E KernelUidCpuTimeReader: 	at libcore.io.IoBridge.open(IoBridge.java:438)
05-08 13:35:48.675  2491  2507 E KernelUidCpuTimeReader: 	... 11 more
05-08 13:36:28.700  2491  2491 I EntropyMixer: Writing entropy...
05-08 13:36:31.177  2491  3290 I ActivityManager: Start proc 28848:com.google.android.gms.ui/u0a8 for service com.google.android.gms/.chimera.UiIntentOperationService
05-08 13:36:41.150  2491  2756 I ActivityManager: Killing 24384:com.google.android.calendar/u0a22 (adj 15): empty for 5801s
05-08 13:42:00.008  2491  2505 I ProcessStatsService: Prepared write state in 1ms
05-08 13:55:16.036  2491  3814 I ActivityManager: Start proc 29012:com.google.android.calendar/u0a22 for broadcast com.google.android.calendar/com.android.calendar.widget.CalendarAppWidgetProvider
05-08 13:55:16.102  2491  2756 I ActivityManager: Start proc 29031:com.android.providers.calendar/u0a1 for content provider com.android.providers.calendar/.CalendarProvider2
05-08 13:55:16.132  2491  3800 W ActivityManager: Unable to start service Intent { act=com.google.android.gms.playlog.service.START pkg=com.google.android.gms } U=0: not found
05-08 13:55:16.132  2491  2751 W ActivityManager: Unbind failed: could not find connection for android.os.BinderProxy@4dcf070
05-08 13:55:16.176  2491  3295 I ActivityManager: Killing 27754:com.android.keychain/1000 (adj 15): empty for 4407s
05-08 13:55:17.154  2491  6030 I ActivityManager: Killing 27781:com.svox.pico/u0a45 (adj 15): empty for 4408s
05-08 14:05:02.926  2491  2504 I UsageStatsService: User[0] Flushing usage stats to disk
05-08 14:05:02.954  2491  2504 I UsageStatsDatabase: Time changed by +10m44s256ms. files deleted: 0 files moved: 8
05-08 14:05:02.958  2491  2504 I UsageStatsService: User[0] Rollover scheduled @ 2018-05-09 05:30:00(1525824000000)
05-08 14:05:03.331  2491  2755 I ActivityManager: Start proc 29228:com.google.android.apps.photos/u0a44 for broadcast com.google.android.apps.photos/com.google.android.apps.moviemaker.app.ApplicationEnabler$Receiver
05-08 14:05:03.554  2491  3290 W ActivityManager: Unable to start service Intent { cmp=com.google.android.gms/.analytics.service.RefreshEnabledStateService } U=0: not found
05-08 14:05:04.785  2491  2614 D WifiService: New client listening to asynchronous messages
05-08 14:05:07.439  2491  3799 I ActivityManager: Killing 22768:android.process.acore/u0a2 (adj 15): empty for 4998s
05-08 14:07:15.948  2491  2504 I UsageStatsService: User[0] Flushing usage stats to disk
05-08 14:16:32.935  2491  2507 E KernelCpuSpeedReader: Failed to read cpu-freq
05-08 14:16:32.935  2491  2507 E KernelCpuSpeedReader: java.io.FileNotFoundException: /sys/devices/system/cpu/cpu0/cpufreq/stats/time_in_state: open failed: ENOENT (No such file or directory)
05-08 14:16:32.935  2491  2507 E KernelCpuSpeedReader: 	at libcore.io.IoBridge.open(IoBridge.java:452)
05-08 14:16:32.935  2491  2507 E KernelCpuSpeedReader: 	at java.io.FileInputStream.<init>(FileInputStream.java:76)
05-08 14:16:32.935  2491  2507 E KernelCpuSpeedReader: 	at java.io.FileInputStream.<init>(FileInputStream.java:103)
05-08 14:16:32.935  2491  2507 E KernelCpuSpeedReader: 	at java.io.FileReader.<init>(FileReader.java:66)
05-08 14:16:32.935  2491  2507 E KernelCpuSpeedReader: 	at com.android.internal.os.KernelCpuSpeedReader.readDelta(KernelCpuSpeedReader.java:49)
05-08 14:16:32.935  2491  2507 E KernelCpuSpeedReader: 	at com.android.internal.os.BatteryStatsImpl.updateCpuTimeLocked(BatteryStatsImpl.java:8002)
05-08 14:16:32.935  2491  2507 E KernelCpuSpeedReader: 	at com.android.server.am.BatteryStatsService.updateExternalStats(BatteryStatsService.java:1366)
05-08 14:16:32.935  2491  2507 E KernelCpuSpeedReader: 	at com.android.server.am.BatteryStatsService$BatteryStatsHandler.handleMessage(BatteryStatsService.java:125)
05-08 14:16:32.935  2491  2507 E KernelCpuSpeedReader: 	at android.os.Handler.dispatchMessage(Handler.java:102)
05-08 14:16:32.935  2491  2507 E KernelCpuSpeedReader: 	at android.os.Looper.loop(Looper.java:148)
05-08 14:16:32.935  2491  2507 E KernelCpuSpeedReader: 	at android.os.HandlerThread.run(HandlerThread.java:61)
05-08 14:16:32.935  2491  2507 E KernelCpuSpeedReader: 	at com.android.server.ServiceThread.run(ServiceThread.java:46)
05-08 14:16:32.935  2491  2507 E KernelCpuSpeedReader: Caused by: android.system.ErrnoException: open failed: ENOENT (No such file or directory)
05-08 14:16:32.935  2491  2507 E KernelCpuSpeedReader: 	at libcore.io.Posix.open(Native Method)
05-08 14:16:32.935  2491  2507 E KernelCpuSpeedReader: 	at libcore.io.BlockGuardOs.open(BlockGuardOs.java:186)
05-08 14:16:32.935  2491  2507 E KernelCpuSpeedReader: 	at libcore.io.IoBridge.open(IoBridge.java:438)
05-08 14:16:32.935  2491  2507 E KernelCpuSpeedReader: 	... 11 more
05-08 14:16:32.936  2491  2507 E KernelUidCpuTimeReader: Failed to read uid_cputime
05-08 14:16:32.936  2491  2507 E KernelUidCpuTimeReader: java.io.FileNotFoundException: /proc/uid_cputime/show_uid_stat: open failed: ENOENT (No such file or directory)
05-08 14:16:32.936  2491  2507 E KernelUidCpuTimeReader: 	at libcore.io.IoBridge.open(IoBridge.java:452)
05-08 14:16:32.936  2491  2507 E KernelUidCpuTimeReader: 	at java.io.FileInputStream.<init>(FileInputStream.java:76)
05-08 14:16:32.936  2491  2507 E KernelUidCpuTimeReader: 	at java.io.FileInputStream.<init>(FileInputStream.java:103)
05-08 14:16:32.936  2491  2507 E KernelUidCpuTimeReader: 	at java.io.FileReader.<init>(FileReader.java:66)
05-08 14:16:32.936  2491  2507 E KernelUidCpuTimeReader: 	at com.android.internal.os.KernelUidCpuTimeReader.readDelta(KernelUidCpuTimeReader.java:71)
05-08 14:16:32.936  2491  2507 E KernelUidCpuTimeReader: 	at com.android.internal.os.BatteryStatsImpl.updateCpuTimeLocked(BatteryStatsImpl.java:8031)
05-08 14:16:32.936  2491  2507 E KernelUidCpuTimeReader: 	at com.android.server.am.BatteryStatsService.updateExternalStats(BatteryStatsService.java:1366)
05-08 14:16:32.936  2491  2507 E KernelUidCpuTimeReader: 	at com.android.server.am.BatteryStatsService$BatteryStatsHandler.handleMessage(BatteryStatsService.java:125)
05-08 14:16:32.936  2491  2507 E KernelUidCpuTimeReader: 	at android.os.Handler.dispatchMessage(Handler.java:102)
05-08 14:16:32.936  2491  2507 E KernelUidCpuTimeReader: 	at android.os.Looper.loop(Looper.java:148)
05-08 14:16:32.936  2491  2507 E KernelUidCpuTimeReader: 	at android.os.HandlerThread.run(HandlerThread.java:61)
05-08 14:16:32.936  2491  2507 E KernelUidCpuTimeReader: 	at com.android.server.ServiceThread.run(ServiceThread.java:46)
05-08 14:16:32.936  2491  2507 E KernelUidCpuTimeReader: Caused by: android.system.ErrnoException: open failed: ENOENT (No such file or directory)
05-08 14:16:32.936  2491  2507 E KernelUidCpuTimeReader: 	at libcore.io.Posix.open(Native Method)
05-08 14:16:32.936  2491  2507 E KernelUidCpuTimeReader: 	at libcore.io.BlockGuardOs.open(BlockGuardOs.java:186)
05-08 14:16:32.936  2491  2507 E KernelUidCpuTimeReader: 	at libcore.io.IoBridge.open(IoBridge.java:438)
05-08 14:16:32.936  2491  2507 E KernelUidCpuTimeReader: 	... 11 more
05-08 14:22:54.615  2491  2505 I ProcessStatsService: Prepared write state in 0ms
05-08 14:22:54.616  2491  2505 I ProcessStatsService: Prepared write state in 0ms
05-08 14:32:36.431  2491  2506 I ActivityManager: Config changes=480 {1.0 310mcc260mnc en_US ldltr sw411dp w689dp h387dp 420dpi nrml land finger -keyb/v/h dpad/v s.13}
05-08 14:32:36.533  2491  6029 I ActivityManager: Start proc 29717:android.process.acore/u0a2 for content provider com.android.providers.contacts/.ContactsProvider2
05-08 14:32:36.829  2491  2510 I WindowManager: Screen frozen for +467ms due to Window{61e8143 u0 NavigationBar}
05-08 14:32:36.865  2491  6030 I ActivityManager: Killing 23102:com.android.defcontainer/u0a4 (adj 15): empty for 6641s
05-08 14:33:00.155  2491  2506 I ActivityManager: Config changes=480 {1.0 310mcc260mnc en_US ldltr sw411dp w411dp h659dp 420dpi nrml port finger -keyb/v/h dpad/v s.14}
05-08 14:33:00.463  2491  2510 I WindowManager: Screen frozen for +362ms due to Window{61e8143 u0 NavigationBar}
05-08 14:35:19.065  2491  2663 W InputMethodManagerService: Window already focused, ignoring focus gain of: com.android.internal.view.IInputMethodClient$Stub$Proxy@af9d4d4 attribute=android.view.inputmethod.EditorInfo@b30667d, token = android.os.BinderProxy@89672ec
05-08 14:36:26.306 27808 27808 W ViewRootImpl: Dropping event due to root view being removed: KeyEvent { action=ACTION_UP, keyCode=KEYCODE_R, scanCode=19, metaState=0, flags=0x8, repeatCount=0, eventTime=78593443, downTime=78593442, deviceId=0, source=0x301 }
05-08 14:37:54.726  2491  2504 I UsageStatsService: User[0] Flushing usage stats to disk
05-08 14:38:04.493  2491  2505 I ActivityManager: Killing 28848:com.google.android.gms.ui/u0a8 (adj 15): empty for 3049s
05-08 14:38:07.264  2491  2664 I ActivityManager: START u0 {act=com.android.systemui.recents.SHOW_RECENTS flg=0x10804000 cmp=com.android.systemui/.recents.RecentsActivity} from uid 10015 on display 0
05-08 14:38:08.883  2491  2756 I ActivityManager: START u0 {flg=0x10100000 cmp=com.myapp/.MainActivity} from uid 0 on display 0
05-08 14:38:32.695  2491  2515 I ActivityManager: Start proc 29849:com.android.defcontainer/u0a4 for service com.android.defcontainer/.DefaultContainerService
05-08 14:38:35.902  2491  2505 I ActivityManager: Force stopping com.myapp appid=10061 user=-1: uninstall pkg
05-08 14:38:35.902  2491  2505 I ActivityManager: Killing 27808:com.myapp/u0a61 (adj 0): stop com.myapp
05-08 14:38:35.934  2491  2515 I PackageManager: Package com.myapp codePath changed from /data/app/com.myapp-2 to /data/app/com.myapp-1; Retaining data and using new
05-08 14:38:35.935  2491  2515 W PackageManager: Code path for com.myapp changing from /data/app/com.myapp-2 to /data/app/com.myapp-1
05-08 14:38:35.935  2491  2515 W PackageManager: Resource path for com.myapp changing from /data/app/com.myapp-2 to /data/app/com.myapp-1
05-08 14:38:35.938  2491  2503 I WindowState: WIN DEATH: Window{6da4e46 u0 com.myapp/com.myapp.MainActivity}
05-08 14:38:35.938  2491  2503 W WindowManager: Force-removing child win Window{1b8eda3 u0 PopupWindow:d6a6015} from container Window{6da4e46 u0 com.myapp/com.myapp.MainActivity}
05-08 14:38:35.944  2491  2505 W ActivityManager: Force removing ActivityRecord{1a647a u0 com.myapp/.MainActivity t20}: app died, no saved state
05-08 14:38:35.949  2491  6029 W WindowManager: Failed looking up window
05-08 14:38:35.949  2491  6029 W WindowManager: java.lang.IllegalArgumentException: Requested window android.os.BinderProxy@15d08d2 does not exist
05-08 14:38:35.949  2491  6029 W WindowManager: 	at com.android.server.wm.WindowManagerService.windowForClientLocked(WindowManagerService.java:8733)
05-08 14:38:35.949  2491  6029 W WindowManager: 	at com.android.server.wm.WindowManagerService.windowForClientLocked(WindowManagerService.java:8724)
05-08 14:38:35.949  2491  6029 W WindowManager: 	at com.android.server.wm.WindowState$DeathRecipient.binderDied(WindowState.java:1209)
05-08 14:38:35.949  2491  6029 W WindowManager: 	at android.os.BinderProxy.sendDeathNotice(Binder.java:558)
05-08 14:38:35.949  2491  6029 I WindowState: WIN DEATH: null
05-08 14:38:35.993  2491  2505 I ActivityManager: Force stopping com.myapp appid=10061 user=-1: replace pkg
05-08 14:38:35.995  2491  2751 W ActivityManager: Spurious death for ProcessRecord{9554a82 0:com.myapp/u0a61}, curProc for 27808: null
05-08 14:38:36.080  2491  2515 W PackageManager: Couldn't remove dex file for package:  at location /data/app/com.myapp-2/base.apk, retcode=-1
05-08 14:38:36.091  2491  2515 I ActivityManager: Force stopping com.myapp appid=10061 user=0: pkg removed
05-08 14:38:36.224  2491  2751 W InputMethodManagerService: Got RemoteException sending setActive(false) notification to pid 27808 uid 10061
05-08 14:38:36.259  2491  2491 D JobSchedulerService: Receieved: android.intent.action.PACKAGE_REMOVED
05-08 14:38:36.445  2491  3290 I ActivityManager: Start proc 29883:com.android.keychain/1000 for broadcast com.android.keychain/.KeyChainBroadcastReceiver
05-08 14:38:36.563 29883 29883 W ContextImpl: Calling a method in the system process without a qualified user: android.app.ContextImpl.startService:1221 android.content.ContextWrapper.startService:581 android.content.ContextWrapper.startService:581 com.android.keychain.KeyChainBroadcastReceiver.onReceive:12 android.app.ActivityThread.handleReceiver:2725 
05-08 14:38:36.698  2491  2755 I ActivityManager: Start proc 29899:com.svox.pico/u0a45 for broadcast com.svox.pico/.VoiceDataInstallerReceiver
05-08 14:38:37.155  2491  2752 I ActivityManager: Killing 29031:com.android.providers.calendar/u0a1 (adj 15): empty for 2601s
05-08 14:38:37.207  2491  2503 I ActivityManager: START u0 {flg=0x10000000 cmp=com.myapp/.MainActivity} from uid 0 on display 0
05-08 14:38:37.232  2491  2756 I ActivityManager: Start proc 29925:com.myapp/u0a61 for activity com.myapp/.MainActivity
05-08 14:38:42.789  2491  6029 I ActivityManager: Killing 29012:com.google.android.calendar/u0a22 (adj 15): empty for 2605s
05-08 14:38:57.647 29925 29925 W ViewRootImpl: Dropping event due to root view being removed: KeyEvent { action=ACTION_UP, keyCode=KEYCODE_R, scanCode=19, metaState=0, flags=0x8, repeatCount=0, eventTime=78744782, downTime=78744782, deviceId=0, source=0x301 }
05-08 14:39:11.242  2491  3800 W InputMethodManagerService: Window already focused, ignoring focus gain of: com.android.internal.view.IInputMethodClient$Stub$Proxy@809804c attribute=null, token = android.os.BinderProxy@1066269
05-08 14:39:37.350  2491  2505 I ActivityManager: Killing 29228:com.google.android.apps.photos/u0a44 (adj 15): empty for 2073s
05-08 14:39:39.240  2491  2664 I ActivityManager: START u0 {act=com.android.systemui.recents.SHOW_RECENTS flg=0x10804000 cmp=com.android.systemui/.recents.RecentsActivity} from uid 10015 on display 0
05-08 14:39:40.712  2491  2751 I ActivityManager: START u0 {flg=0x10100000 cmp=com.myapp/.MainActivity} from uid 0 on display 0
05-08 14:39:45.400  2491  3295 W InputMethodManagerService: Window already focused, ignoring focus gain of: com.android.internal.view.IInputMethodClient$Stub$Proxy@a063afe attribute=null, token = android.os.BinderProxy@2ae955a
05-08 14:40:05.522  2491  3814 I ActivityManager: START u0 {act=android.intent.action.MAIN cat=[android.intent.category.LAUNCHER] flg=0x10200000 cmp=com.myapp/.MainActivity (has extras)} from uid 10009 on display 0
05-08 14:40:05.539  2491  2505 W BroadcastQueue: Permission Denial: broadcasting Intent { act=com.android.launcher3.action.LAUNCH flg=0x10 (has extras) } from com.android.launcher3 (pid=3815, uid=10009) requires com.google.android.launcher.permission.RECEIVE_LAUNCH_BROADCASTS due to receiver com.google.android.gms/.icing.proxy.ApplicationLauncherReceiver
05-08 14:40:05.539  2491  2505 W BroadcastQueue: Permission Denial: receiving Intent { act=com.android.launcher3.action.LAUNCH flg=0x10 (has extras) } to com.google.android.gms/.chimera.GmsIntentOperationService$GmsExternalReceiver requires com.android.launcher3.permission.RECEIVE_LAUNCH_BROADCASTS due to sender com.android.launcher3 (uid 10009)
05-08 14:40:05.539  2491  2505 W BroadcastQueue: Permission Denial: broadcasting Intent { act=com.android.launcher3.action.LAUNCH flg=0x10 (has extras) } from com.android.launcher3 (pid=3815, uid=10009) requires com.google.android.launcher.permission.RECEIVE_LAUNCH_BROADCASTS due to receiver com.google.android.googlequicksearchbox/com.google.android.search.core.icingsync.ApplicationLaunchReceiver
05-08 14:41:23.541  2491  2505 I ActivityManager: Force stopping com.myapp appid=10061 user=-1: uninstall pkg
05-08 14:41:23.541  2491  2505 I ActivityManager: Killing 29925:com.myapp/u0a61 (adj 0): stop com.myapp
05-08 14:41:23.566  2491  2515 I PackageManager: Package com.myapp codePath changed from /data/app/com.myapp-1 to /data/app/com.myapp-2; Retaining data and using new
05-08 14:41:23.566  2491  2515 W PackageManager: Code path for com.myapp changing from /data/app/com.myapp-1 to /data/app/com.myapp-2
05-08 14:41:23.566  2491  2515 W PackageManager: Resource path for com.myapp changing from /data/app/com.myapp-1 to /data/app/com.myapp-2
05-08 14:41:23.603  2491  2664 I WindowState: WIN DEATH: Window{b2e9c9d u0 com.myapp/com.myapp.MainActivity}
05-08 14:41:23.612  2491  2505 W ActivityManager: Force removing ActivityRecord{7b55fae u0 com.myapp/.MainActivity t22}: app died, no saved state
05-08 14:41:23.623  2491  2505 I ActivityManager: Force stopping com.myapp appid=10061 user=-1: replace pkg
05-08 14:41:23.625  2491  3799 W ActivityManager: Spurious death for ProcessRecord{cac8e22 0:com.myapp/u0a61}, curProc for 29925: null
05-08 14:41:23.670  2491  2515 W PackageManager: Couldn't remove dex file for package:  at location /data/app/com.myapp-1/base.apk, retcode=-1
05-08 14:41:23.673  2491  2515 I ActivityManager: Force stopping com.myapp appid=10061 user=0: pkg removed
05-08 14:41:23.779  2491  2491 D JobSchedulerService: Receieved: android.intent.action.PACKAGE_REMOVED
05-08 14:41:23.797  2491  2503 W InputMethodManagerService: Got RemoteException sending setActive(false) notification to pid 29925 uid 10061
05-08 14:41:23.960 29883 29883 W ContextImpl: Calling a method in the system process without a qualified user: android.app.ContextImpl.startService:1221 android.content.ContextWrapper.startService:581 android.content.ContextWrapper.startService:581 com.android.keychain.KeyChainBroadcastReceiver.onReceive:12 android.app.ActivityThread.handleReceiver:2725 
05-08 14:41:24.625  2491  2755 I ActivityManager: START u0 {flg=0x10000000 cmp=com.myapp/.MainActivity} from uid 0 on display 0
05-08 14:41:24.647  2491  2752 I ActivityManager: Start proc 30079:com.myapp/u0a61 for activity com.myapp/.MainActivity
05-08 14:46:32.939  2491  2507 E KernelCpuSpeedReader: Failed to read cpu-freq
05-08 14:46:32.939  2491  2507 E KernelCpuSpeedReader: java.io.FileNotFoundException: /sys/devices/system/cpu/cpu0/cpufreq/stats/time_in_state: open failed: ENOENT (No such file or directory)
05-08 14:46:32.939  2491  2507 E KernelCpuSpeedReader: 	at libcore.io.IoBridge.open(IoBridge.java:452)
05-08 14:46:32.939  2491  2507 E KernelCpuSpeedReader: 	at java.io.FileInputStream.<init>(FileInputStream.java:76)
05-08 14:46:32.939  2491  2507 E KernelCpuSpeedReader: 	at java.io.FileInputStream.<init>(FileInputStream.java:103)
05-08 14:46:32.939  2491  2507 E KernelCpuSpeedReader: 	at java.io.FileReader.<init>(FileReader.java:66)
05-08 14:46:32.939  2491  2507 E KernelCpuSpeedReader: 	at com.android.internal.os.KernelCpuSpeedReader.readDelta(KernelCpuSpeedReader.java:49)
05-08 14:46:32.939  2491  2507 E KernelCpuSpeedReader: 	at com.android.internal.os.BatteryStatsImpl.updateCpuTimeLocked(BatteryStatsImpl.java:8002)
05-08 14:46:32.939  2491  2507 E KernelCpuSpeedReader: 	at com.android.server.am.BatteryStatsService.updateExternalStats(BatteryStatsService.java:1366)
05-08 14:46:32.939  2491  2507 E KernelCpuSpeedReader: 	at com.android.server.am.BatteryStatsService$BatteryStatsHandler.handleMessage(BatteryStatsService.java:125)
05-08 14:46:32.939  2491  2507 E KernelCpuSpeedReader: 	at android.os.Handler.dispatchMessage(Handler.java:102)
05-08 14:46:32.939  2491  2507 E KernelCpuSpeedReader: 	at android.os.Looper.loop(Looper.java:148)
05-08 14:46:32.939  2491  2507 E KernelCpuSpeedReader: 	at android.os.HandlerThread.run(HandlerThread.java:61)
05-08 14:46:32.939  2491  2507 E KernelCpuSpeedReader: 	at com.android.server.ServiceThread.run(ServiceThread.java:46)
05-08 14:46:32.939  2491  2507 E KernelCpuSpeedReader: Caused by: android.system.ErrnoException: open failed: ENOENT (No such file or directory)
05-08 14:46:32.939  2491  2507 E KernelCpuSpeedReader: 	at libcore.io.Posix.open(Native Method)
05-08 14:46:32.939  2491  2507 E KernelCpuSpeedReader: 	at libcore.io.BlockGuardOs.open(BlockGuardOs.java:186)
05-08 14:46:32.939  2491  2507 E KernelCpuSpeedReader: 	at libcore.io.IoBridge.open(IoBridge.java:438)
05-08 14:46:32.939  2491  2507 E KernelCpuSpeedReader: 	... 11 more
05-08 14:46:32.940  2491  2507 E KernelUidCpuTimeReader: Failed to read uid_cputime
05-08 14:46:32.940  2491  2507 E KernelUidCpuTimeReader: java.io.FileNotFoundException: /proc/uid_cputime/show_uid_stat: open failed: ENOENT (No such file or directory)
05-08 14:46:32.940  2491  2507 E KernelUidCpuTimeReader: 	at libcore.io.IoBridge.open(IoBridge.java:452)
05-08 14:46:32.940  2491  2507 E KernelUidCpuTimeReader: 	at java.io.FileInputStream.<init>(FileInputStream.java:76)
05-08 14:46:32.940  2491  2507 E KernelUidCpuTimeReader: 	at java.io.FileInputStream.<init>(FileInputStream.java:103)
05-08 14:46:32.940  2491  2507 E KernelUidCpuTimeReader: 	at java.io.FileReader.<init>(FileReader.java:66)
05-08 14:46:32.940  2491  2507 E KernelUidCpuTimeReader: 	at com.android.internal.os.KernelUidCpuTimeReader.readDelta(KernelUidCpuTimeReader.java:71)
05-08 14:46:32.940  2491  2507 E KernelUidCpuTimeReader: 	at com.android.internal.os.BatteryStatsImpl.updateCpuTimeLocked(BatteryStatsImpl.java:8031)
05-08 14:46:32.940  2491  2507 E KernelUidCpuTimeReader: 	at com.android.server.am.BatteryStatsService.updateExternalStats(BatteryStatsService.java:1366)
05-08 14:46:32.940  2491  2507 E KernelUidCpuTimeReader: 	at com.android.server.am.BatteryStatsService$BatteryStatsHandler.handleMessage(BatteryStatsService.java:125)
05-08 14:46:32.940  2491  2507 E KernelUidCpuTimeReader: 	at android.os.Handler.dispatchMessage(Handler.java:102)
05-08 14:46:32.940  2491  2507 E KernelUidCpuTimeReader: 	at android.os.Looper.loop(Looper.java:148)
05-08 14:46:32.940  2491  2507 E KernelUidCpuTimeReader: 	at android.os.HandlerThread.run(HandlerThread.java:61)
05-08 14:46:32.940  2491  2507 E KernelUidCpuTimeReader: 	at com.android.server.ServiceThread.run(ServiceThread.java:46)
05-08 14:46:32.940  2491  2507 E KernelUidCpuTimeReader: Caused by: android.system.ErrnoException: open failed: ENOENT (No such file or directory)
05-08 14:46:32.940  2491  2507 E KernelUidCpuTimeReader: 	at libcore.io.Posix.open(Native Method)
05-08 14:46:32.940  2491  2507 E KernelUidCpuTimeReader: 	at libcore.io.BlockGuardOs.open(BlockGuardOs.java:186)
05-08 14:46:32.940  2491  2507 E KernelUidCpuTimeReader: 	at libcore.io.IoBridge.open(IoBridge.java:438)
05-08 14:46:32.940  2491  2507 E KernelUidCpuTimeReader: 	... 11 more
05-08 14:50:44.784  2491  2755 W InputMethodManagerService: Window already focused, ignoring focus gain of: com.android.internal.view.IInputMethodClient$Stub$Proxy@d47d969 attribute=null, token = android.os.BinderProxy@58dc442
05-08 14:52:55.628  2491  2505 I ProcessStatsService: Prepared write state in 1ms
05-08 14:52:55.629  2491  2505 I ProcessStatsService: Prepared write state in 1ms
05-08 14:58:04.494  2491  2504 I UsageStatsService: User[0] Flushing usage stats to disk
05-08 15:08:07.932  2491  2664 I ActivityManager: START u0 {act=android.intent.action.VIEW dat=https://www.amazon.com/... flg=0x10000000 cmp=com.android.browser/.BrowserActivity} from uid 10061 on display 0
05-08 15:08:07.988  2491  2751 I ActivityManager: Start proc 30536:com.android.browser/u0a20 for activity com.android.browser/.BrowserActivity
05-08 15:08:08.081  2491  2752 I ActivityManager: START u0 {act=android.intent.action.VIEW dat=https://www.amazon.com/... flg=0x10000000 cmp=com.android.browser/.BrowserActivity} from uid 10061 on display 0
05-08 15:08:24.111  2491  3800 I ActivityManager: moveTaskToBack: TaskRecord{691156e #24 A=android.task.browser U=0 sz=1}
05-08 15:08:31.260  2491  2756 I ActivityManager: START u0 {act=android.intent.action.VIEW dat=https://www.amazon.com/... flg=0x10000000 cmp=com.android.browser/.BrowserActivity} from uid 10061 on display 0
05-08 15:08:44.983  2491  2503 I ActivityManager: moveTaskToBack: TaskRecord{691156e #24 A=android.task.browser U=0 sz=1}
05-08 15:12:11.536 30079 30079 W ViewRootImpl: Dropping event due to root view being removed: KeyEvent { action=ACTION_UP, keyCode=KEYCODE_R, scanCode=19, metaState=0, flags=0x8, repeatCount=0, eventTime=80738673, downTime=80738673, deviceId=0, source=0x301 }
05-08 15:12:15.957  2491  2664 I ActivityManager: START u0 {act=android.intent.action.VIEW dat=https://www.amazon.com/... flg=0x10000000 cmp=com.android.browser/.BrowserActivity} from uid 10061 on display 0
05-08 15:12:16.028  2491  6029 W InputMethodManagerService: Starting input on non-focused client com.android.internal.view.IInputMethodClient$Stub$Proxy@3c4c1c7 (uid=10020 pid=30536)
05-08 15:12:16.029  2491  2756 W InputMethodManagerService: Starting input on non-focused client com.android.internal.view.IInputMethodClient$Stub$Proxy@3c4c1c7 (uid=10020 pid=30536)
05-08 15:12:19.337  2491  2663 I ActivityManager: moveTaskToBack: TaskRecord{691156e #24 A=android.task.browser U=0 sz=1}
05-08 15:12:23.917  2491  2756 I ActivityManager: START u0 {act=android.intent.action.VIEW dat=https://www.amazon.com/... flg=0x10000000 cmp=com.android.browser/.BrowserActivity} from uid 10061 on display 0
05-08 15:12:27.458  2491  3799 I ActivityManager: moveTaskToBack: TaskRecord{691156e #24 A=android.task.browser U=0 sz=1}
05-08 15:12:40.917  2491  3295 I ActivityManager: START u0 {act=android.intent.action.VIEW dat=https://www.amazon.com/... flg=0x10000000 cmp=com.android.browser/.BrowserActivity} from uid 10061 on display 0
05-08 15:12:40.984  2491  2503 W InputMethodManagerService: Starting input on non-focused client com.android.internal.view.IInputMethodClient$Stub$Proxy@3c4c1c7 (uid=10020 pid=30536)
05-08 15:12:40.985  2491  3814 W InputMethodManagerService: Starting input on non-focused client com.android.internal.view.IInputMethodClient$Stub$Proxy@3c4c1c7 (uid=10020 pid=30536)
05-08 15:12:40.986  2491  6029 W InputMethodManagerService: Starting input on non-focused client com.android.internal.view.IInputMethodClient$Stub$Proxy@3c4c1c7 (uid=10020 pid=30536)
05-08 15:12:40.996  2491  2502 W InputMethodManagerService: Starting input on non-focused client com.android.internal.view.IInputMethodClient$Stub$Proxy@3c4c1c7 (uid=10020 pid=30536)
05-08 15:12:44.911  2491  3814 I ActivityManager: moveTaskToBack: TaskRecord{691156e #24 A=android.task.browser U=0 sz=1}
05-08 15:12:51.965  2491  2502 I ActivityManager: START u0 {act=com.android.systemui.recents.SHOW_RECENTS flg=0x10804000 cmp=com.android.systemui/.recents.RecentsActivity} from uid 10015 on display 0
05-08 15:12:56.207  2491  3814 I ActivityManager: Killing 26843:com.google.android.gms.unstable/u0a8 (adj 15): empty for 3296s
05-08 15:12:56.257  2491  3814 I ActivityManager: Killing 30536:com.android.browser/u0a20 (adj 9): remove task
05-08 15:12:56.279  2491  3290 I WindowState: WIN DEATH: Window{f05c03c u0 com.android.browser/com.android.browser.BrowserActivity}
05-08 15:12:57.176  2491  2757 I ActivityManager: START u0 {flg=0x10100000 cmp=com.myapp/.MainActivity} from uid 0 on display 0
05-08 15:13:27.175  2491  2752 I ActivityManager: START u0 {act=com.android.systemui.recents.SHOW_RECENTS flg=0x10804000 cmp=com.android.systemui/.recents.RecentsActivity} from uid 10015 on display 0
--------- beginning of main
05-08 15:13:27.226  2214  2531 D AudioFlinger: mixer(0xb43c0000) throttle end: throttle time(11)
05-08 15:13:27.241  3815  3870 D EGL_emulation: eglMakeCurrent: 0xaa9bdae0: ver 2 0 (tinfo 0xaa9a9710)
05-08 15:13:27.244  3815  3870 E Surface : getSlotFromBufferLocked: unknown buffer: 0xaa982140
05-08 15:13:28.939  2491  3814 I ActivityManager: START u0 {flg=0x10100000 cmp=com.myapp/.MainActivity} from uid 0 on display 0
