05-04 15:09:20.511  2491  2507 E KernelUidCpuTimeReader: 	at java.io.FileInputStream.<init>(FileInputStream.java:76)
05-04 15:09:20.511  2491  2507 E KernelUidCpuTimeReader: 	at java.io.FileInputStream.<init>(FileInputStream.java:103)
05-04 15:09:20.511  2491  2507 E KernelUidCpuTimeReader: 	at java.io.FileReader.<init>(FileReader.java:66)
05-04 15:09:20.511  2491  2507 E KernelUidCpuTimeReader: 	at com.android.internal.os.KernelUidCpuTimeReader.readDelta(KernelUidCpuTimeReader.java:71)
05-04 15:09:20.511  2491  2507 E KernelUidCpuTimeReader: 	at com.android.internal.os.BatteryStatsImpl.updateCpuTimeLocked(BatteryStatsImpl.java:8031)
05-04 15:09:20.511  2491  2507 E KernelUidCpuTimeReader: 	at com.android.server.am.BatteryStatsService.updateExternalStats(BatteryStatsService.java:1366)
05-04 15:09:20.511  2491  2507 E KernelUidCpuTimeReader: 	at com.android.server.am.BatteryStatsService$BatteryStatsHandler.handleMessage(BatteryStatsService.java:125)
05-04 15:09:20.511  2491  2507 E KernelUidCpuTimeReader: 	at android.os.Handler.dispatchMessage(Handler.java:102)
05-04 15:09:20.511  2491  2507 E KernelUidCpuTimeReader: 	at android.os.Looper.loop(Looper.java:148)
05-04 15:09:20.511  2491  2507 E KernelUidCpuTimeReader: 	at android.os.HandlerThread.run(HandlerThread.java:61)
05-04 15:09:20.511  2491  2507 E KernelUidCpuTimeReader: 	at com.android.server.ServiceThread.run(ServiceThread.java:46)
05-04 15:09:20.511  2491  2507 E KernelUidCpuTimeReader: Caused by: android.system.ErrnoException: open failed: ENOENT (No such file or directory)
05-04 15:09:20.511  2491  2507 E KernelUidCpuTimeReader: 	at libcore.io.Posix.open(Native Method)
05-04 15:09:20.511  2491  2507 E KernelUidCpuTimeReader: 	at libcore.io.BlockGuardOs.open(BlockGuardOs.java:186)
05-04 15:09:20.511  2491  2507 E KernelUidCpuTimeReader: 	at libcore.io.IoBridge.open(IoBridge.java:438)
05-04 15:09:20.511  2491  2507 E KernelUidCpuTimeReader: 	... 11 more
05-04 15:12:00.021  2491  2505 I ProcessStatsService: Prepared write state in 1ms
05-04 15:35:06.282 11355 11355 W ViewRootImpl: Dropping event due to root view being removed: KeyEvent { action=ACTION_UP, keyCode=KEYCODE_R, scanCode=19, metaState=0, flags=0x8, repeatCount=0, eventTime=31673547, downTime=31673547, deviceId=0, source=0x301 }
05-04 15:35:44.163 11355 11355 W ViewRootImpl: Dropping event due to root view being removed: KeyEvent { action=ACTION_UP, keyCode=KEYCODE_R, scanCode=19, metaState=0, flags=0x8, repeatCount=0, eventTime=31711430, downTime=31711429, deviceId=0, source=0x301 }
05-04 15:37:28.998 11355 11355 W ViewRootImpl: Dropping event due to root view being removed: KeyEvent { action=ACTION_UP, keyCode=KEYCODE_R, scanCode=19, metaState=0, flags=0x8, repeatCount=0, eventTime=31816265, downTime=31816264, deviceId=0, source=0x301 }
05-04 15:42:25.532 11355 11355 W ViewRootImpl: Dropping event due to root view being removed: KeyEvent { action=ACTION_UP, keyCode=KEYCODE_R, scanCode=19, metaState=0, flags=0x8, repeatCount=0, eventTime=32112801, downTime=32112801, deviceId=0, source=0x301 }
05-04 15:43:31.170 11355 11355 W ViewRootImpl: Dropping event due to root view being removed: KeyEvent { action=ACTION_UP, keyCode=KEYCODE_R, scanCode=19, metaState=0, flags=0x8, repeatCount=0, eventTime=32178438, downTime=32178438, deviceId=0, source=0x301 }
05-04 15:44:26.423 11355 11355 W ViewRootImpl: Dropping event due to root view being removed: KeyEvent { action=ACTION_UP, keyCode=KEYCODE_R, scanCode=19, metaState=0, flags=0x8, repeatCount=0, eventTime=32233688, downTime=32233688, deviceId=0, source=0x301 }
05-04 15:44:27.663 11355 11355 W ViewRootImpl: Dropping event due to root view being removed: KeyEvent { action=ACTION_UP, keyCode=KEYCODE_R, scanCode=19, metaState=0, flags=0x8, repeatCount=0, eventTime=32234930, downTime=32234930, deviceId=0, source=0x301 }
05-04 15:44:28.815 11355 11355 W ViewRootImpl: Dropping event due to root view being removed: KeyEvent { action=ACTION_UP, keyCode=KEYCODE_R, scanCode=19, metaState=0, flags=0x8, repeatCount=0, eventTime=32236084, downTime=32236084, deviceId=0, source=0x301 }
05-04 15:44:29.920 11355 11355 W ViewRootImpl: Dropping event due to root view being removed: KeyEvent { action=ACTION_UP, keyCode=KEYCODE_R, scanCode=19, metaState=0, flags=0x8, repeatCount=0, eventTime=32237190, downTime=32237189, deviceId=0, source=0x301 }
05-04 15:44:30.446 11355 11355 W ViewRootImpl: Dropping event due to no window focus: KeyEvent { action=ACTION_DOWN, keyCode=KEYCODE_R, scanCode=19, metaState=0, flags=0x8, repeatCount=0, eventTime=32237665, downTime=32237665, deviceId=0, source=0x301 }
05-04 15:44:30.446 11355 11355 W ViewRootImpl: Cancelling event due to no window focus: KeyEvent { action=ACTION_UP, keyCode=KEYCODE_R, scanCode=19, metaState=0, flags=0x28, repeatCount=0, eventTime=32237665, downTime=32237665, deviceId=0, source=0x301 }
05-04 15:44:30.446 11355 11355 W ViewRootImpl: Cancelling event due to no window focus: KeyEvent { action=ACTION_UP, keyCode=KEYCODE_R, scanCode=19, metaState=0, flags=0x28, repeatCount=0, eventTime=32237665, downTime=32237665, deviceId=0, source=0x301 }
05-04 15:44:30.447 11355 11355 W ViewRootImpl: Cancelling event due to no window focus: KeyEvent { action=ACTION_UP, keyCode=KEYCODE_R, scanCode=19, metaState=0, flags=0x28, repeatCount=0, eventTime=32237665, downTime=32237665, deviceId=0, source=0x301 }
05-04 15:44:30.447 11355 11355 W ViewRootImpl: Cancelling event due to no window focus: KeyEvent { action=ACTION_UP, keyCode=KEYCODE_R, scanCode=19, metaState=0, flags=0x28, repeatCount=0, eventTime=32237665, downTime=32237665, deviceId=0, source=0x301 }
05-04 15:44:30.447 11355 11355 W ViewRootImpl: Cancelling event due to no window focus: KeyEvent { action=ACTION_UP, keyCode=KEYCODE_R, scanCode=19, metaState=0, flags=0x28, repeatCount=0, eventTime=32237665, downTime=32237665, deviceId=0, source=0x301 }
05-04 15:44:30.447 11355 11355 W ViewRootImpl: Cancelling event due to no window focus: KeyEvent { action=ACTION_UP, keyCode=KEYCODE_R, scanCode=19, metaState=0, flags=0x28, repeatCount=0, eventTime=32237665, downTime=32237665, deviceId=0, source=0x301 }
05-04 15:44:30.447 11355 11355 W ViewRootImpl: Cancelling event due to no window focus: KeyEvent { action=ACTION_UP, keyCode=KEYCODE_R, scanCode=19, metaState=0, flags=0x28, repeatCount=0, eventTime=32237665, downTime=32237665, deviceId=0, source=0x301 }
05-04 15:44:30.447 11355 11355 W ViewRootImpl: Cancelling event due to no window focus: KeyEvent { action=ACTION_UP, keyCode=KEYCODE_R, scanCode=19, metaState=0, flags=0x28, repeatCount=0, eventTime=32237665, downTime=32237665, deviceId=0, source=0x301 }
05-04 15:44:30.447 11355 11355 W ViewRootImpl: Cancelling event due to no window focus: KeyEvent { action=ACTION_UP, keyCode=KEYCODE_R, scanCode=19, metaState=0, flags=0x28, repeatCount=0, eventTime=32237665, downTime=32237665, deviceId=0, source=0x301 }
05-04 15:44:30.522 11355 11355 W ViewRootImpl: Dropping event due to root view being removed: KeyEvent { action=ACTION_UP, keyCode=KEYCODE_R, scanCode=19, metaState=0, flags=0x8, repeatCount=0, eventTime=32237792, downTime=32237792, deviceId=0, source=0x301 }
05-04 15:46:46.967 11355 11355 W ViewRootImpl: Dropping event due to root view being removed: KeyEvent { action=ACTION_UP, keyCode=KEYCODE_R, scanCode=19, metaState=0, flags=0x8, repeatCount=0, eventTime=32374238, downTime=32374237, deviceId=0, source=0x301 }
05-04 15:47:12.759  2491  2507 E KernelCpuSpeedReader: Failed to read cpu-freq
05-04 15:47:12.759  2491  2507 E KernelCpuSpeedReader: java.io.FileNotFoundException: /sys/devices/system/cpu/cpu0/cpufreq/stats/time_in_state: open failed: ENOENT (No such file or directory)
05-04 15:47:12.759  2491  2507 E KernelCpuSpeedReader: 	at libcore.io.IoBridge.open(IoBridge.java:452)
05-04 15:47:12.759  2491  2507 E KernelCpuSpeedReader: 	at java.io.FileInputStream.<init>(FileInputStream.java:76)
05-04 15:47:12.759  2491  2507 E KernelCpuSpeedReader: 	at java.io.FileInputStream.<init>(FileInputStream.java:103)
05-04 15:47:12.759  2491  2507 E KernelCpuSpeedReader: 	at java.io.FileReader.<init>(FileReader.java:66)
05-04 15:47:12.759  2491  2507 E KernelCpuSpeedReader: 	at com.android.internal.os.KernelCpuSpeedReader.readDelta(KernelCpuSpeedReader.java:49)
05-04 15:47:12.759  2491  2507 E KernelCpuSpeedReader: 	at com.android.internal.os.BatteryStatsImpl.updateCpuTimeLocked(BatteryStatsImpl.java:8002)
05-04 15:47:12.759  2491  2507 E KernelCpuSpeedReader: 	at com.android.server.am.BatteryStatsService.updateExternalStats(BatteryStatsService.java:1366)
05-04 15:47:12.759  2491  2507 E KernelCpuSpeedReader: 	at com.android.server.am.BatteryStatsService$BatteryStatsHandler.handleMessage(BatteryStatsService.java:125)
05-04 15:47:12.759  2491  2507 E KernelCpuSpeedReader: 	at android.os.Handler.dispatchMessage(Handler.java:102)
05-04 15:47:12.759  2491  2507 E KernelCpuSpeedReader: 	at android.os.Looper.loop(Looper.java:148)
05-04 15:47:12.759  2491  2507 E KernelCpuSpeedReader: 	at android.os.HandlerThread.run(HandlerThread.java:61)
05-04 15:47:12.759  2491  2507 E KernelCpuSpeedReader: 	at com.android.server.ServiceThread.run(ServiceThread.java:46)
05-04 15:47:12.759  2491  2507 E KernelCpuSpeedReader: Caused by: android.system.ErrnoException: open failed: ENOENT (No such file or directory)
05-04 15:47:12.759  2491  2507 E KernelCpuSpeedReader: 	at libcore.io.Posix.open(Native Method)
05-04 15:47:12.759  2491  2507 E KernelCpuSpeedReader: 	at libcore.io.BlockGuardOs.open(BlockGuardOs.java:186)
05-04 15:47:12.759  2491  2507 E KernelCpuSpeedReader: 	at libcore.io.IoBridge.open(IoBridge.java:438)
05-04 15:47:12.759  2491  2507 E KernelCpuSpeedReader: 	... 11 more
05-04 15:47:12.760  2491  2507 E KernelUidCpuTimeReader: Failed to read uid_cputime
05-04 15:47:12.760  2491  2507 E KernelUidCpuTimeReader: java.io.FileNotFoundException: /proc/uid_cputime/show_uid_stat: open failed: ENOENT (No such file or directory)
05-04 15:47:12.760  2491  2507 E KernelUidCpuTimeReader: 	at libcore.io.IoBridge.open(IoBridge.java:452)
05-04 15:47:12.760  2491  2507 E KernelUidCpuTimeReader: 	at java.io.FileInputStream.<init>(FileInputStream.java:76)
05-04 15:47:12.760  2491  2507 E KernelUidCpuTimeReader: 	at java.io.FileInputStream.<init>(FileInputStream.java:103)
05-04 15:47:12.760  2491  2507 E KernelUidCpuTimeReader: 	at java.io.FileReader.<init>(FileReader.java:66)
05-04 15:47:12.760  2491  2507 E KernelUidCpuTimeReader: 	at com.android.internal.os.KernelUidCpuTimeReader.readDelta(KernelUidCpuTimeReader.java:71)
05-04 15:47:12.760  2491  2507 E KernelUidCpuTimeReader: 	at com.android.internal.os.BatteryStatsImpl.updateCpuTimeLocked(BatteryStatsImpl.java:8031)
05-04 15:47:12.760  2491  2507 E KernelUidCpuTimeReader: 	at com.android.server.am.BatteryStatsService.updateExternalStats(BatteryStatsService.java:1366)
05-04 15:47:12.760  2491  2507 E KernelUidCpuTimeReader: 	at com.android.server.am.BatteryStatsService$BatteryStatsHandler.handleMessage(BatteryStatsService.java:125)
05-04 15:47:12.760  2491  2507 E KernelUidCpuTimeReader: 	at android.os.Handler.dispatchMessage(Handler.java:102)
05-04 15:47:12.760  2491  2507 E KernelUidCpuTimeReader: 	at android.os.Looper.loop(Looper.java:148)
05-04 15:47:12.760  2491  2507 E KernelUidCpuTimeReader: 	at android.os.HandlerThread.run(HandlerThread.java:61)
05-04 15:47:12.760  2491  2507 E KernelUidCpuTimeReader: 	at com.android.server.ServiceThread.run(ServiceThread.java:46)
05-04 15:47:12.760  2491  2507 E KernelUidCpuTimeReader: Caused by: android.system.ErrnoException: open failed: ENOENT (No such file or directory)
05-04 15:47:12.760  2491  2507 E KernelUidCpuTimeReader: 	at libcore.io.Posix.open(Native Method)
05-04 15:47:12.760  2491  2507 E KernelUidCpuTimeReader: 	at libcore.io.BlockGuardOs.open(BlockGuardOs.java:186)
05-04 15:47:12.760  2491  2507 E KernelUidCpuTimeReader: 	at libcore.io.IoBridge.open(IoBridge.java:438)
05-04 15:47:12.760  2491  2507 E KernelUidCpuTimeReader: 	... 11 more
05-04 15:47:17.135 11355 11355 W ViewRootImpl: Dropping event due to root view being removed: KeyEvent { action=ACTION_UP, keyCode=KEYCODE_R, scanCode=19, metaState=0, flags=0x8, repeatCount=0, eventTime=32404400, downTime=32404400, deviceId=0, source=0x301 }
05-04 15:47:52.791  2491  2491 I EntropyMixer: Writing entropy...
05-04 15:49:59.553  2491  2505 I ProcessStatsService: Prepared write state in 0ms
05-04 15:49:59.553  2491  2505 I ProcessStatsService: Prepared write state in 1ms
05-04 15:53:00.631  2491  2504 I UsageStatsDatabase: Time changed by +7m52s246ms. files deleted: 0 files moved: 5
05-04 15:53:00.641  2491  2504 I UsageStatsService: User[0] Rollover scheduled @ 2018-05-05 05:30:00(1525478400000)
05-04 15:53:01.771  2491  2503 I ActivityManager: Start proc 13591:com.google.android.apps.photos/u0a44 for broadcast com.google.android.apps.photos/com.google.android.apps.moviemaker.app.ApplicationEnabler$Receiver
05-04 15:53:01.943  2491  3290 W ActivityManager: Unable to start service Intent { cmp=com.google.android.gms/.analytics.service.RefreshEnabledStateService } U=0: not found
05-04 15:53:05.916  2491  6029 I ActivityManager: Killing 6627:android.process.acore/u0a2 (adj 15): empty for 9870s
05-04 15:54:34.731 11355 11355 W ViewRootImpl: Dropping event due to root view being removed: KeyEvent { action=ACTION_UP, keyCode=KEYCODE_R, scanCode=19, metaState=0, flags=0x8, repeatCount=0, eventTime=32841993, downTime=32841993, deviceId=0, source=0x301 }
05-04 15:55:18.382 11355 11355 W ViewRootImpl: Dropping event due to root view being removed: KeyEvent { action=ACTION_UP, keyCode=KEYCODE_R, scanCode=19, metaState=0, flags=0x8, repeatCount=0, eventTime=32885650, downTime=32885650, deviceId=0, source=0x301 }
05-04 15:55:28.697 11355 11355 W ViewRootImpl: Dropping event due to root view being removed: KeyEvent { action=ACTION_UP, keyCode=KEYCODE_R, scanCode=19, metaState=0, flags=0x8, repeatCount=0, eventTime=32895963, downTime=32895963, deviceId=0, source=0x301 }
05-04 15:56:21.616 11355 11355 W ViewRootImpl: Dropping event due to root view being removed: KeyEvent { action=ACTION_UP, keyCode=KEYCODE_R, scanCode=19, metaState=0, flags=0x8, repeatCount=0, eventTime=32948886, downTime=32948886, deviceId=0, source=0x301 }
05-04 15:56:41.241 11355 11355 W ViewRootImpl: Dropping event due to root view being removed: KeyEvent { action=ACTION_UP, keyCode=KEYCODE_R, scanCode=19, metaState=0, flags=0x8, repeatCount=0, eventTime=32968509, downTime=32968509, deviceId=0, source=0x301 }
05-04 15:56:54.950 11355 11355 W ViewRootImpl: Dropping event due to root view being removed: KeyEvent { action=ACTION_UP, keyCode=KEYCODE_R, scanCode=19, metaState=0, flags=0x8, repeatCount=0, eventTime=32982219, downTime=32982218, deviceId=0, source=0x301 }
05-04 15:57:05.571 11355 11355 W ViewRootImpl: Dropping event due to root view being removed: KeyEvent { action=ACTION_UP, keyCode=KEYCODE_R, scanCode=19, metaState=0, flags=0x8, repeatCount=0, eventTime=32992840, downTime=32992840, deviceId=0, source=0x301 }
05-04 15:57:17.990 11355 11355 W ViewRootImpl: Dropping event due to root view being removed: KeyEvent { action=ACTION_UP, keyCode=KEYCODE_R, scanCode=19, metaState=0, flags=0x8, repeatCount=0, eventTime=33005258, downTime=33005258, deviceId=0, source=0x301 }
05-04 15:57:24.705 11355 11355 W ViewRootImpl: Dropping event due to root view being removed: KeyEvent { action=ACTION_UP, keyCode=KEYCODE_R, scanCode=19, metaState=0, flags=0x8, repeatCount=0, eventTime=33011974, downTime=33011974, deviceId=0, source=0x301 }
05-04 15:57:25.738 11355 11355 W ViewRootImpl: Dropping event due to no window focus: KeyEvent { action=ACTION_DOWN, keyCode=KEYCODE_R, scanCode=19, metaState=0, flags=0x8, repeatCount=0, eventTime=33012987, downTime=33012987, deviceId=0, source=0x301 }
05-04 15:57:25.855 11355 11355 W ViewRootImpl: Dropping event due to root view being removed: KeyEvent { action=ACTION_UP, keyCode=KEYCODE_R, scanCode=19, metaState=0, flags=0x8, repeatCount=0, eventTime=33013120, downTime=33013120, deviceId=0, source=0x301 }
05-04 15:57:26.889 11355 11355 W ViewRootImpl: Dropping event due to root view being removed: KeyEvent { action=ACTION_UP, keyCode=KEYCODE_R, scanCode=19, metaState=0, flags=0x8, repeatCount=0, eventTime=33014145, downTime=33014145, deviceId=0, source=0x301 }
05-04 15:57:28.090 11355 11355 W ViewRootImpl: Dropping event due to root view being removed: KeyEvent { action=ACTION_UP, keyCode=KEYCODE_R, scanCode=19, metaState=0, flags=0x8, repeatCount=0, eventTime=33015350, downTime=33015349, deviceId=0, source=0x301 }
05-04 15:57:56.311 11355 11355 W ViewRootImpl: Dropping event due to root view being removed: KeyEvent { action=ACTION_UP, keyCode=KEYCODE_R, scanCode=19, metaState=0, flags=0x8, repeatCount=0, eventTime=33043580, downTime=33043580, deviceId=0, source=0x301 }
05-04 15:58:08.607 11355 11355 W ViewRootImpl: Dropping event due to root view being removed: KeyEvent { action=ACTION_UP, keyCode=KEYCODE_R, scanCode=19, metaState=0, flags=0x8, repeatCount=0, eventTime=33055875, downTime=33055875, deviceId=0, source=0x301 }
05-04 15:58:11.103 11355 11355 W ViewRootImpl: Dropping event due to root view being removed: KeyEvent { action=ACTION_UP, keyCode=KEYCODE_R, scanCode=19, metaState=0, flags=0x8, repeatCount=0, eventTime=33058368, downTime=33058368, deviceId=0, source=0x301 }
05-04 15:58:11.751 11355 11355 W ViewRootImpl: Dropping event due to no window focus: KeyEvent { action=ACTION_DOWN, keyCode=KEYCODE_R, scanCode=19, metaState=0, flags=0x8, repeatCount=0, eventTime=33058918, downTime=33058918, deviceId=0, source=0x301 }
05-04 15:58:11.821 11355 11355 W ViewRootImpl: Dropping event due to root view being removed: KeyEvent { action=ACTION_UP, keyCode=KEYCODE_R, scanCode=19, metaState=0, flags=0x8, repeatCount=0, eventTime=33059082, downTime=33059082, deviceId=0, source=0x301 }
05-04 15:58:13.222 11355 11355 W ViewRootImpl: Dropping event due to no window focus: KeyEvent { action=ACTION_DOWN, keyCode=KEYCODE_R, scanCode=19, metaState=0, flags=0x8, repeatCount=0, eventTime=33060355, downTime=33060355, deviceId=0, source=0x301 }
05-04 15:58:13.223 11355 11355 W ViewRootImpl: Cancelling event due to no window focus: KeyEvent { action=ACTION_UP, keyCode=KEYCODE_R, scanCode=19, metaState=0, flags=0x28, repeatCount=0, eventTime=33060355, downTime=33060355, deviceId=0, source=0x301 }
05-04 15:58:13.223 11355 11355 W ViewRootImpl: Cancelling event due to no window focus: KeyEvent { action=ACTION_UP, keyCode=KEYCODE_R, scanCode=19, metaState=0, flags=0x28, repeatCount=0, eventTime=33060355, downTime=33060355, deviceId=0, source=0x301 }
05-04 15:58:13.223 11355 11355 W ViewRootImpl: Cancelling event due to no window focus: KeyEvent { action=ACTION_UP, keyCode=KEYCODE_R, scanCode=19, metaState=0, flags=0x28, repeatCount=0, eventTime=33060355, downTime=33060355, deviceId=0, source=0x301 }
05-04 15:58:13.223 11355 11355 W ViewRootImpl: Cancelling event due to no window focus: KeyEvent { action=ACTION_UP, keyCode=KEYCODE_R, scanCode=19, metaState=0, flags=0x28, repeatCount=0, eventTime=33060355, downTime=33060355, deviceId=0, source=0x301 }
05-04 15:58:13.223 11355 11355 W ViewRootImpl: Cancelling event due to no window focus: KeyEvent { action=ACTION_UP, keyCode=KEYCODE_R, scanCode=19, metaState=0, flags=0x28, repeatCount=0, eventTime=33060355, downTime=33060355, deviceId=0, source=0x301 }
05-04 15:58:13.223 11355 11355 W ViewRootImpl: Cancelling event due to no window focus: KeyEvent { action=ACTION_UP, keyCode=KEYCODE_R, scanCode=19, metaState=0, flags=0x28, repeatCount=0, eventTime=33060355, downTime=33060355, deviceId=0, source=0x301 }
05-04 15:58:13.223 11355 11355 W ViewRootImpl: Cancelling event due to no window focus: KeyEvent { action=ACTION_UP, keyCode=KEYCODE_R, scanCode=19, metaState=0, flags=0x28, repeatCount=0, eventTime=33060355, downTime=33060355, deviceId=0, source=0x301 }
05-04 15:58:13.223 11355 11355 W ViewRootImpl: Cancelling event due to no window focus: KeyEvent { action=ACTION_UP, keyCode=KEYCODE_R, scanCode=19, metaState=0, flags=0x28, repeatCount=0, eventTime=33060355, downTime=33060355, deviceId=0, source=0x301 }
05-04 15:58:13.223 11355 11355 W ViewRootImpl: Cancelling event due to no window focus: KeyEvent { action=ACTION_UP, keyCode=KEYCODE_R, scanCode=19, metaState=0, flags=0x28, repeatCount=0, eventTime=33060355, downTime=33060355, deviceId=0, source=0x301 }
05-04 15:58:13.584 11355 11355 W ViewRootImpl: Dropping event due to root view being removed: KeyEvent { action=ACTION_UP, keyCode=KEYCODE_R, scanCode=19, metaState=0, flags=0x8, repeatCount=0, eventTime=33060852, downTime=33060851, deviceId=0, source=0x301 }
05-04 15:58:13.627 11355 11355 W ViewRootImpl: Dropping event due to no window focus: KeyEvent { action=ACTION_DOWN, keyCode=KEYCODE_R, scanCode=19, metaState=0, flags=0x8, repeatCount=0, eventTime=33060877, downTime=33060877, deviceId=0, source=0x301 }
05-04 15:58:14.061 11355 11355 W ViewRootImpl: Dropping event due to no window focus: KeyEvent { action=ACTION_DOWN, keyCode=KEYCODE_R, scanCode=19, metaState=0, flags=0x8, repeatCount=0, eventTime=33061083, downTime=33061083, deviceId=0, source=0x301 }
05-04 15:58:14.068 11355 11355 W ViewRootImpl: Cancelling event due to no window focus: KeyEvent { action=ACTION_UP, keyCode=KEYCODE_R, scanCode=19, metaState=0, flags=0x28, repeatCount=0, eventTime=33061083, downTime=33061083, deviceId=0, source=0x301 }
05-04 15:58:14.068 11355 11355 W ViewRootImpl: Cancelling event due to no window focus: KeyEvent { action=ACTION_UP, keyCode=KEYCODE_R, scanCode=19, metaState=0, flags=0x28, repeatCount=0, eventTime=33061083, downTime=33061083, deviceId=0, source=0x301 }
05-04 15:58:14.068 11355 11355 W ViewRootImpl: Cancelling event due to no window focus: KeyEvent { action=ACTION_UP, keyCode=KEYCODE_R, scanCode=19, metaState=0, flags=0x28, repeatCount=0, eventTime=33061083, downTime=33061083, deviceId=0, source=0x301 }
05-04 15:58:14.068 11355 11355 W ViewRootImpl: Cancelling event due to no window focus: KeyEvent { action=ACTION_UP, keyCode=KEYCODE_R, scanCode=19, metaState=0, flags=0x28, repeatCount=0, eventTime=33061083, downTime=33061083, deviceId=0, source=0x301 }
05-04 15:58:14.069 11355 11355 W ViewRootImpl: Cancelling event due to no window focus: KeyEvent { action=ACTION_UP, keyCode=KEYCODE_R, scanCode=19, metaState=0, flags=0x28, repeatCount=0, eventTime=33061083, downTime=33061083, deviceId=0, source=0x301 }
05-04 15:58:14.069 11355 11355 W ViewRootImpl: Cancelling event due to no window focus: KeyEvent { action=ACTION_UP, keyCode=KEYCODE_R, scanCode=19, metaState=0, flags=0x28, repeatCount=0, eventTime=33061083, downTime=33061083, deviceId=0, source=0x301 }
05-04 15:58:14.069 11355 11355 W ViewRootImpl: Cancelling event due to no window focus: KeyEvent { action=ACTION_UP, keyCode=KEYCODE_R, scanCode=19, metaState=0, flags=0x28, repeatCount=0, eventTime=33061083, downTime=33061083, deviceId=0, source=0x301 }
05-04 15:58:14.069 11355 11355 W ViewRootImpl: Cancelling event due to no window focus: KeyEvent { action=ACTION_UP, keyCode=KEYCODE_R, scanCode=19, metaState=0, flags=0x28, repeatCount=0, eventTime=33061083, downTime=33061083, deviceId=0, source=0x301 }
05-04 15:58:14.069 11355 11355 W ViewRootImpl: Cancelling event due to no window focus: KeyEvent { action=ACTION_UP, keyCode=KEYCODE_R, scanCode=19, metaState=0, flags=0x28, repeatCount=0, eventTime=33061083, downTime=33061083, deviceId=0, source=0x301 }
05-04 15:58:14.301 11355 11355 W ViewRootImpl: Dropping event due to no window focus: KeyEvent { action=ACTION_DOWN, keyCode=KEYCODE_R, scanCode=19, metaState=0, flags=0x8, repeatCount=0, eventTime=33061109, downTime=33061109, deviceId=0, source=0x301 }
05-04 15:58:14.302 11355 11355 W ViewRootImpl: Cancelling event due to no window focus: KeyEvent { action=ACTION_UP, keyCode=KEYCODE_R, scanCode=19, metaState=0, flags=0x28, repeatCount=0, eventTime=33061109, downTime=33061109, deviceId=0, source=0x301 }
05-04 15:58:14.302 11355 11355 W ViewRootImpl: Cancelling event due to no window focus: KeyEvent { action=ACTION_UP, keyCode=KEYCODE_R, scanCode=19, metaState=0, flags=0x28, repeatCount=0, eventTime=33061109, downTime=33061109, deviceId=0, source=0x301 }
05-04 15:58:14.302 11355 11355 W ViewRootImpl: Cancelling event due to no window focus: KeyEvent { action=ACTION_UP, keyCode=KEYCODE_R, scanCode=19, metaState=0, flags=0x28, repeatCount=0, eventTime=33061109, downTime=33061109, deviceId=0, source=0x301 }
05-04 15:58:14.302 11355 11355 W ViewRootImpl: Cancelling event due to no window focus: KeyEvent { action=ACTION_UP, keyCode=KEYCODE_R, scanCode=19, metaState=0, flags=0x28, repeatCount=0, eventTime=33061109, downTime=33061109, deviceId=0, source=0x301 }
05-04 15:58:14.302 11355 11355 W ViewRootImpl: Cancelling event due to no window focus: KeyEvent { action=ACTION_UP, keyCode=KEYCODE_R, scanCode=19, metaState=0, flags=0x28, repeatCount=0, eventTime=33061109, downTime=33061109, deviceId=0, source=0x301 }
05-04 15:58:14.302 11355 11355 W ViewRootImpl: Cancelling event due to no window focus: KeyEvent { action=ACTION_UP, keyCode=KEYCODE_R, scanCode=19, metaState=0, flags=0x28, repeatCount=0, eventTime=33061109, downTime=33061109, deviceId=0, source=0x301 }
05-04 15:58:14.313 11355 11355 W ViewRootImpl: Dropping event due to root view being removed: KeyEvent { action=ACTION_UP, keyCode=KEYCODE_R, scanCode=19, metaState=0, flags=0x28, repeatCount=0, eventTime=33061109, downTime=33061109, deviceId=0, source=0x301 }
05-04 15:58:14.317  2491  2664 W InputMethodManagerService: Window already focused, ignoring focus gain of: com.android.internal.view.IInputMethodClient$Stub$Proxy@2930ea8 attribute=null, token = android.os.BinderProxy@cc0fe1f
05-04 15:58:25.503 11355 11355 W ViewRootImpl: Dropping event due to root view being removed: KeyEvent { action=ACTION_UP, keyCode=KEYCODE_R, scanCode=19, metaState=0, flags=0x8, repeatCount=0, eventTime=33072772, downTime=33072772, deviceId=0, source=0x301 }
05-04 15:59:10.621 11355 11355 W ViewRootImpl: Dropping event due to root view being removed: KeyEvent { action=ACTION_UP, keyCode=KEYCODE_R, scanCode=19, metaState=0, flags=0x8, repeatCount=0, eventTime=33117888, downTime=33117888, deviceId=0, source=0x301 }
05-04 16:04:36.515  2491  3290 I ActivityManager: Start proc 14210:com.android.browser/u0a20 for broadcast com.android.browser/.AccountsChangedReceiver
05-04 16:04:36.669  2491  2664 I ActivityManager: Start proc 14233:com.android.exchange/u0a31 for broadcast com.android.exchange/.ExchangeBroadcastReceiver
05-04 16:04:36.729 14233 14233 E ActivityThread: Failed to find provider info for com.android.email.provider
05-04 16:04:36.743  2491  2664 I ActivityManager: Start proc 14246:com.google.process.gapps/u0a33 for broadcast com.google.android.syncadapters.contacts/.ContactsSyncAdapterBroadcastReceiver
05-04 16:04:36.754  2491  2502 W ActivityManager: Unable to start service Intent { act=com.google.android.gms.playlog.service.START pkg=com.google.android.gms } U=0: not found
05-04 16:04:36.755  2491  3799 W ActivityManager: Unbind failed: could not find connection for android.os.BinderProxy@3b09bfd
05-04 16:04:36.803  2491  2663 I ActivityManager: Killing 10383:com.android.defcontainer/u0a4 (adj 15): empty for 10556s
05-04 16:04:36.863  2491  2752 I ActivityManager: Start proc 14263:com.google.android.apps.maps/u0a39 for broadcast com.google.android.apps.maps/com.google.android.apps.gmm.ulr.UlrSettingsReceiver
05-04 16:04:36.885  2491  6029 I ActivityManager: Killing 12806:com.google.android.gms.ui/u0a8 (adj 15): empty for 4296s
05-04 16:04:37.116 14263 14288 W ActivityThread: ClassLoader.loadClass: The class loader returned by Thread.getContextClassLoader() may fail for processes that host multiple applications. You should explicitly specify a context class loader. For example: Thread.setContextClassLoader(getClass().getClassLoader());
05-04 16:04:37.131  2491  2663 I ActivityManager: Start proc 14291:com.google.android.gm/u0a47 for broadcast com.google.android.gm/.AccountsChangedReceiver
05-04 16:04:37.187 14291 14309 D ActivityThread: Loading provider com.google.android.gmail.provider;com.android.mail.notifier;com.google.android.gm.email.provider;com.google.android.gm.email.notifier: com.android.email.provider.EmailProvider
05-04 16:04:37.205  2491  2752 W ActivityManager: Unable to start service Intent { act=com.google.android.gm.email.EXCHANGE_INTENT pkg=com.google.android.gm.exchange } U=0: not found
05-04 16:04:37.205  2491  3799 W ActivityManager: Unable to start service Intent { act=com.google.android.gm.email.EXCHANGE_INTENT pkg=com.google.android.gm.exchange } U=0: not found
05-04 16:04:37.253  2491  3290 W ActivityManager: Unable to start service Intent { cmp=com.google.android.gm/com.android.email.service.AttachmentService } U=0: not found
05-04 16:04:37.265  2491  3295 W ActivityManager: Unable to start service Intent { act=com.google.android.gm.email.EXCHANGE_INTENT pkg=com.google.android.gm.exchange } U=0: not found
05-04 16:04:37.278  2491  3799 W ActivityManager: Unable to start service Intent { act=com.google.android.gm.email.EXCHANGE_INTENT pkg=com.google.android.gm.exchange } U=0: not found
05-04 16:04:37.310  2491  3799 W ActivityManager: Unable to start service Intent { act=com.google.android.gm.email.EXCHANGE_INTENT pkg=com.google.android.gm.exchange } U=0: not found
05-04 16:04:37.312  2491  3290 W ActivityManager: Unable to start service Intent { act=com.google.android.gm.email.EXCHANGE_INTENT pkg=com.google.android.gm.exchange } U=0: not found
05-04 16:04:37.324 14291 14291 E ActivityThread: Service com.android.email.service.EmailBroadcastProcessorService has leaked ServiceConnection com.android.emailcommon.service.am@fba9017 that was originally bound here
05-04 16:04:37.324 14291 14291 E ActivityThread: android.app.ServiceConnectionLeaked: Service com.android.email.service.EmailBroadcastProcessorService has leaked ServiceConnection com.android.emailcommon.service.am@fba9017 that was originally bound here
05-04 16:04:37.324 14291 14291 E ActivityThread: 	at android.app.LoadedApk$ServiceDispatcher.<init>(LoadedApk.java:1092)
05-04 16:04:37.324 14291 14291 E ActivityThread: 	at android.app.LoadedApk.getServiceDispatcher(LoadedApk.java:986)
05-04 16:04:37.324 14291 14291 E ActivityThread: 	at android.app.ContextImpl.bindServiceCommon(ContextImpl.java:1303)
05-04 16:04:37.324 14291 14291 E ActivityThread: 	at android.app.ContextImpl.bindService(ContextImpl.java:1286)
05-04 16:04:37.324 14291 14291 E ActivityThread: 	at android.content.ContextWrapper.bindService(ContextWrapper.java:604)
05-04 16:04:37.324 14291 14291 E ActivityThread: 	at com.android.emailcommon.service.ak.a(SourceFile:181)
05-04 16:04:37.324 14291 14291 E ActivityThread: 	at com.android.emailcommon.service.ak.e(SourceFile:224)
05-04 16:04:37.324 14291 14291 E ActivityThread: 	at com.android.email.service.n.c(SourceFile:177)
05-04 16:04:37.324 14291 14291 E ActivityThread: 	at com.android.email.provider.b.a(SourceFile:198)
05-04 16:04:37.324 14291 14291 E ActivityThread: 	at com.android.email.provider.b.a(SourceFile:142)
05-04 16:04:37.324 14291 14291 E ActivityThread: 	at com.android.email.service.EmailBroadcastProcessorService.c(SourceFile:349)
05-04 16:04:37.324 14291 14291 E ActivityThread: 	at com.android.email.service.EmailBroadcastProcessorService.onHandleIntent(SourceFile:1458)
05-04 16:04:37.324 14291 14291 E ActivityThread: 	at android.app.IntentService$ServiceHandler.handleMessage(IntentService.java:66)
05-04 16:04:37.324 14291 14291 E ActivityThread: 	at android.os.Handler.dispatchMessage(Handler.java:102)
05-04 16:04:37.324 14291 14291 E ActivityThread: 	at android.os.Looper.loop(Looper.java:148)
05-04 16:04:37.324 14291 14291 E ActivityThread: 	at android.os.HandlerThread.run(HandlerThread.java:61)
05-04 16:04:37.324  2491  3800 W ActivityManager: Unbind failed: could not find connection for android.os.BinderProxy@4abd7aa
05-04 16:09:36.551  2491  3814 I ActivityManager: Start proc 14445:android.process.acore/u0a2 for content provider com.android.providers.contacts/.ContactsProvider2
05-04 16:13:00.742  2491  2504 I UsageStatsService: User[0] Flushing usage stats to disk
05-04 16:17:12.758  2491  2507 E KernelCpuSpeedReader: Failed to read cpu-freq
05-04 16:17:12.758  2491  2507 E KernelCpuSpeedReader: java.io.FileNotFoundException: /sys/devices/system/cpu/cpu0/cpufreq/stats/time_in_state: open failed: ENOENT (No such file or directory)
05-04 16:17:12.758  2491  2507 E KernelCpuSpeedReader: 	at libcore.io.IoBridge.open(IoBridge.java:452)
05-04 16:17:12.758  2491  2507 E KernelCpuSpeedReader: 	at java.io.FileInputStream.<init>(FileInputStream.java:76)
05-04 16:17:12.758  2491  2507 E KernelCpuSpeedReader: 	at java.io.FileInputStream.<init>(FileInputStream.java:103)
05-04 16:17:12.758  2491  2507 E KernelCpuSpeedReader: 	at java.io.FileReader.<init>(FileReader.java:66)
05-04 16:17:12.758  2491  2507 E KernelCpuSpeedReader: 	at com.android.internal.os.KernelCpuSpeedReader.readDelta(KernelCpuSpeedReader.java:49)
05-04 16:17:12.758  2491  2507 E KernelCpuSpeedReader: 	at com.android.internal.os.BatteryStatsImpl.updateCpuTimeLocked(BatteryStatsImpl.java:8002)
05-04 16:17:12.758  2491  2507 E KernelCpuSpeedReader: 	at com.android.server.am.BatteryStatsService.updateExternalStats(BatteryStatsService.java:1366)
05-04 16:17:12.758  2491  2507 E KernelCpuSpeedReader: 	at com.android.server.am.BatteryStatsService$BatteryStatsHandler.handleMessage(BatteryStatsService.java:125)
05-04 16:17:12.758  2491  2507 E KernelCpuSpeedReader: 	at android.os.Handler.dispatchMessage(Handler.java:102)
05-04 16:17:12.758  2491  2507 E KernelCpuSpeedReader: 	at android.os.Looper.loop(Looper.java:148)
05-04 16:17:12.758  2491  2507 E KernelCpuSpeedReader: 	at android.os.HandlerThread.run(HandlerThread.java:61)
05-04 16:17:12.758  2491  2507 E KernelCpuSpeedReader: 	at com.android.server.ServiceThread.run(ServiceThread.java:46)
05-04 16:17:12.758  2491  2507 E KernelCpuSpeedReader: Caused by: android.system.ErrnoException: open failed: ENOENT (No such file or directory)
05-04 16:17:12.758  2491  2507 E KernelCpuSpeedReader: 	at libcore.io.Posix.open(Native Method)
05-04 16:17:12.758  2491  2507 E KernelCpuSpeedReader: 	at libcore.io.BlockGuardOs.open(BlockGuardOs.java:186)
05-04 16:17:12.758  2491  2507 E KernelCpuSpeedReader: 	at libcore.io.IoBridge.open(IoBridge.java:438)
05-04 16:17:12.758  2491  2507 E KernelCpuSpeedReader: 	... 11 more
05-04 16:17:12.758  2491  2507 E KernelUidCpuTimeReader: Failed to read uid_cputime
05-04 16:17:12.758  2491  2507 E KernelUidCpuTimeReader: java.io.FileNotFoundException: /proc/uid_cputime/show_uid_stat: open failed: ENOENT (No such file or directory)
05-04 16:17:12.758  2491  2507 E KernelUidCpuTimeReader: 	at libcore.io.IoBridge.open(IoBridge.java:452)
05-04 16:17:12.758  2491  2507 E KernelUidCpuTimeReader: 	at java.io.FileInputStream.<init>(FileInputStream.java:76)
05-04 16:17:12.758  2491  2507 E KernelUidCpuTimeReader: 	at java.io.FileInputStream.<init>(FileInputStream.java:103)
05-04 16:17:12.758  2491  2507 E KernelUidCpuTimeReader: 	at java.io.FileReader.<init>(FileReader.java:66)
05-04 16:17:12.758  2491  2507 E KernelUidCpuTimeReader: 	at com.android.internal.os.KernelUidCpuTimeReader.readDelta(KernelUidCpuTimeReader.java:71)
05-04 16:17:12.758  2491  2507 E KernelUidCpuTimeReader: 	at com.android.internal.os.BatteryStatsImpl.updateCpuTimeLocked(BatteryStatsImpl.java:8031)
05-04 16:17:12.758  2491  2507 E KernelUidCpuTimeReader: 	at com.android.server.am.BatteryStatsService.updateExternalStats(BatteryStatsService.java:1366)
05-04 16:17:12.758  2491  2507 E KernelUidCpuTimeReader: 	at com.android.server.am.BatteryStatsService$BatteryStatsHandler.handleMessage(BatteryStatsService.java:125)
05-04 16:17:12.758  2491  2507 E KernelUidCpuTimeReader: 	at android.os.Handler.dispatchMessage(Handler.java:102)
05-04 16:17:12.758  2491  2507 E KernelUidCpuTimeReader: 	at android.os.Looper.loop(Looper.java:148)
05-04 16:17:12.758  2491  2507 E KernelUidCpuTimeReader: 	at android.os.HandlerThread.run(HandlerThread.java:61)
05-04 16:17:12.758  2491  2507 E KernelUidCpuTimeReader: 	at com.android.server.ServiceThread.run(ServiceThread.java:46)
05-04 16:17:12.758  2491  2507 E KernelUidCpuTimeReader: Caused by: android.system.ErrnoException: open failed: ENOENT (No such file or directory)
05-04 16:17:12.758  2491  2507 E KernelUidCpuTimeReader: 	at libcore.io.Posix.open(Native Method)
05-04 16:17:12.758  2491  2507 E KernelUidCpuTimeReader: 	at libcore.io.BlockGuardOs.open(BlockGuardOs.java:186)
05-04 16:17:12.758  2491  2507 E KernelUidCpuTimeReader: 	at libcore.io.IoBridge.open(IoBridge.java:438)
05-04 16:17:12.758  2491  2507 E KernelUidCpuTimeReader: 	... 11 more
05-04 16:20:00.004  2491  2505 I ProcessStatsService: Prepared write state in 0ms
05-04 16:23:58.336  2491  6030 I ActivityManager: Killing 10681:com.google.android.gms.unstable/u0a8 (adj 15): empty for 1852s
05-04 16:25:04.760  2491  2491 V BackupManagerService: Scheduling immediate backup pass
05-04 16:25:04.761  2491  2491 W BackupManagerService: Backup pass but e=false p=true
05-04 16:35:00.002  2491  2491 I ActivityManager: Killing 14246:com.google.process.gapps/u0a33 (adj 13): empty for 1823s
05-04 16:35:00.055  2491  2491 I ActivityManager: Killing 14233:com.android.exchange/u0a31 (adj 13): empty for 1823s
05-04 16:35:00.092  2491  2491 I ActivityManager: Killing 14210:com.android.browser/u0a20 (adj 15): empty for 1823s
05-04 16:47:12.761  2491  2507 E KernelCpuSpeedReader: Failed to read cpu-freq
05-04 16:47:12.761  2491  2507 E KernelCpuSpeedReader: java.io.FileNotFoundException: /sys/devices/system/cpu/cpu0/cpufreq/stats/time_in_state: open failed: ENOENT (No such file or directory)
05-04 16:47:12.761  2491  2507 E KernelCpuSpeedReader: 	at libcore.io.IoBridge.open(IoBridge.java:452)
05-04 16:47:12.761  2491  2507 E KernelCpuSpeedReader: 	at java.io.FileInputStream.<init>(FileInputStream.java:76)
05-04 16:47:12.761  2491  2507 E KernelCpuSpeedReader: 	at java.io.FileInputStream.<init>(FileInputStream.java:103)
05-04 16:47:12.761  2491  2507 E KernelCpuSpeedReader: 	at java.io.FileReader.<init>(FileReader.java:66)
05-04 16:47:12.761  2491  2507 E KernelCpuSpeedReader: 	at com.android.internal.os.KernelCpuSpeedReader.readDelta(KernelCpuSpeedReader.java:49)
05-04 16:47:12.761  2491  2507 E KernelCpuSpeedReader: 	at com.android.internal.os.BatteryStatsImpl.updateCpuTimeLocked(BatteryStatsImpl.java:8002)
05-04 16:47:12.761  2491  2507 E KernelCpuSpeedReader: 	at com.android.server.am.BatteryStatsService.updateExternalStats(BatteryStatsService.java:1366)
05-04 16:47:12.761  2491  2507 E KernelCpuSpeedReader: 	at com.android.server.am.BatteryStatsService$BatteryStatsHandler.handleMessage(BatteryStatsService.java:125)
05-04 16:47:12.761  2491  2507 E KernelCpuSpeedReader: 	at android.os.Handler.dispatchMessage(Handler.java:102)
05-04 16:47:12.761  2491  2507 E KernelCpuSpeedReader: 	at android.os.Looper.loop(Looper.java:148)
05-04 16:47:12.761  2491  2507 E KernelCpuSpeedReader: 	at android.os.HandlerThread.run(HandlerThread.java:61)
05-04 16:47:12.761  2491  2507 E KernelCpuSpeedReader: 	at com.android.server.ServiceThread.run(ServiceThread.java:46)
05-04 16:47:12.761  2491  2507 E KernelCpuSpeedReader: Caused by: android.system.ErrnoException: open failed: ENOENT (No such file or directory)
05-04 16:47:12.761  2491  2507 E KernelCpuSpeedReader: 	at libcore.io.Posix.open(Native Method)
05-04 16:47:12.761  2491  2507 E KernelCpuSpeedReader: 	at libcore.io.BlockGuardOs.open(BlockGuardOs.java:186)
05-04 16:47:12.761  2491  2507 E KernelCpuSpeedReader: 	at libcore.io.IoBridge.open(IoBridge.java:438)
05-04 16:47:12.761  2491  2507 E KernelCpuSpeedReader: 	... 11 more
05-04 16:47:12.762  2491  2507 E KernelUidCpuTimeReader: Failed to read uid_cputime
05-04 16:47:12.762  2491  2507 E KernelUidCpuTimeReader: java.io.FileNotFoundException: /proc/uid_cputime/show_uid_stat: open failed: ENOENT (No such file or directory)
05-04 16:47:12.762  2491  2507 E KernelUidCpuTimeReader: 	at libcore.io.IoBridge.open(IoBridge.java:452)
05-04 16:47:12.762  2491  2507 E KernelUidCpuTimeReader: 	at java.io.FileInputStream.<init>(FileInputStream.java:76)
05-04 16:47:12.762  2491  2507 E KernelUidCpuTimeReader: 	at java.io.FileInputStream.<init>(FileInputStream.java:103)
05-04 16:47:12.762  2491  2507 E KernelUidCpuTimeReader: 	at java.io.FileReader.<init>(FileReader.java:66)
05-04 16:47:12.762  2491  2507 E KernelUidCpuTimeReader: 	at com.android.internal.os.KernelUidCpuTimeReader.readDelta(KernelUidCpuTimeReader.java:71)
05-04 16:47:12.762  2491  2507 E KernelUidCpuTimeReader: 	at com.android.internal.os.BatteryStatsImpl.updateCpuTimeLocked(BatteryStatsImpl.java:8031)
05-04 16:47:12.762  2491  2507 E KernelUidCpuTimeReader: 	at com.android.server.am.BatteryStatsService.updateExternalStats(BatteryStatsService.java:1366)
05-04 16:47:12.762  2491  2507 E KernelUidCpuTimeReader: 	at com.android.server.am.BatteryStatsService$BatteryStatsHandler.handleMessage(BatteryStatsService.java:125)
05-04 16:47:12.762  2491  2507 E KernelUidCpuTimeReader: 	at android.os.Handler.dispatchMessage(Handler.java:102)
05-04 16:47:12.762  2491  2507 E KernelUidCpuTimeReader: 	at android.os.Looper.loop(Looper.java:148)
05-04 16:47:12.762  2491  2507 E KernelUidCpuTimeReader: 	at android.os.HandlerThread.run(HandlerThread.java:61)
05-04 16:47:12.762  2491  2507 E KernelUidCpuTimeReader: 	at com.android.server.ServiceThread.run(ServiceThread.java:46)
05-04 16:47:12.762  2491  2507 E KernelUidCpuTimeReader: Caused by: android.system.ErrnoException: open failed: ENOENT (No such file or directory)
05-04 16:47:12.762  2491  2507 E KernelUidCpuTimeReader: 	at libcore.io.Posix.open(Native Method)
05-04 16:47:12.762  2491  2507 E KernelUidCpuTimeReader: 	at libcore.io.BlockGuardOs.open(BlockGuardOs.java:186)
05-04 16:47:12.762  2491  2507 E KernelUidCpuTimeReader: 	at libcore.io.IoBridge.open(IoBridge.java:438)
05-04 16:47:12.762  2491  2507 E KernelUidCpuTimeReader: 	... 11 more
05-04 16:50:00.008  2491  2505 I ProcessStatsService: Prepared write state in 0ms
05-04 17:01:22.062  2491  2504 I UsageStatsDatabase: Time changed by +7m9s487ms. files deleted: 0 files moved: 5
05-04 17:01:22.073  2491  2504 I UsageStatsService: User[0] Rollover scheduled @ 2018-05-05 05:30:00(1525478400000)
05-04 17:07:22.749  2491  6029 I ActivityManager: Start proc 15541:com.google.android.gms.unstable/u0a8 for service com.google.android.gms/.droidguard.DroidGuardService
05-04 17:07:28.161  2491  3799 I ActivityManager: Killing 14263:com.google.android.apps.maps/u0a39 (adj 15): empty for 3341s
05-04 17:11:36.018 11355 11355 W ViewRootImpl: Dropping event due to root view being removed: KeyEvent { action=ACTION_UP, keyCode=KEYCODE_R, scanCode=19, metaState=0, flags=0x8, repeatCount=0, eventTime=37033798, downTime=37033798, deviceId=0, source=0x301 }
05-04 17:11:51.280 11355 11355 W ViewRootImpl: Dropping event due to root view being removed: KeyEvent { action=ACTION_UP, keyCode=KEYCODE_R, scanCode=19, metaState=0, flags=0x8, repeatCount=0, eventTime=37049063, downTime=37049063, deviceId=0, source=0x301 }
05-04 17:12:09.148 11355 11355 W ViewRootImpl: Dropping event due to root view being removed: KeyEvent { action=ACTION_UP, keyCode=KEYCODE_R, scanCode=19, metaState=0, flags=0x8, repeatCount=0, eventTime=37066931, downTime=37066930, deviceId=0, source=0x301 }
05-04 17:13:09.870 11355 11355 W ViewRootImpl: Dropping event due to root view being removed: KeyEvent { action=ACTION_UP, keyCode=KEYCODE_R, scanCode=19, metaState=0, flags=0x8, repeatCount=0, eventTime=37127652, downTime=37127652, deviceId=0, source=0x301 }
05-04 17:13:45.727 11355 11355 W ViewRootImpl: Dropping event due to root view being removed: KeyEvent { action=ACTION_UP, keyCode=KEYCODE_R, scanCode=19, metaState=0, flags=0x8, repeatCount=0, eventTime=37163511, downTime=37163511, deviceId=0, source=0x301 }
05-04 17:21:22.168  2491  2504 I UsageStatsService: User[0] Flushing usage stats to disk
05-04 17:24:22.248  2491  2507 E KernelCpuSpeedReader: Failed to read cpu-freq
05-04 17:24:22.248  2491  2507 E KernelCpuSpeedReader: java.io.FileNotFoundException: /sys/devices/system/cpu/cpu0/cpufreq/stats/time_in_state: open failed: ENOENT (No such file or directory)
05-04 17:24:22.248  2491  2507 E KernelCpuSpeedReader: 	at libcore.io.IoBridge.open(IoBridge.java:452)
05-04 17:24:22.248  2491  2507 E KernelCpuSpeedReader: 	at java.io.FileInputStream.<init>(FileInputStream.java:76)
05-04 17:24:22.248  2491  2507 E KernelCpuSpeedReader: 	at java.io.FileInputStream.<init>(FileInputStream.java:103)
05-04 17:24:22.248  2491  2507 E KernelCpuSpeedReader: 	at java.io.FileReader.<init>(FileReader.java:66)
05-04 17:24:22.248  2491  2507 E KernelCpuSpeedReader: 	at com.android.internal.os.KernelCpuSpeedReader.readDelta(KernelCpuSpeedReader.java:49)
05-04 17:24:22.248  2491  2507 E KernelCpuSpeedReader: 	at com.android.internal.os.BatteryStatsImpl.updateCpuTimeLocked(BatteryStatsImpl.java:8002)
05-04 17:24:22.248  2491  2507 E KernelCpuSpeedReader: 	at com.android.server.am.BatteryStatsService.updateExternalStats(BatteryStatsService.java:1366)
05-04 17:24:22.248  2491  2507 E KernelCpuSpeedReader: 	at com.android.server.am.BatteryStatsService$BatteryStatsHandler.handleMessage(BatteryStatsService.java:125)
05-04 17:24:22.248  2491  2507 E KernelCpuSpeedReader: 	at android.os.Handler.dispatchMessage(Handler.java:102)
05-04 17:24:22.248  2491  2507 E KernelCpuSpeedReader: 	at android.os.Looper.loop(Looper.java:148)
05-04 17:24:22.248  2491  2507 E KernelCpuSpeedReader: 	at android.os.HandlerThread.run(HandlerThread.java:61)
05-04 17:24:22.248  2491  2507 E KernelCpuSpeedReader: 	at com.android.server.ServiceThread.run(ServiceThread.java:46)
05-04 17:24:22.248  2491  2507 E KernelCpuSpeedReader: Caused by: android.system.ErrnoException: open failed: ENOENT (No such file or directory)
05-04 17:24:22.248  2491  2507 E KernelCpuSpeedReader: 	at libcore.io.Posix.open(Native Method)
05-04 17:24:22.248  2491  2507 E KernelCpuSpeedReader: 	at libcore.io.BlockGuardOs.open(BlockGuardOs.java:186)
05-04 17:24:22.248  2491  2507 E KernelCpuSpeedReader: 	at libcore.io.IoBridge.open(IoBridge.java:438)
05-04 17:24:22.248  2491  2507 E KernelCpuSpeedReader: 	... 11 more
05-04 17:24:22.248  2491  2507 E KernelUidCpuTimeReader: Failed to read uid_cputime
05-04 17:24:22.248  2491  2507 E KernelUidCpuTimeReader: java.io.FileNotFoundException: /proc/uid_cputime/show_uid_stat: open failed: ENOENT (No such file or directory)
05-04 17:24:22.248  2491  2507 E KernelUidCpuTimeReader: 	at libcore.io.IoBridge.open(IoBridge.java:452)
05-04 17:24:22.248  2491  2507 E KernelUidCpuTimeReader: 	at java.io.FileInputStream.<init>(FileInputStream.java:76)
05-04 17:24:22.248  2491  2507 E KernelUidCpuTimeReader: 	at java.io.FileInputStream.<init>(FileInputStream.java:103)
05-04 17:24:22.248  2491  2507 E KernelUidCpuTimeReader: 	at java.io.FileReader.<init>(FileReader.java:66)
05-04 17:24:22.248  2491  2507 E KernelUidCpuTimeReader: 	at com.android.internal.os.KernelUidCpuTimeReader.readDelta(KernelUidCpuTimeReader.java:71)
05-04 17:24:22.248  2491  2507 E KernelUidCpuTimeReader: 	at com.android.internal.os.BatteryStatsImpl.updateCpuTimeLocked(BatteryStatsImpl.java:8031)
05-04 17:24:22.248  2491  2507 E KernelUidCpuTimeReader: 	at com.android.server.am.BatteryStatsService.updateExternalStats(BatteryStatsService.java:1366)
05-04 17:24:22.248  2491  2507 E KernelUidCpuTimeReader: 	at com.android.server.am.BatteryStatsService$BatteryStatsHandler.handleMessage(BatteryStatsService.java:125)
05-04 17:24:22.248  2491  2507 E KernelUidCpuTimeReader: 	at android.os.Handler.dispatchMessage(Handler.java:102)
05-04 17:24:22.248  2491  2507 E KernelUidCpuTimeReader: 	at android.os.Looper.loop(Looper.java:148)
05-04 17:24:22.248  2491  2507 E KernelUidCpuTimeReader: 	at android.os.HandlerThread.run(HandlerThread.java:61)
05-04 17:24:22.248  2491  2507 E KernelUidCpuTimeReader: 	at com.android.server.ServiceThread.run(ServiceThread.java:46)
05-04 17:24:22.248  2491  2507 E KernelUidCpuTimeReader: Caused by: android.system.ErrnoException: open failed: ENOENT (No such file or directory)
05-04 17:24:22.248  2491  2507 E KernelUidCpuTimeReader: 	at libcore.io.Posix.open(Native Method)
05-04 17:24:22.248  2491  2507 E KernelUidCpuTimeReader: 	at libcore.io.BlockGuardOs.open(BlockGuardOs.java:186)
05-04 17:24:22.248  2491  2507 E KernelUidCpuTimeReader: 	at libcore.io.IoBridge.open(IoBridge.java:438)
05-04 17:24:22.248  2491  2507 E KernelUidCpuTimeReader: 	... 11 more
05-04 17:27:22.533  2491  2505 I ProcessStatsService: Prepared write state in 0ms
05-04 17:27:22.534  2491  2505 I ProcessStatsService: Prepared write state in 0ms
05-04 17:54:22.248  2491  2507 E KernelCpuSpeedReader: Failed to read cpu-freq
05-04 17:54:22.248  2491  2507 E KernelCpuSpeedReader: java.io.FileNotFoundException: /sys/devices/system/cpu/cpu0/cpufreq/stats/time_in_state: open failed: ENOENT (No such file or directory)
05-04 17:54:22.248  2491  2507 E KernelCpuSpeedReader: 	at libcore.io.IoBridge.open(IoBridge.java:452)
05-04 17:54:22.248  2491  2507 E KernelCpuSpeedReader: 	at java.io.FileInputStream.<init>(FileInputStream.java:76)
05-04 17:54:22.248  2491  2507 E KernelCpuSpeedReader: 	at java.io.FileInputStream.<init>(FileInputStream.java:103)
05-04 17:54:22.248  2491  2507 E KernelCpuSpeedReader: 	at java.io.FileReader.<init>(FileReader.java:66)
