05-08 15:31:28.564 30952 31227 I chatty  : uid=10020(com.android.browser) Thread-537 expire 1 line
05-08 15:31:28.589  2491  6030 I AccountManagerService: getTypesVisibleToCaller: isPermitted? false
05-08 15:31:28.676  1237  1237 E SELinux : avc:  denied  { find } for service=batteryproperties scontext=u:r:untrusted_app:s0:c512,c768 tcontext=u:object_r:healthd_service:s0 tclass=service_manager
05-08 15:31:28.722  1238  2057 E SurfaceFlinger: ro.sf.lcd_density must be defined as a build property
05-08 15:31:28.722 30952 31239 I chatty  : uid=10020(com.android.browser) RenderThread expire 200 lines
05-08 15:31:28.738 30952 31225 I chatty  : uid=10020(com.android.browser) Chrome_IOThread expire 1 line
05-08 15:31:28.911 30952 31242 I chatty  : uid=10020(com.android.browser) GpuThread expire 11 lines
05-08 15:31:29.036  2491  2510 I ActivityManager: Displayed com.android.browser/.BrowserActivity: +717ms
05-08 15:31:33.807  2491  2502 I AccountManagerService: getTypesVisibleToCaller: isPermitted? true
05-08 15:31:35.881  2491  2751 I ActivityManager: moveTaskToBack: TaskRecord{3f47859 #25 A=android.task.browser U=0 sz=1}
05-08 15:31:35.888  1238  1589 D gralloc_ranchu: gralloc_alloc: Creating ashmem region of size 1019904
05-08 15:31:35.896  1238  1238 E EGL_emulation: tid 1238: eglCreateSyncKHR(1881): error 0x3004 (EGL_BAD_ATTRIBUTE)
05-08 15:31:35.992  2491  2501 I art     : Background partial concurrent mark sweep GC freed 5003(401KB) AllocSpace objects, 8(232KB) LOS objects, 33% free, 8MB/12MB, paused 6.044ms total 85.274ms
05-08 15:31:39.001  2214  2531 W audio_hw_generic: Not supplying enough data to HAL, expected position 12453985 , only wrote 12317074
05-08 15:31:40.133  2491  3814 I ActivityManager: START u0 {act=android.intent.action.VIEW dat=https://www.amazon.com/... flg=0x10000000 cmp=com.android.browser/.BrowserActivity} from uid 10061 on display 0
05-08 15:31:40.136  1238  1245 D gralloc_ranchu: gralloc_alloc: Creating ashmem region of size 1019904
05-08 15:31:40.146  1238  1238 E EGL_emulation: tid 1238: eglCreateSyncKHR(1881): error 0x3004 (EGL_BAD_ATTRIBUTE)
05-08 15:31:40.180 30952 30952 I chatty  : uid=10020(com.android.browser) expire 12 lines
05-08 15:31:40.216 30952 31239 I chatty  : uid=10020(com.android.browser) RenderThread expire 842 lines
05-08 15:31:40.483 16923 16972 I chatty  : uid=10015(com.android.systemui) RenderThread expire 23 lines
05-08 15:31:40.606 30952 31242 I chatty  : uid=10020(com.android.browser) GpuThread expire 11 lines
05-08 15:31:44.491 30952 30963 I chatty  : uid=10020(com.android.browser) HeapTaskDaemon expire 1 line
05-08 15:32:10.457  2491  2663 I ActivityManager: moveTaskToBack: TaskRecord{3f47859 #25 A=android.task.browser U=0 sz=1}
05-08 15:32:10.459  1238  1245 D gralloc_ranchu: gralloc_alloc: Creating ashmem region of size 1019904
05-08 15:32:10.468  1238  1238 E EGL_emulation: tid 1238: eglCreateSyncKHR(1881): error 0x3004 (EGL_BAD_ATTRIBUTE)
05-08 15:32:10.850 16923 16972 I chatty  : uid=10015(com.android.systemui) RenderThread expire 25 lines
05-08 15:32:13.356  2214  2531 W audio_hw_generic: Not supplying enough data to HAL, expected position 12591465 , only wrote 12455223
05-08 15:32:22.866  1238  1284 D hwcomposer: hw_composer sent 3293 syncs in 60s
05-08 15:33:07.461  2491  3290 I ActivityManager: START u0 {act=android.intent.action.VIEW dat=https://www.amazon.com/... flg=0x10000000 cmp=com.android.browser/.BrowserActivity} from uid 10061 on display 0
05-08 15:33:07.465  1238  1245 D gralloc_ranchu: gralloc_alloc: Creating ashmem region of size 1019904
05-08 15:33:07.471  2491  3290 D         : HostConnection::get() New Host Connection established 0x997d16c0, tid 3290
05-08 15:33:07.473  1238  1238 E EGL_emulation: tid 1238: eglCreateSyncKHR(1881): error 0x3004 (EGL_BAD_ATTRIBUTE)
05-08 15:33:07.503 30952 30952 I chatty  : uid=10020(com.android.browser) expire 12 lines
05-08 15:33:07.554  2491  2755 W InputMethodManagerService: Starting input on non-focused client com.android.internal.view.IInputMethodClient$Stub$Proxy@acf11fb (uid=10020 pid=30952)
05-08 15:33:07.556  2491  6029 W InputMethodManagerService: Starting input on non-focused client com.android.internal.view.IInputMethodClient$Stub$Proxy@acf11fb (uid=10020 pid=30952)
05-08 15:33:07.557  2491  2751 W InputMethodManagerService: Starting input on non-focused client com.android.internal.view.IInputMethodClient$Stub$Proxy@acf11fb (uid=10020 pid=30952)
05-08 15:33:07.561  2491  3800 W InputMethodManagerService: Starting input on non-focused client com.android.internal.view.IInputMethodClient$Stub$Proxy@acf11fb (uid=10020 pid=30952)
05-08 15:33:07.605 30952 31239 I chatty  : uid=10020(com.android.browser) RenderThread expire 75 lines
05-08 15:33:07.815 30079 30101 I chatty  : uid=10061(com.myapp) RenderThread expire 10 lines
05-08 15:33:07.829 16923 16972 I chatty  : uid=10015(com.android.systemui) RenderThread expire 48 lines
05-08 15:33:07.846 30952 31242 I chatty  : uid=10020(com.android.browser) GpuThread expire 10 lines
05-08 15:33:11.923  2491  2502 I ActivityManager: moveTaskToBack: TaskRecord{3f47859 #25 A=android.task.browser U=0 sz=1}
05-08 15:33:11.934  1238  2057 D gralloc_ranchu: gralloc_alloc: Creating ashmem region of size 1019904
05-08 15:33:11.960  1238  1238 E EGL_emulation: tid 1238: eglCreateSyncKHR(1881): error 0x3004 (EGL_BAD_ATTRIBUTE)
05-08 15:33:12.125  2491  2501 W art     : Suspending all threads took: 55.537ms
05-08 15:33:12.141  2491  2501 I art     : Background partial concurrent mark sweep GC freed 1506(116KB) AllocSpace objects, 2(40KB) LOS objects, 33% free, 7MB/11MB, paused 60.713ms total 169.757ms
05-08 15:33:14.836  2214  2531 W audio_hw_generic: Not supplying enough data to HAL, expected position 12730952 , only wrote 12594033
05-08 15:33:22.866  1238  1284 D hwcomposer: hw_composer sent 3416 syncs in 60s
05-08 15:34:22.857  1238  1284 D hwcomposer: hw_composer sent 3444 syncs in 60s
05-08 15:35:16.081 30079 31323 I chatty  : uid=10061(com.myapp) expire 45 lines
05-08 15:35:16.145 30079 31325 I chatty  : uid=10061(com.myapp) mqt_native_modu expire 3 lines
05-08 15:35:16.146 30079 30079 I chatty  : uid=10061(com.myapp) expire 15 lines
05-08 15:35:16.336 30079 31324 I chatty  : uid=10061(com.myapp) mqt_js expire 4 lines
05-08 15:35:22.304 30079 31321 I chatty  : uid=10061(com.myapp) expire 1 line
05-08 15:35:22.853  1238  1284 D hwcomposer: hw_composer sent 3406 syncs in 60s
05-08 15:35:24.341  2491  2755 I ActivityManager: START u0 {act=android.intent.action.VIEW dat=https://www.amazon.com/... flg=0x10000000 cmp=com.android.browser/.BrowserActivity} from uid 10061 on display 0
05-08 15:35:24.344  1238  1248 D gralloc_ranchu: gralloc_alloc: Creating ashmem region of size 1019904
05-08 15:35:24.353  2491  2755 D         : HostConnection::get() New Host Connection established 0x996b0a80, tid 2755
05-08 15:35:24.356  1238  1238 E EGL_emulation: tid 1238: eglCreateSyncKHR(1881): error 0x3004 (EGL_BAD_ATTRIBUTE)
05-08 15:35:24.385 30952 30952 I chatty  : uid=10020(com.android.browser) expire 12 lines
05-08 15:35:24.404  2491  2752 W InputMethodManagerService: Starting input on non-focused client com.android.internal.view.IInputMethodClient$Stub$Proxy@acf11fb (uid=10020 pid=30952)
05-08 15:35:24.405  2491  3290 W InputMethodManagerService: Starting input on non-focused client com.android.internal.view.IInputMethodClient$Stub$Proxy@acf11fb (uid=10020 pid=30952)
05-08 15:35:24.407  2491  2755 W InputMethodManagerService: Starting input on non-focused client com.android.internal.view.IInputMethodClient$Stub$Proxy@acf11fb (uid=10020 pid=30952)
05-08 15:35:24.409  2491  2757 W InputMethodManagerService: Starting input on non-focused client com.android.internal.view.IInputMethodClient$Stub$Proxy@acf11fb (uid=10020 pid=30952)
05-08 15:35:24.472 30952 31239 I chatty  : uid=10020(com.android.browser) RenderThread expire 118 lines
05-08 15:35:24.684 16923 16972 I chatty  : uid=10015(com.android.systemui) RenderThread expire 25 lines
05-08 15:35:24.736 30952 31242 I chatty  : uid=10020(com.android.browser) GpuThread expire 10 lines
05-08 15:35:30.501  2491  2664 I ActivityManager: moveTaskToBack: TaskRecord{3f47859 #25 A=android.task.browser U=0 sz=1}
05-08 15:35:30.509  1238  2057 D gralloc_ranchu: gralloc_alloc: Creating ashmem region of size 1019904
05-08 15:35:30.520  1238  1238 E EGL_emulation: tid 1238: eglCreateSyncKHR(1881): error 0x3004 (EGL_BAD_ATTRIBUTE)
05-08 15:35:30.966 16923 16972 D EGL_emulation: eglMakeCurrent: 0xae414f00: ver 2 0 (tinfo 0xaa1b7370)
05-08 15:35:30.975 16923 16972 D EGL_emulation: eglMakeCurrent: 0xae414f00: ver 2 0 (tinfo 0xaa1b7370)
05-08 15:35:30.983 16923 16972 D EGL_emulation: eglMakeCurrent: 0xae414f00: ver 2 0 (tinfo 0xaa1b7370)
05-08 15:35:30.986 16923 16972 D EGL_emulation: eglMakeCurrent: 0xae414f00: ver 2 0 (tinfo 0xaa1b7370)
05-08 15:35:31.001 16923 16972 D EGL_emulation: eglMakeCurrent: 0xae414f00: ver 2 0 (tinfo 0xaa1b7370)
05-08 15:35:31.011 16923 16972 D EGL_emulation: eglMakeCurrent: 0xae414f00: ver 2 0 (tinfo 0xaa1b7370)
05-08 15:35:31.018 16923 16972 D EGL_emulation: eglMakeCurrent: 0xae414f00: ver 2 0 (tinfo 0xaa1b7370)
05-08 15:35:31.020 16923 16972 D EGL_emulation: eglMakeCurrent: 0xae414f00: ver 2 0 (tinfo 0xaa1b7370)
05-08 15:35:31.036 16923 16972 D EGL_emulation: eglMakeCurrent: 0xae414f00: ver 2 0 (tinfo 0xaa1b7370)
05-08 15:35:31.047 16923 16972 D EGL_emulation: eglMakeCurrent: 0xae414f00: ver 2 0 (tinfo 0xaa1b7370)
05-08 15:35:31.053 16923 16972 D EGL_emulation: eglMakeCurrent: 0xae414f00: ver 2 0 (tinfo 0xaa1b7370)
05-08 15:35:31.059 16923 16972 D EGL_emulation: eglMakeCurrent: 0xae414f00: ver 2 0 (tinfo 0xaa1b7370)
05-08 15:35:31.071 16923 16972 D EGL_emulation: eglMakeCurrent: 0xae414f00: ver 2 0 (tinfo 0xaa1b7370)
05-08 15:35:31.084 16923 16972 D EGL_emulation: eglMakeCurrent: 0xae414f00: ver 2 0 (tinfo 0xaa1b7370)
05-08 15:35:31.096 16923 16972 D EGL_emulation: eglMakeCurrent: 0xae414f00: ver 2 0 (tinfo 0xaa1b7370)
05-08 15:35:31.104 16923 16972 D EGL_emulation: eglMakeCurrent: 0xae414f00: ver 2 0 (tinfo 0xaa1b7370)
05-08 15:35:31.115 16923 16972 D EGL_emulation: eglMakeCurrent: 0xae414f00: ver 2 0 (tinfo 0xaa1b7370)
05-08 15:35:31.121 16923 16972 D EGL_emulation: eglMakeCurrent: 0xae414f00: ver 2 0 (tinfo 0xaa1b7370)
05-08 15:35:31.127 16923 16972 D EGL_emulation: eglMakeCurrent: 0xae414f00: ver 2 0 (tinfo 0xaa1b7370)
05-08 15:35:31.134 16923 16972 D EGL_emulation: eglMakeCurrent: 0xae414f00: ver 2 0 (tinfo 0xaa1b7370)
05-08 15:35:31.142 16923 16972 D EGL_emulation: eglMakeCurrent: 0xae414f00: ver 2 0 (tinfo 0xaa1b7370)
05-08 15:35:31.149 16923 16972 D EGL_emulation: eglMakeCurrent: 0xae414f00: ver 2 0 (tinfo 0xaa1b7370)
05-08 15:35:31.164 16923 16972 D EGL_emulation: eglMakeCurrent: 0xae414f00: ver 2 0 (tinfo 0xaa1b7370)
05-08 15:35:31.169 16923 16972 D EGL_emulation: eglMakeCurrent: 0xae414f00: ver 2 0 (tinfo 0xaa1b7370)
05-08 15:35:31.177 16923 16972 D EGL_emulation: eglMakeCurrent: 0xae414f00: ver 2 0 (tinfo 0xaa1b7370)
05-08 15:35:33.476  2214  2531 W audio_hw_generic: Not supplying enough data to HAL, expected position 12868522 , only wrote 12732182
05-08 15:36:22.856  1238  1284 D hwcomposer: hw_composer sent 3412 syncs in 60s
05-08 15:36:33.478  2491  2664 I AccountManagerService: getTypesVisibleToCaller: isPermitted? true
05-08 15:36:33.480  2491  2752 I AccountManagerService: getTypesVisibleToCaller: isPermitted? true
05-08 15:36:33.481  2491  3290 I AccountManagerService: getTypesVisibleToCaller: isPermitted? true
05-08 15:36:33.482  2491  2503 I AccountManagerService: getTypesVisibleToCaller: isPermitted? true
05-08 15:36:33.484  3337 31362 I chatty  : uid=10008(com.google.android.gms) expire 1 line
05-08 15:36:33.488  2491  2664 I AccountManagerService: getTypesVisibleToCaller: isPermitted? true
05-08 15:36:33.489  2491  2663 I ActivityManager: Start proc 31363:android.process.acore/u0a2 for content provider com.android.providers.contacts/.ContactsProvider2
05-08 15:36:33.508 31363 31363 W System  : ClassLoader referenced unknown path: /system/priv-app/ContactsProvider/lib/x86
05-08 15:36:33.533 31363 31363 W System  : ClassLoader referenced unknown path: /system/app/UserDictionaryProvider/lib/x86
05-08 15:36:33.541 31363 31377 I ContactLocale: AddressBook Labels [en-US]: [, A, B, C, D, E, F, G, H, I, J, K, L, M, N, O, P, Q, R, S, T, U, V, W, X, Y, Z, , , , , , , , , , , , , , , , , , , , , , , , , , , , , , , , , , , , , , , , , , , , , , , , , , , , , , , , , , , , , , , , , , , , , , , , , , , , , , , , , , , , , , , , , , , , , , , , , , , , , , , , , , , , , , , , , , , , , , , , , , , , , , , , , , , , , , , , , , , , , , , , , , , , , , , , , , , , , , , , , , , , , , , , , , , , , , , , , , , , , , , , , , , #, ]
05-08 15:36:33.560  2491  2502 I AccountManagerService: getTypesVisibleToCaller: isPermitted? true
05-08 15:37:22.866  1238  1284 D hwcomposer: hw_composer sent 3455 syncs in 60s
05-08 15:38:22.858  1238  1284 D hwcomposer: hw_composer sent 3451 syncs in 60s
05-08 15:39:22.853  1238  1284 D hwcomposer: hw_composer sent 3462 syncs in 60s
05-08 15:40:22.862  1238  1284 D hwcomposer: hw_composer sent 3463 syncs in 60s
05-08 15:41:22.856  1238  1284 D hwcomposer: hw_composer sent 3465 syncs in 60s
05-08 15:41:33.577 23355 31434 I UpdateIcingCorporaServi: Updating corpora: APPS=MAYBE, CONTACTS=FORCE_ALL
05-08 15:41:33.610 23355 31434 I UpdateIcingCorporaServi: UpdateCorporaTask done [took 33 ms] updated apps [took 7 ms] updated contacts [took 26 ms]
05-08 15:42:22.863  1238  1284 D hwcomposer: hw_composer sent 3465 syncs in 60s
05-08 15:43:22.854  1238  1284 D hwcomposer: hw_composer sent 3458 syncs in 60s
05-08 15:44:01.918  2491  2757 I ActivityManager: START u0 {act=android.intent.action.VIEW dat=https://www.amazon.com/... flg=0x10000000 cmp=com.android.browser/.BrowserActivity} from uid 10061 on display 0
05-08 15:44:01.922  1238  1245 D gralloc_ranchu: gralloc_alloc: Creating ashmem region of size 1019904
05-08 15:44:01.934  1238  1238 E EGL_emulation: tid 1238: eglCreateSyncKHR(1881): error 0x3004 (EGL_BAD_ATTRIBUTE)
05-08 15:44:01.971 30952 30952 I chatty  : uid=10020(com.android.browser) expire 12 lines
05-08 15:44:02.032  2491  2755 W InputMethodManagerService: Starting input on non-focused client com.android.internal.view.IInputMethodClient$Stub$Proxy@acf11fb (uid=10020 pid=30952)
05-08 15:44:02.033  2491  3814 W InputMethodManagerService: Starting input on non-focused client com.android.internal.view.IInputMethodClient$Stub$Proxy@acf11fb (uid=10020 pid=30952)
05-08 15:44:02.034  2491  3800 W InputMethodManagerService: Starting input on non-focused client com.android.internal.view.IInputMethodClient$Stub$Proxy@acf11fb (uid=10020 pid=30952)
05-08 15:44:02.047  2491  3295 W InputMethodManagerService: Starting input on non-focused client com.android.internal.view.IInputMethodClient$Stub$Proxy@acf11fb (uid=10020 pid=30952)
05-08 15:44:02.088 30952 31239 I chatty  : uid=10020(com.android.browser) RenderThread expire 536 lines
05-08 15:44:02.226 30079 30101 I chatty  : uid=10061(com.myapp) RenderThread expire 11 lines
05-08 15:44:02.230 16923 16972 D EGL_emulation: eglMakeCurrent: 0xae414f00: ver 2 0 (tinfo 0xaa1b7370)
05-08 15:44:02.251 16923 16972 D EGL_emulation: eglMakeCurrent: 0xae414f00: ver 2 0 (tinfo 0xaa1b7370)
05-08 15:44:02.253 30952 31242 I chatty  : uid=10020(com.android.browser) GpuThread expire 11 lines
05-08 15:44:02.260 16923 16972 D EGL_emulation: eglMakeCurrent: 0xae414f00: ver 2 0 (tinfo 0xaa1b7370)
05-08 15:44:02.268 16923 16972 D EGL_emulation: eglMakeCurrent: 0xae414f00: ver 2 0 (tinfo 0xaa1b7370)
05-08 15:44:02.274 16923 16972 D EGL_emulation: eglMakeCurrent: 0xae414f00: ver 2 0 (tinfo 0xaa1b7370)
05-08 15:44:02.283 16923 16972 D EGL_emulation: eglMakeCurrent: 0xae414f00: ver 2 0 (tinfo 0xaa1b7370)
05-08 15:44:02.297 16923 16972 D EGL_emulation: eglMakeCurrent: 0xae414f00: ver 2 0 (tinfo 0xaa1b7370)
05-08 15:44:02.305 16923 16972 D EGL_emulation: eglMakeCurrent: 0xae414f00: ver 2 0 (tinfo 0xaa1b7370)
05-08 15:44:02.310 16923 16972 D EGL_emulation: eglMakeCurrent: 0xae414f00: ver 2 0 (tinfo 0xaa1b7370)
05-08 15:44:02.320 16923 16972 D EGL_emulation: eglMakeCurrent: 0xae414f00: ver 2 0 (tinfo 0xaa1b7370)
05-08 15:44:02.327 16923 16972 D EGL_emulation: eglMakeCurrent: 0xae414f00: ver 2 0 (tinfo 0xaa1b7370)
05-08 15:44:02.336 16923 16972 D EGL_emulation: eglMakeCurrent: 0xae414f00: ver 2 0 (tinfo 0xaa1b7370)
05-08 15:44:02.344 16923 16972 D EGL_emulation: eglMakeCurrent: 0xae414f00: ver 2 0 (tinfo 0xaa1b7370)
05-08 15:44:02.352 16923 16972 D EGL_emulation: eglMakeCurrent: 0xae414f00: ver 2 0 (tinfo 0xaa1b7370)
05-08 15:44:02.362 16923 16972 D EGL_emulation: eglMakeCurrent: 0xae414f00: ver 2 0 (tinfo 0xaa1b7370)
05-08 15:44:02.365 16923 16972 D EGL_emulation: eglMakeCurrent: 0xae414f00: ver 2 0 (tinfo 0xaa1b7370)
05-08 15:44:02.379 16923 16972 D EGL_emulation: eglMakeCurrent: 0xae414f00: ver 2 0 (tinfo 0xaa1b7370)
05-08 15:44:02.387 16923 16972 D EGL_emulation: eglMakeCurrent: 0xae414f00: ver 2 0 (tinfo 0xaa1b7370)
05-08 15:44:02.395 16923 16972 D EGL_emulation: eglMakeCurrent: 0xae414f00: ver 2 0 (tinfo 0xaa1b7370)
05-08 15:44:02.404 16923 16972 D EGL_emulation: eglMakeCurrent: 0xae414f00: ver 2 0 (tinfo 0xaa1b7370)
05-08 15:44:02.413 16923 16972 D EGL_emulation: eglMakeCurrent: 0xae414f00: ver 2 0 (tinfo 0xaa1b7370)
05-08 15:44:02.421 16923 16972 D EGL_emulation: eglMakeCurrent: 0xae414f00: ver 2 0 (tinfo 0xaa1b7370)
05-08 15:44:02.432 16923 16972 D EGL_emulation: eglMakeCurrent: 0xae414f00: ver 2 0 (tinfo 0xaa1b7370)
05-08 15:44:02.440 16923 16972 D EGL_emulation: eglMakeCurrent: 0xae414f00: ver 2 0 (tinfo 0xaa1b7370)
05-08 15:44:22.865  1238  1284 D hwcomposer: hw_composer sent 3366 syncs in 60s
05-08 15:44:22.886 30952 31239 I chatty  : uid=10020(com.android.browser) RenderThread expire 124 lines
05-08 15:44:25.393 30952 30952 I chatty  : uid=10020(com.android.browser) expire 10 lines
05-08 15:44:29.184  3021  3021 W RichInputMethodSubtype: Can't find emoji subtype
05-08 15:44:29.184  3021  3021 W RichInputMethodSubtype: No input method subtype found; returning dummy subtype: Multi-lingual subtype: android.view.inputmethod.InputMethodSubtype@d78b2ed0, zz
05-08 15:44:29.241  3021  3021 W ViewPager: Requested offscreen page limit 0 too small; defaulting to 1
05-08 15:44:29.250  3021  3021 I LatinIME: Starting input. Cursor position = 0,0
05-08 15:44:29.270  1238  1955 E SurfaceFlinger: ro.sf.lcd_density must be defined as a build property
05-08 15:44:29.271  3021 31494 D OpenGLRenderer: Use EGL_SWAP_BEHAVIOR_PRESERVED: true
05-08 15:44:29.276  3021  3021 D         : HostConnection::get() New Host Connection established 0xaa98c4c0, tid 3021
05-08 15:44:29.284 16923 16972 D EGL_emulation: eglMakeCurrent: 0xae414f00: ver 2 0 (tinfo 0xaa1b7370)
05-08 15:44:29.304  3021 31494 D         : HostConnection::get() New Host Connection established 0xaa98c680, tid 31494
05-08 15:44:29.305  3021 31494 I OpenGLRenderer: Initialized EGL, version 1.4
05-08 15:44:29.305  3021 31494 W OpenGLRenderer: Failed to choose config with EGL_SWAP_BEHAVIOR_PRESERVED, retrying without...
05-08 15:44:29.312  3021 31494 D EGL_emulation: eglCreateContext: 0xae414840: maj 2 min 0 rcv 2
05-08 15:44:29.315  3021 31494 D EGL_emulation: eglMakeCurrent: 0xae414840: ver 2 0 (tinfo 0xae412580)
05-08 15:44:29.372  3021 31494 D EGL_emulation: eglMakeCurrent: 0xae414840: ver 2 0 (tinfo 0xae412580)
05-08 15:44:30.469 30952 31236 I chatty  : uid=10020(com.android.browser) Thread-542 expire 3 lines
05-08 15:44:31.434 16923 16972 D EGL_emulation: eglMakeCurrent: 0xae414f00: ver 2 0 (tinfo 0xaa1b7370)
05-08 15:44:34.324  2491  3290 I AccountManagerService: getTypesVisibleToCaller: isPermitted? true
05-08 15:44:34.482 16923 16972 D EGL_emulation: eglMakeCurrent: 0xae414f00: ver 2 0 (tinfo 0xaa1b7370)
05-08 15:44:34.639  3021 31494 D EGL_emulation: eglMakeCurrent: 0xae414840: ver 2 0 (tinfo 0xae412580)
05-08 15:44:34.640  3021 31494 E Surface : getSlotFromBufferLocked: unknown buffer: 0xae41da00
05-08 15:44:34.687 30952 31239 I chatty  : uid=10020(com.android.browser) RenderThread expire 109 lines
05-08 15:44:35.440 16923 16972 D EGL_emulation: eglMakeCurrent: 0xae414f00: ver 2 0 (tinfo 0xaa1b7370)
05-08 15:44:35.447 16923 16972 D EGL_emulation: eglMakeCurrent: 0xae414f00: ver 2 0 (tinfo 0xaa1b7370)
05-08 15:44:36.459 16923 16972 D EGL_emulation: eglMakeCurrent: 0xae414f00: ver 2 0 (tinfo 0xaa1b7370)
05-08 15:44:37.052 16923 16972 D EGL_emulation: eglMakeCurrent: 0xae414f00: ver 2 0 (tinfo 0xaa1b7370)
05-08 15:44:39.437  2214  2531 D AudioFlinger: mixer(0xb43c0000) throttle end: throttle time(4)
05-08 15:44:39.559  2491  2752 I ActivityManager: moveTaskToBack: TaskRecord{3f47859 #25 A=android.task.browser U=0 sz=1}
05-08 15:44:39.569  1238  1589 D gralloc_ranchu: gralloc_alloc: Creating ashmem region of size 1019904
05-08 15:44:39.577  1238  1238 E EGL_emulation: tid 1238: eglCreateSyncKHR(1881): error 0x3004 (EGL_BAD_ATTRIBUTE)
05-08 15:44:40.032 16923 16972 D EGL_emulation: eglMakeCurrent: 0xae414f00: ver 2 0 (tinfo 0xaa1b7370)
05-08 15:44:40.042 16923 16972 D EGL_emulation: eglMakeCurrent: 0xae414f00: ver 2 0 (tinfo 0xaa1b7370)
05-08 15:44:40.053 16923 16972 D EGL_emulation: eglMakeCurrent: 0xae414f00: ver 2 0 (tinfo 0xaa1b7370)
05-08 15:44:40.059 16923 16972 D EGL_emulation: eglMakeCurrent: 0xae414f00: ver 2 0 (tinfo 0xaa1b7370)
05-08 15:44:40.067 16923 16972 D EGL_emulation: eglMakeCurrent: 0xae414f00: ver 2 0 (tinfo 0xaa1b7370)
05-08 15:44:40.070 16923 16972 D EGL_emulation: eglMakeCurrent: 0xae414f00: ver 2 0 (tinfo 0xaa1b7370)
05-08 15:44:40.083 16923 16972 D EGL_emulation: eglMakeCurrent: 0xae414f00: ver 2 0 (tinfo 0xaa1b7370)
05-08 15:44:40.087 16923 16972 D EGL_emulation: eglMakeCurrent: 0xae414f00: ver 2 0 (tinfo 0xaa1b7370)
05-08 15:44:40.099 16923 16972 D EGL_emulation: eglMakeCurrent: 0xae414f00: ver 2 0 (tinfo 0xaa1b7370)
05-08 15:44:40.109 16923 16972 D EGL_emulation: eglMakeCurrent: 0xae414f00: ver 2 0 (tinfo 0xaa1b7370)
05-08 15:44:40.117 16923 16972 D EGL_emulation: eglMakeCurrent: 0xae414f00: ver 2 0 (tinfo 0xaa1b7370)
05-08 15:44:40.126 16923 16972 D EGL_emulation: eglMakeCurrent: 0xae414f00: ver 2 0 (tinfo 0xaa1b7370)
05-08 15:44:40.142 16923 16972 D EGL_emulation: eglMakeCurrent: 0xae414f00: ver 2 0 (tinfo 0xaa1b7370)
05-08 15:44:40.146 16923 16972 D EGL_emulation: eglMakeCurrent: 0xae414f00: ver 2 0 (tinfo 0xaa1b7370)
05-08 15:44:40.153 16923 16972 D EGL_emulation: eglMakeCurrent: 0xae414f00: ver 2 0 (tinfo 0xaa1b7370)
05-08 15:44:40.163 16923 16972 D EGL_emulation: eglMakeCurrent: 0xae414f00: ver 2 0 (tinfo 0xaa1b7370)
05-08 15:44:40.171 16923 16972 D EGL_emulation: eglMakeCurrent: 0xae414f00: ver 2 0 (tinfo 0xaa1b7370)
05-08 15:44:40.180 16923 16972 D EGL_emulation: eglMakeCurrent: 0xae414f00: ver 2 0 (tinfo 0xaa1b7370)
05-08 15:44:40.189 16923 16972 D EGL_emulation: eglMakeCurrent: 0xae414f00: ver 2 0 (tinfo 0xaa1b7370)
05-08 15:44:40.198 16923 16972 D EGL_emulation: eglMakeCurrent: 0xae414f00: ver 2 0 (tinfo 0xaa1b7370)
05-08 15:44:40.206 16923 16972 D EGL_emulation: eglMakeCurrent: 0xae414f00: ver 2 0 (tinfo 0xaa1b7370)
05-08 15:44:40.213 16923 16972 D EGL_emulation: eglMakeCurrent: 0xae414f00: ver 2 0 (tinfo 0xaa1b7370)
05-08 15:44:40.222 16923 16972 D EGL_emulation: eglMakeCurrent: 0xae414f00: ver 2 0 (tinfo 0xaa1b7370)
05-08 15:44:40.232 16923 16972 D EGL_emulation: eglMakeCurrent: 0xae414f00: ver 2 0 (tinfo 0xaa1b7370)
05-08 15:44:40.241 16923 16972 D EGL_emulation: eglMakeCurrent: 0xae414f00: ver 2 0 (tinfo 0xaa1b7370)
05-08 15:44:42.512  2214  2531 W audio_hw_generic: Not supplying enough data to HAL, expected position 13424585 , only wrote 13079207
05-08 15:45:22.859  1238  1284 D hwcomposer: hw_composer sent 3070 syncs in 60s
05-08 15:46:22.866  1238  1284 D hwcomposer: hw_composer sent 3464 syncs in 60s
05-08 15:46:32.944  2491  2507 E BluetoothAdapter: Bluetooth binder is null
05-08 15:46:32.945  2491  2507 E KernelCpuSpeedReader: Failed to read cpu-freq
05-08 15:46:32.945  2491  2507 E KernelCpuSpeedReader: java.io.FileNotFoundException: /sys/devices/system/cpu/cpu0/cpufreq/stats/time_in_state: open failed: ENOENT (No such file or directory)
05-08 15:46:32.945  2491  2507 E KernelCpuSpeedReader: 	at libcore.io.IoBridge.open(IoBridge.java:452)
05-08 15:46:32.945  2491  2507 E KernelCpuSpeedReader: 	at java.io.FileInputStream.<init>(FileInputStream.java:76)
05-08 15:46:32.945  2491  2507 E KernelCpuSpeedReader: 	at java.io.FileInputStream.<init>(FileInputStream.java:103)
05-08 15:46:32.945  2491  2507 E KernelCpuSpeedReader: 	at java.io.FileReader.<init>(FileReader.java:66)
05-08 15:46:32.945  2491  2507 E KernelCpuSpeedReader: 	at com.android.internal.os.KernelCpuSpeedReader.readDelta(KernelCpuSpeedReader.java:49)
05-08 15:46:32.945  2491  2507 E KernelCpuSpeedReader: 	at com.android.internal.os.BatteryStatsImpl.updateCpuTimeLocked(BatteryStatsImpl.java:8002)
05-08 15:46:32.945  2491  2507 E KernelCpuSpeedReader: 	at com.android.server.am.BatteryStatsService.updateExternalStats(BatteryStatsService.java:1366)
05-08 15:46:32.945  2491  2507 E KernelCpuSpeedReader: 	at com.android.server.am.BatteryStatsService$BatteryStatsHandler.handleMessage(BatteryStatsService.java:125)
05-08 15:46:32.945  2491  2507 E KernelCpuSpeedReader: 	at android.os.Handler.dispatchMessage(Handler.java:102)
05-08 15:46:32.945  2491  2507 E KernelCpuSpeedReader: 	at android.os.Looper.loop(Looper.java:148)
05-08 15:46:32.945  2491  2507 E KernelCpuSpeedReader: 	at android.os.HandlerThread.run(HandlerThread.java:61)
05-08 15:46:32.945  2491  2507 E KernelCpuSpeedReader: 	at com.android.server.ServiceThread.run(ServiceThread.java:46)
05-08 15:46:32.945  2491  2507 E KernelCpuSpeedReader: Caused by: android.system.ErrnoException: open failed: ENOENT (No such file or directory)
05-08 15:46:32.945  2491  2507 E KernelCpuSpeedReader: 	at libcore.io.Posix.open(Native Method)
05-08 15:46:32.945  2491  2507 E KernelCpuSpeedReader: 	at libcore.io.BlockGuardOs.open(BlockGuardOs.java:186)
05-08 15:46:32.945  2491  2507 E KernelCpuSpeedReader: 	at libcore.io.IoBridge.open(IoBridge.java:438)
05-08 15:46:32.945  2491  2507 E KernelCpuSpeedReader: 	... 11 more
05-08 15:46:32.945  2491  2507 E KernelUidCpuTimeReader: Failed to read uid_cputime
05-08 15:46:32.945  2491  2507 E KernelUidCpuTimeReader: java.io.FileNotFoundException: /proc/uid_cputime/show_uid_stat: open failed: ENOENT (No such file or directory)
05-08 15:46:32.945  2491  2507 E KernelUidCpuTimeReader: 	at libcore.io.IoBridge.open(IoBridge.java:452)
05-08 15:46:32.945  2491  2507 E KernelUidCpuTimeReader: 	at java.io.FileInputStream.<init>(FileInputStream.java:76)
05-08 15:46:32.945  2491  2507 E KernelUidCpuTimeReader: 	at java.io.FileInputStream.<init>(FileInputStream.java:103)
05-08 15:46:32.945  2491  2507 E KernelUidCpuTimeReader: 	at java.io.FileReader.<init>(FileReader.java:66)
05-08 15:46:32.945  2491  2507 E KernelUidCpuTimeReader: 	at com.android.internal.os.KernelUidCpuTimeReader.readDelta(KernelUidCpuTimeReader.java:71)
05-08 15:46:32.945  2491  2507 E KernelUidCpuTimeReader: 	at com.android.internal.os.BatteryStatsImpl.updateCpuTimeLocked(BatteryStatsImpl.java:8031)
05-08 15:46:32.945  2491  2507 E KernelUidCpuTimeReader: 	at com.android.server.am.BatteryStatsService.updateExternalStats(BatteryStatsService.java:1366)
05-08 15:46:32.945  2491  2507 E KernelUidCpuTimeReader: 	at com.android.server.am.BatteryStatsService$BatteryStatsHandler.handleMessage(BatteryStatsService.java:125)
05-08 15:46:32.945  2491  2507 E KernelUidCpuTimeReader: 	at android.os.Handler.dispatchMessage(Handler.java:102)
05-08 15:46:32.945  2491  2507 E KernelUidCpuTimeReader: 	at android.os.Looper.loop(Looper.java:148)
05-08 15:46:32.945  2491  2507 E KernelUidCpuTimeReader: 	at android.os.HandlerThread.run(HandlerThread.java:61)
05-08 15:46:32.945  2491  2507 E KernelUidCpuTimeReader: 	at com.android.server.ServiceThread.run(ServiceThread.java:46)
05-08 15:46:32.945  2491  2507 E KernelUidCpuTimeReader: Caused by: android.system.ErrnoException: open failed: ENOENT (No such file or directory)
05-08 15:46:32.945  2491  2507 E KernelUidCpuTimeReader: 	at libcore.io.Posix.open(Native Method)
05-08 15:46:32.945  2491  2507 E KernelUidCpuTimeReader: 	at libcore.io.BlockGuardOs.open(BlockGuardOs.java:186)
05-08 15:46:32.945  2491  2507 E KernelUidCpuTimeReader: 	at libcore.io.IoBridge.open(IoBridge.java:438)
05-08 15:46:32.945  2491  2507 E KernelUidCpuTimeReader: 	... 11 more
05-08 15:47:18.432  3337 31537 I chatty  : uid=10008(com.google.android.gms) expire 1 line
05-08 15:47:18.507  2491  2664 I AccountManagerService: getTypesVisibleToCaller: isPermitted? true
05-08 15:47:18.542  3337 31539 I chatty  : uid=10008(com.google.android.gms) expire 1 line
05-08 15:47:18.557  2491  2663 I AccountManagerService: getTypesVisibleToCaller: isPermitted? true
05-08 15:47:18.601  3337 31541 I chatty  : uid=10008(com.google.android.gms) expire 1 line
05-08 15:47:18.609  2491  2503 I AccountManagerService: getTypesVisibleToCaller: isPermitted? true
05-08 15:47:18.674  2491  2755 I AccountManagerService: getTypesVisibleToCaller: isPermitted? true
05-08 15:47:18.860  3324 31542 I chatty  : uid=10008 com.google.android.gms.persistent expire 13 lines
05-08 15:47:19.194  2491  3295 I ActivityManager: Start proc 31548:com.google.android.gms.ui/u0a8 for service com.google.android.gms/.chimera.UiIntentOperationService
05-08 15:47:19.199 31548 31554 I chatty  : uid=10008 com.google.android.gms.ui expire 1 line
05-08 15:47:19.216  3324 31562 I chatty  : uid=10008 com.google.android.gms.persistent expire 28 lines
05-08 15:47:19.232 31548 31548 I chatty  : uid=10008 com.google.android.gms.ui expire 11 lines
05-08 15:47:19.292  3324 31565 I chatty  : uid=10008 com.google.android.gms.persistent expire 15 lines
05-08 15:47:19.319  3337 31578 I chatty  : uid=10008(com.google.android.gms) expire 16 lines
05-08 15:47:19.371  3337 31575 I chatty  : uid=10008(com.google.android.gms) expire 16 lines
05-08 15:47:19.407  3324 31571 I chatty  : uid=10008 com.google.android.gms.persistent expire 12 lines
05-08 15:47:19.419  3337 31574 I chatty  : uid=10008(com.google.android.gms) expire 12 lines
05-08 15:47:19.424 31548 31558 I chatty  : uid=10008 com.google.android.gms.ui expire 2 lines
05-08 15:47:19.490  3337 31576 I chatty  : uid=10008(com.google.android.gms) expire 18 lines
05-08 15:47:19.494  3324 31563 I chatty  : uid=10008 com.google.android.gms.persistent expire 13 lines
05-08 15:47:19.590  3337 31573 I chatty  : uid=10008(com.google.android.gms) expire 28 lines
05-08 15:47:19.594  3324 31566 I chatty  : uid=10008 com.google.android.gms.persistent expire 15 lines
05-08 15:47:19.664  3337 31583 I chatty  : uid=10008(com.google.android.gms) expire 12 lines
05-08 15:47:19.669  3324 31572 I chatty  : uid=10008 com.google.android.gms.persistent expire 9 lines
05-08 15:47:19.775  3337 31547 I chatty  : uid=10008(com.google.android.gms) expire 20 lines
05-08 15:47:20.006  3337 31568 I chatty  : uid=10008(com.google.android.gms) expire 20 lines
05-08 15:47:20.157  3324 31593 I chatty  : uid=10008 com.google.android.gms.persistent expire 3 lines
05-08 15:47:20.308  3337 31579 I chatty  : uid=10008(com.google.android.gms) expire 12 lines
05-08 15:47:20.578  3337 31582 I chatty  : uid=10008(com.google.android.gms) expire 18 lines
05-08 15:47:20.739  3337 31546 I chatty  : uid=10008(com.google.android.gms) expire 24 lines
05-08 15:47:20.917  3337 31581 I chatty  : uid=10008(com.google.android.gms) expire 12 lines
05-08 15:47:21.000  2491  2757 I AccountManagerService: getTypesVisibleToCaller: isPermitted? true
05-08 15:47:21.311  3324 31569 I chatty  : uid=10008 com.google.android.gms.persistent expire 13 lines
05-08 15:47:21.634  3324 29248 I chatty  : uid=10008(com.google.android.gms) lowpool[55] expire 4 lines
05-08 15:47:21.670  2491  3799 I AccountManagerService: getTypesVisibleToCaller: isPermitted? true
05-08 15:47:22.427 31548 31590 I chatty  : uid=10008 com.google.android.gms.ui expire 1 line
05-08 15:47:22.629  3324 31570 I chatty  : uid=10008 com.google.android.gms.persistent expire 3 lines
05-08 15:47:22.670  3324 31607 I chatty  : uid=10008 com.google.android.gms.persistent expire 2 lines
05-08 15:47:22.857  1238  1284 D hwcomposer: hw_composer sent 3450 syncs in 60s
05-08 15:47:22.917  3337 31577 I chatty  : uid=10008(com.google.android.gms) expire 4 lines
05-08 15:47:23.099  3337 31582 I SettingsChangedIntentOp: Action: com.google.android.gms.phenotype.COMMITTED
05-08 15:47:23.099  3337 31582 I SettingsChangedIntentOp: EXTRA_PACKAGE_NAME: com.google.android.gms.car
05-08 15:47:23.103  3324 31607 I PTCommittedOperation: Receive new configuration for com.google.android.gms.car
05-08 15:47:23.126  3324 31563 W NetRec  : [900] ConfigChangedIntentOperation.onHandleIntent: Device does not support scoring, exiting
05-08 15:47:23.134  3324 31607 I PTCommittedOperation: Receive new configuration for com.google.android.gms.audit
05-08 15:47:23.142  3337 31575 I SettingsChangedIntentOp: SettingsChangedIntentOperation.run: Got intent Intent { act=com.google.android.gms.phenotype.COMMITTED flg=0x10 pkg=com.google.android.gms cmp=com.google.android.gms/.chimera.GmsIntentOperationService (has extras) }
05-08 15:47:23.143  3337 31575 I SettingsChangedIntentOp: SettingsChangedIntentOperation.run Intent extra com.google.android.gms.phenotype.PACKAGE_NAME: com.google.android.gms.audit
05-08 15:47:23.143  3337 31575 I SettingsChangedIntentOp: Action: com.google.android.gms.phenotype.COMMITTED
05-08 15:47:23.143  3337 31575 I SettingsChangedIntentOp: EXTRA_PACKAGE_NAME: com.google.android.gms.audit
05-08 15:47:23.163  3324 31562 W NetRec  : [899] ConfigChangedIntentOperation.onHandleIntent: Device does not support scoring, exiting
05-08 15:47:23.165  3324 31571 I PTCommittedOperation: Receive new configuration for com.google.android.gms.romanesco
05-08 15:47:23.177  3337 31577 I SettingsChangedIntentOp: SettingsChangedIntentOperation.run: Got intent Intent { act=com.google.android.gms.phenotype.COMMITTED flg=0x10 pkg=com.google.android.gms cmp=com.google.android.gms/.chimera.GmsIntentOperationService (has extras) }
05-08 15:47:23.177  3337 31577 I SettingsChangedIntentOp: SettingsChangedIntentOperation.run Intent extra com.google.android.gms.phenotype.PACKAGE_NAME: com.google.android.gms.romanesco
05-08 15:47:23.177  3337 31577 I SettingsChangedIntentOp: Action: com.google.android.gms.phenotype.COMMITTED
05-08 15:47:23.177  3337 31577 I SettingsChangedIntentOp: EXTRA_PACKAGE_NAME: com.google.android.gms.romanesco
05-08 15:47:23.196  3324 31569 W NetRec  : [903] ConfigChangedIntentOperation.onHandleIntent: Device does not support scoring, exiting
05-08 15:47:23.200  3337 31581 I SettingsChangedIntentOp: SettingsChangedIntentOperation.run: Got intent Intent { act=com.google.android.gms.phenotype.COMMITTED flg=0x10 pkg=com.google.android.gms cmp=com.google.android.gms/.chimera.GmsIntentOperationService (has extras) }
05-08 15:47:23.200  3337 31581 I SettingsChangedIntentOp: SettingsChangedIntentOperation.run Intent extra com.google.android.gms.phenotype.PACKAGE_NAME: com.google.android.gms.security
05-08 15:47:23.200  3337 31581 I SettingsChangedIntentOp: Action: com.google.android.gms.phenotype.COMMITTED
05-08 15:47:23.200  3337 31581 I SettingsChangedIntentOp: EXTRA_PACKAGE_NAME: com.google.android.gms.security
05-08 15:47:23.212  3324 31565 I PTCommittedOperation: Receive new configuration for com.google.android.gms.security
05-08 15:47:23.227  3324 31565 W NetRec  : [901] ConfigChangedIntentOperation.onHandleIntent: Device does not support scoring, exiting
05-08 15:47:23.232  3324 31569 I PTCommittedOperation: Receive new configuration for com.google.android.gms.ocr
05-08 15:47:23.236  3337 31577 I SettingsChangedIntentOp: SettingsChangedIntentOperation.run: Got intent Intent { act=com.google.android.gms.phenotype.COMMITTED flg=0x10 pkg=com.google.android.gms cmp=com.google.android.gms/.chimera.GmsIntentOperationService (has extras) }
05-08 15:47:23.236  3337 31577 I SettingsChangedIntentOp: SettingsChangedIntentOperation.run Intent extra com.google.android.gms.phenotype.PACKAGE_NAME: com.google.android.gms.ocr
05-08 15:47:23.237  3337 31577 I SettingsChangedIntentOp: Action: com.google.android.gms.phenotype.COMMITTED
05-08 15:47:23.237  3337 31577 I SettingsChangedIntentOp: EXTRA_PACKAGE_NAME: com.google.android.gms.ocr
05-08 15:47:23.262  2214  6708 V EmulatedCamera_Camera: getCameraInfo
05-08 15:47:23.262  2214  6708 V EmulatedCamera_BaseCamera: getCameraInfo
05-08 15:47:23.263  3337 31579 I OcrModelUpStIntentOp: Updating ocr activity enabled=true (phenotypeFlag=true, lowRamDevice=false, prereqCheck=true)
05-08 15:47:23.275  3324 31571 W NetRec  : [905] ConfigChangedIntentOperation.onHandleIntent: Device does not support scoring, exiting
05-08 15:47:23.283  3324 31562 I PTCommittedOperation: Receive new configuration for com.google.android.gms.beacon
05-08 15:47:23.302  3324 31607 W NetRec  : [922] ConfigChangedIntentOperation.onHandleIntent: Device does not support scoring, exiting
05-08 15:47:23.305  3324 31563 W NetRec  : [900] ConfigChangedIntentOperation.onHandleIntent: Device does not support scoring, exiting
05-08 15:47:23.305  3324 31571 I PTCommittedOperation: Receive new configuration for alt.com.google.android.gms.devicedoctor
05-08 15:47:23.333  3324 31607 W NetRec  : [922] ConfigChangedIntentOperation.onHandleIntent: Device does not support scoring, exiting
05-08 15:47:23.338  3324 31607 I PTCommittedOperation: Receive new configuration for com.google.android.gms.tapandpay
05-08 15:47:23.348  2491  2755 I AccountManagerService: getTypesVisibleToCaller: isPermitted? true
05-08 15:47:23.363  3337 31579 I OcrModelUpStIntentOp: Downloading text recognizer
05-08 15:47:23.370  3337 31583 I SettingsChangedIntentOp: SettingsChangedIntentOperation.run: Got intent Intent { act=com.google.android.gms.phenotype.COMMITTED flg=0x10 pkg=com.google.android.gms cmp=com.google.android.gms/.chimera.GmsIntentOperationService (has extras) }
05-08 15:47:23.370  3337 31583 I SettingsChangedIntentOp: SettingsChangedIntentOperation.run Intent extra com.google.android.gms.phenotype.PACKAGE_NAME: com.google.android.gms.beacon
05-08 15:47:23.370  3337 31583 I SettingsChangedIntentOp: Action: com.google.android.gms.phenotype.COMMITTED
05-08 15:47:23.370  3337 31583 I SettingsChangedIntentOp: EXTRA_PACKAGE_NAME: com.google.android.gms.beacon
05-08 15:47:23.377  3337 31582 I SettingsChangedIntentOp: SettingsChangedIntentOperation.run: Got intent Intent { act=com.google.android.gms.phenotype.COMMITTED flg=0x10 pkg=com.google.android.gms cmp=com.google.android.gms/.chimera.GmsIntentOperationService (has extras) }
05-08 15:47:23.378  3337 31582 I SettingsChangedIntentOp: SettingsChangedIntentOperation.run Intent extra com.google.android.gms.phenotype.PACKAGE_NAME: alt.com.google.android.gms.devicedoctor
05-08 15:47:23.378  3337 31582 I SettingsChangedIntentOp: Action: com.google.android.gms.phenotype.COMMITTED
05-08 15:47:23.378  3337 31582 I SettingsChangedIntentOp: EXTRA_PACKAGE_NAME: alt.com.google.android.gms.devicedoctor
05-08 15:47:23.391  3337 31577 I SettingsChangedIntentOp: SettingsChangedIntentOperation.run: Got intent Intent { act=com.google.android.gms.phenotype.COMMITTED flg=0x10 pkg=com.google.android.gms cmp=com.google.android.gms/.chimera.GmsIntentOperationService (has extras) }
05-08 15:47:23.391  3337 31577 I SettingsChangedIntentOp: SettingsChangedIntentOperation.run Intent extra com.google.android.gms.phenotype.PACKAGE_NAME: com.google.android.gms.tapandpay
05-08 15:47:23.391  3337 31577 I SettingsChangedIntentOp: Action: com.google.android.gms.phenotype.COMMITTED
05-08 15:47:23.391  3337 31577 I SettingsChangedIntentOp: EXTRA_PACKAGE_NAME: com.google.android.gms.tapandpay
05-08 15:47:23.460  3337 31574 I SettingsChangedIntentOp: SettingsChangedIntentOperation.run: Got intent Intent { act=com.google.android.gms.phenotype.COMMITTED flg=0x10 pkg=com.google.android.gms cmp=com.google.android.gms/.chimera.GmsIntentOperationService (has extras) }
05-08 15:47:23.460  3337 31574 I SettingsChangedIntentOp: SettingsChangedIntentOperation.run Intent extra com.google.android.gms.phenotype.PACKAGE_NAME: com.google.android.gms.auth_authzen
05-08 15:47:23.460  3337 31574 I SettingsChangedIntentOp: Action: com.google.android.gms.phenotype.COMMITTED
05-08 15:47:23.461  3337 31574 I SettingsChangedIntentOp: EXTRA_PACKAGE_NAME: com.google.android.gms.auth_authzen
05-08 15:47:23.464  3324 31571 W NetRec  : [905] ConfigChangedIntentOperation.onHandleIntent: Device does not support scoring, exiting
05-08 15:47:23.466  3324 31562 I PTCommittedOperation: Receive new configuration for com.google.android.gms.auth_authzen
05-08 15:47:23.500  3324 31563 W NetRec  : [900] ConfigChangedIntentOperation.onHandleIntent: Device does not support scoring, exiting
05-08 15:47:23.503  3324 31562 I PTCommittedOperation: Receive new configuration for com.google.android.gms.contextmanager
05-08 15:47:23.504  3337 31568 I Vision  : Engine already satisfied by existing download for ocr
05-08 15:47:23.506  3337 31576 I SettingsChangedIntentOp: SettingsChangedIntentOperation.run: Got intent Intent { act=com.google.android.gms.phenotype.COMMITTED flg=0x10 pkg=com.google.android.gms cmp=com.google.android.gms/.chimera.GmsIntentOperationService (has extras) }
05-08 15:47:23.507  3337 31576 I SettingsChangedIntentOp: SettingsChangedIntentOperation.run Intent extra com.google.android.gms.phenotype.PACKAGE_NAME: com.google.android.gms.contextmanager
05-08 15:47:23.507  3337 31576 I SettingsChangedIntentOp: Action: com.google.android.gms.phenotype.COMMITTED
05-08 15:47:23.507  3337 31576 I SettingsChangedIntentOp: EXTRA_PACKAGE_NAME: com.google.android.gms.contextmanager
05-08 15:47:23.545  3324 31562 W NetRec  : [899] ConfigChangedIntentOperation.onHandleIntent: Device does not support scoring, exiting
05-08 15:47:23.552  3324 31569 I PTCommittedOperation: Receive new configuration for com.google.android.gms.auth_folsom
05-08 15:47:23.556  3337 31579 I SettingsChangedIntentOp: SettingsChangedIntentOperation.run: Got intent Intent { act=com.google.android.gms.phenotype.COMMITTED flg=0x10 pkg=com.google.android.gms cmp=com.google.android.gms/.chimera.GmsIntentOperationService (has extras) }
05-08 15:47:23.556  3337 31579 I SettingsChangedIntentOp: SettingsChangedIntentOperation.run Intent extra com.google.android.gms.phenotype.PACKAGE_NAME: com.google.android.gms.auth_folsom
05-08 15:47:23.556  3337 31579 I SettingsChangedIntentOp: Action: com.google.android.gms.phenotype.COMMITTED
05-08 15:47:23.556  3337 31579 I SettingsChangedIntentOp: EXTRA_PACKAGE_NAME: com.google.android.gms.auth_folsom
05-08 15:47:23.620  3324 31569 W NetRec  : [903] ConfigChangedIntentOperation.onHandleIntent: Device does not support scoring, exiting
05-08 15:47:23.623  3324 31565 I PTCommittedOperation: Receive new configuration for com.google.android.gms.measurement
05-08 15:47:23.626  3324 31563 W NetRec  : [900] ConfigChangedIntentOperation.onHandleIntent: Device does not support scoring, exiting
05-08 15:47:23.633  3337 31574 I SettingsChangedIntentOp: SettingsChangedIntentOperation.run: Got intent Intent { act=com.google.android.gms.phenotype.COMMITTED flg=0x10 pkg=com.google.android.gms cmp=com.google.android.gms/.chimera.GmsIntentOperationService (has extras) }
05-08 15:47:23.634  3337 31574 I SettingsChangedIntentOp: SettingsChangedIntentOperation.run Intent extra com.google.android.gms.phenotype.PACKAGE_NAME: com.google.android.gms.measurement
05-08 15:47:23.634  3337 31574 I SettingsChangedIntentOp: Action: com.google.android.gms.phenotype.COMMITTED
05-08 15:47:23.634  3337 31574 I SettingsChangedIntentOp: EXTRA_PACKAGE_NAME: com.google.android.gms.measurement
05-08 15:47:47.325  3324 31572 E GcmPushIntentOperation: Failed to subscribe: com.google.android.gms.mobile_data_plan -- metadata{ service_id: 51 }
05-08 15:47:47.325  3324 31572 E GcmPushIntentOperation: java.io.IOException: TOO_MANY_SUBSCRIBERS
05-08 15:47:47.325  3324 31572 E GcmPushIntentOperation: 	at wza.a(:com.google.android.gms@12521024@12.5.21 (040700-189987672):21)
05-08 15:47:47.325  3324 31572 E GcmPushIntentOperation: 	at wyn.b(:com.google.android.gms@12521024@12.5.21 (040700-189987672):11)
05-08 15:47:47.325  3324 31572 E GcmPushIntentOperation: 	at wyn.a(:com.google.android.gms@12521024@12.5.21 (040700-189987672):25)
05-08 15:47:47.325  3324 31572 E GcmPushIntentOperation: 	at com.google.android.gms.phenotype.gcmpush.GcmPushIntentOperation.a(:com.google.android.gms@12521024@12.5.21 (040700-189987672):27)
05-08 15:47:47.325  3324 31572 E GcmPushIntentOperation: 	at com.google.android.gms.phenotype.gcmpush.GcmPushIntentOperation.onHandleIntent(:com.google.android.gms@12521024@12.5.21 (040700-189987672):19)
05-08 15:47:47.325  3324 31572 E GcmPushIntentOperation: 	at com.google.android.chimera.IntentOperation.onHandleIntent(:com.google.android.gms@12521024@12.5.21 (040700-189987672):2)
05-08 15:47:47.325  3324 31572 E GcmPushIntentOperation: 	at cxr.a(:com.google.android.gms@12521024@12.5.21 (040700-189987672):9)
05-08 15:47:47.325  3324 31572 E GcmPushIntentOperation: 	at lyr.a(:com.google.android.gms@12521024@12.5.21 (040700-189987672):11)
05-08 15:47:47.325  3324 31572 E GcmPushIntentOperation: 	at cxw.run(:com.google.android.gms@12521024@12.5.21 (040700-189987672):10)
05-08 15:47:47.325  3324 31572 E GcmPushIntentOperation: 	at cxt.run(:com.google.android.gms@12521024@12.5.21 (040700-189987672):9)
05-08 15:47:47.325  3324 31572 E GcmPushIntentOperation: 	at java.util.concurrent.ThreadPoolExecutor.runWorker(ThreadPoolExecutor.java:1113)
05-08 15:47:47.325  3324 31572 E GcmPushIntentOperation: 	at java.util.concurrent.ThreadPoolExecutor$Worker.run(ThreadPoolExecutor.java:588)
05-08 15:47:47.325  3324 31572 E GcmPushIntentOperation: 	at java.lang.Thread.run(Thread.java:818)
05-08 15:47:48.435  3324 31572 E GcmPushIntentOperation: Failed to subscribe: com.google.android.gms.octarine -- metadata{ service_id: 51 }
05-08 15:47:48.435  3324 31572 E GcmPushIntentOperation: java.io.IOException: TOO_MANY_SUBSCRIBERS
05-08 15:47:48.435  3324 31572 E GcmPushIntentOperation: 	at wza.a(:com.google.android.gms@12521024@12.5.21 (040700-189987672):21)
05-08 15:47:48.435  3324 31572 E GcmPushIntentOperation: 	at wyn.b(:com.google.android.gms@12521024@12.5.21 (040700-189987672):11)
05-08 15:47:48.435  3324 31572 E GcmPushIntentOperation: 	at wyn.a(:com.google.android.gms@12521024@12.5.21 (040700-189987672):25)
05-08 15:47:48.435  3324 31572 E GcmPushIntentOperation: 	at com.google.android.gms.phenotype.gcmpush.GcmPushIntentOperation.a(:com.google.android.gms@12521024@12.5.21 (040700-189987672):27)
05-08 15:47:48.435  3324 31572 E GcmPushIntentOperation: 	at com.google.android.gms.phenotype.gcmpush.GcmPushIntentOperation.onHandleIntent(:com.google.android.gms@12521024@12.5.21 (040700-189987672):19)
05-08 15:47:48.435  3324 31572 E GcmPushIntentOperation: 	at com.google.android.chimera.IntentOperation.onHandleIntent(:com.google.android.gms@12521024@12.5.21 (040700-189987672):2)
05-08 15:47:48.435  3324 31572 E GcmPushIntentOperation: 	at cxr.a(:com.google.android.gms@12521024@12.5.21 (040700-189987672):9)
05-08 15:47:48.435  3324 31572 E GcmPushIntentOperation: 	at lyr.a(:com.google.android.gms@12521024@12.5.21 (040700-189987672):11)
05-08 15:47:48.435  3324 31572 E GcmPushIntentOperation: 	at cxw.run(:com.google.android.gms@12521024@12.5.21 (040700-189987672):10)
05-08 15:47:48.435  3324 31572 E GcmPushIntentOperation: 	at cxt.run(:com.google.android.gms@12521024@12.5.21 (040700-189987672):9)
05-08 15:47:48.435  3324 31572 E GcmPushIntentOperation: 	at java.util.concurrent.ThreadPoolExecutor.runWorker(ThreadPoolExecutor.java:1113)
05-08 15:47:48.435  3324 31572 E GcmPushIntentOperation: 	at java.util.concurrent.ThreadPoolExecutor$Worker.run(ThreadPoolExecutor.java:588)
05-08 15:47:48.435  3324 31572 E GcmPushIntentOperation: 	at java.lang.Thread.run(Thread.java:818)
05-08 15:47:48.774  3324 31572 E GcmPushIntentOperation: Failed to subscribe: com.google.android.gms.cast -- metadata{ service_id: 51 }
05-08 15:47:48.774  3324 31572 E GcmPushIntentOperation: java.io.IOException: TOO_MANY_SUBSCRIBERS
05-08 15:47:48.774  3324 31572 E GcmPushIntentOperation: 	at wza.a(:com.google.android.gms@12521024@12.5.21 (040700-189987672):21)
05-08 15:47:48.774  3324 31572 E GcmPushIntentOperation: 	at wyn.b(:com.google.android.gms@12521024@12.5.21 (040700-189987672):11)
05-08 15:47:48.774  3324 31572 E GcmPushIntentOperation: 	at wyn.a(:com.google.android.gms@12521024@12.5.21 (040700-189987672):25)
05-08 15:47:48.774  3324 31572 E GcmPushIntentOperation: 	at com.google.android.gms.phenotype.gcmpush.GcmPushIntentOperation.a(:com.google.android.gms@12521024@12.5.21 (040700-189987672):27)
05-08 15:47:48.774  3324 31572 E GcmPushIntentOperation: 	at com.google.android.gms.phenotype.gcmpush.GcmPushIntentOperation.onHandleIntent(:com.google.android.gms@12521024@12.5.21 (040700-189987672):19)
05-08 15:47:48.774  3324 31572 E GcmPushIntentOperation: 	at com.google.android.chimera.IntentOperation.onHandleIntent(:com.google.android.gms@12521024@12.5.21 (040700-189987672):2)
05-08 15:47:48.774  3324 31572 E GcmPushIntentOperation: 	at cxr.a(:com.google.android.gms@12521024@12.5.21 (040700-189987672):9)
