05-07 14:49:02.142  2491  2507 E KernelCpuSpeedReader: 	at com.android.server.am.BatteryStatsService.updateExternalStats(BatteryStatsService.java:1366)
05-07 14:49:02.142  2491  2507 E KernelCpuSpeedReader: 	at com.android.server.am.BatteryStatsService$BatteryStatsHandler.handleMessage(BatteryStatsService.java:125)
05-07 14:49:02.142  2491  2507 E KernelCpuSpeedReader: 	at android.os.Handler.dispatchMessage(Handler.java:102)
05-07 14:49:02.142  2491  2507 E KernelCpuSpeedReader: 	at android.os.Looper.loop(Looper.java:148)
05-07 14:49:02.142  2491  2507 E KernelCpuSpeedReader: 	at android.os.HandlerThread.run(HandlerThread.java:61)
05-07 14:49:02.142  2491  2507 E KernelCpuSpeedReader: 	at com.android.server.ServiceThread.run(ServiceThread.java:46)
05-07 14:49:02.142  2491  2507 E KernelCpuSpeedReader: Caused by: android.system.ErrnoException: open failed: ENOENT (No such file or directory)
05-07 14:49:02.142  2491  2507 E KernelCpuSpeedReader: 	at libcore.io.Posix.open(Native Method)
05-07 14:49:02.142  2491  2507 E KernelCpuSpeedReader: 	at libcore.io.BlockGuardOs.open(BlockGuardOs.java:186)
05-07 14:49:02.142  2491  2507 E KernelCpuSpeedReader: 	at libcore.io.IoBridge.open(IoBridge.java:438)
05-07 14:49:02.142  2491  2507 E KernelCpuSpeedReader: 	... 11 more
05-07 14:49:02.142  2491  2507 E KernelUidCpuTimeReader: Failed to read uid_cputime
05-07 14:49:02.142  2491  2507 E KernelUidCpuTimeReader: java.io.FileNotFoundException: /proc/uid_cputime/show_uid_stat: open failed: ENOENT (No such file or directory)
05-07 14:49:02.142  2491  2507 E KernelUidCpuTimeReader: 	at libcore.io.IoBridge.open(IoBridge.java:452)
05-07 14:49:02.142  2491  2507 E KernelUidCpuTimeReader: 	at java.io.FileInputStream.<init>(FileInputStream.java:76)
05-07 14:49:02.142  2491  2507 E KernelUidCpuTimeReader: 	at java.io.FileInputStream.<init>(FileInputStream.java:103)
05-07 14:49:02.142  2491  2507 E KernelUidCpuTimeReader: 	at java.io.FileReader.<init>(FileReader.java:66)
05-07 14:49:02.142  2491  2507 E KernelUidCpuTimeReader: 	at com.android.internal.os.KernelUidCpuTimeReader.readDelta(KernelUidCpuTimeReader.java:71)
05-07 14:49:02.142  2491  2507 E KernelUidCpuTimeReader: 	at com.android.internal.os.BatteryStatsImpl.updateCpuTimeLocked(BatteryStatsImpl.java:8031)
05-07 14:49:02.142  2491  2507 E KernelUidCpuTimeReader: 	at com.android.server.am.BatteryStatsService.updateExternalStats(BatteryStatsService.java:1366)
05-07 14:49:02.142  2491  2507 E KernelUidCpuTimeReader: 	at com.android.server.am.BatteryStatsService$BatteryStatsHandler.handleMessage(BatteryStatsService.java:125)
05-07 14:49:02.142  2491  2507 E KernelUidCpuTimeReader: 	at android.os.Handler.dispatchMessage(Handler.java:102)
05-07 14:49:02.142  2491  2507 E KernelUidCpuTimeReader: 	at android.os.Looper.loop(Looper.java:148)
05-07 14:49:02.142  2491  2507 E KernelUidCpuTimeReader: 	at android.os.HandlerThread.run(HandlerThread.java:61)
05-07 14:49:02.142  2491  2507 E KernelUidCpuTimeReader: 	at com.android.server.ServiceThread.run(ServiceThread.java:46)
05-07 14:49:02.142  2491  2507 E KernelUidCpuTimeReader: Caused by: android.system.ErrnoException: open failed: ENOENT (No such file or directory)
05-07 14:49:02.142  2491  2507 E KernelUidCpuTimeReader: 	at libcore.io.Posix.open(Native Method)
05-07 14:49:02.142  2491  2507 E KernelUidCpuTimeReader: 	at libcore.io.BlockGuardOs.open(BlockGuardOs.java:186)
05-07 14:49:02.142  2491  2507 E KernelUidCpuTimeReader: 	at libcore.io.IoBridge.open(IoBridge.java:438)
05-07 14:49:02.142  2491  2507 E KernelUidCpuTimeReader: 	... 11 more
05-07 14:50:30.130  2491  2615 D ConnectivityService: NetworkAgentInfo [MOBILE (LTE) - 100] validation failed
05-07 14:52:28.121  2491  2503 D ConnectivityService: reportNetworkConnectivity(100, true) by 10008
05-07 14:52:28.125  2491  2751 D ConnectivityService: reportNetworkConnectivity(100, true) by 10008
05-07 14:52:28.135  2491  3800 D ConnectivityService: reportNetworkConnectivity(100, true) by 10008
05-07 14:52:28.137  2491  2757 D ConnectivityService: reportNetworkConnectivity(100, true) by 10008
05-07 14:52:28.139  2491  3799 D ConnectivityService: reportNetworkConnectivity(100, true) by 10008
05-07 14:52:31.318  2491  2615 D ConnectivityService: setProvNotificationVisibleIntent null visible=false networkType=MOBILE extraInfo=null highPriority=false
05-07 14:52:31.318  2491  2615 D ConnectivityService: NetworkAgentInfo [MOBILE (LTE) - 100] validation  passed
05-07 14:52:31.318  2491  2615 D ConnectivityService: rematching NetworkAgentInfo [MOBILE (LTE) - 100]
05-07 14:52:31.318  2491  2615 D ConnectivityService: notifyType CAP_CHANGED for NetworkAgentInfo [MOBILE (LTE) - 100]
05-07 14:52:31.319  2491  2615 D ConnectivityService: sendStickyBroadcast: action=android.net.conn.INET_CONDITION_ACTION
05-07 14:52:31.331  2491  2615 D ConnectivityService: setProvNotificationVisibleIntent null visible=false networkType=MOBILE extraInfo=null highPriority=false
05-07 14:52:31.331  2491  2615 D ConnectivityService: NetworkAgentInfo [MOBILE (LTE) - 100] validation  passed
05-07 14:54:00.003  2491  2505 I ProcessStatsService: Prepared write state in 0ms
05-07 14:56:33.902  2491  2569 I ActivityManager: START u0 {act=android.intent.action.MAIN cat=[android.intent.category.HOME] flg=0x10200000 cmp=com.android.launcher3/.Launcher (has extras)} from uid 1000 on display 0
05-07 14:56:34.112  2491  2569 I ActivityManager: START u0 {act=android.intent.action.MAIN cat=[android.intent.category.HOME] flg=0x10200000 cmp=com.android.launcher3/.Launcher (has extras)} from uid 1000 on display 0
05-07 14:56:35.973  2491  6029 I ActivityManager: START u0 {act=com.android.systemui.recents.SHOW_RECENTS flg=0x10804000 cmp=com.android.systemui/.recents.RecentsActivity} from uid 10015 on display 0
05-07 14:56:58.901  2491  2569 I ActivityManager: START u0 {act=android.intent.action.MAIN cat=[android.intent.category.HOME] flg=0x10200000 cmp=com.android.launcher3/.Launcher (has extras)} from uid 1000 on display 0
05-07 14:57:00.428  2491  2569 I ActivityManager: START u0 {act=android.intent.action.MAIN cat=[android.intent.category.HOME] flg=0x10200000 cmp=com.android.launcher3/.Launcher (has extras)} from uid 1000 on display 0
05-07 14:57:01.747  2491  2503 I ActivityManager: START u0 {act=com.android.systemui.recents.SHOW_RECENTS flg=0x10804000 cmp=com.android.systemui/.recents.RecentsActivity} from uid 10015 on display 0
05-07 14:57:36.046  2491  3799 E KernelCpuSpeedReader: Failed to read cpu-freq
05-07 14:57:36.046  2491  3799 E KernelCpuSpeedReader: java.io.FileNotFoundException: /sys/devices/system/cpu/cpu0/cpufreq/stats/time_in_state: open failed: ENOENT (No such file or directory)
05-07 14:57:36.046  2491  3799 E KernelCpuSpeedReader: 	at libcore.io.IoBridge.open(IoBridge.java:452)
05-07 14:57:36.046  2491  3799 E KernelCpuSpeedReader: 	at java.io.FileInputStream.<init>(FileInputStream.java:76)
05-07 14:57:36.046  2491  3799 E KernelCpuSpeedReader: 	at java.io.FileInputStream.<init>(FileInputStream.java:103)
05-07 14:57:36.046  2491  3799 E KernelCpuSpeedReader: 	at java.io.FileReader.<init>(FileReader.java:66)
05-07 14:57:36.046  2491  3799 E KernelCpuSpeedReader: 	at com.android.internal.os.KernelCpuSpeedReader.readDelta(KernelCpuSpeedReader.java:49)
05-07 14:57:36.046  2491  3799 E KernelCpuSpeedReader: 	at com.android.internal.os.BatteryStatsImpl.updateCpuTimeLocked(BatteryStatsImpl.java:8002)
05-07 14:57:36.046  2491  3799 E KernelCpuSpeedReader: 	at com.android.server.am.BatteryStatsService.updateExternalStats(BatteryStatsService.java:1366)
05-07 14:57:36.046  2491  3799 E KernelCpuSpeedReader: 	at com.android.server.am.BatteryStatsService.dump(BatteryStatsService.java:1138)
05-07 14:57:36.046  2491  3799 E KernelCpuSpeedReader: 	at android.os.Binder.dump(Binder.java:326)
05-07 14:57:36.046  2491  3799 E KernelCpuSpeedReader: 	at android.os.Binder.onTransact(Binder.java:292)
05-07 14:57:36.046  2491  3799 E KernelCpuSpeedReader: 	at com.android.internal.app.IBatteryStats$Stub.onTransact(IBatteryStats.java:888)
05-07 14:57:36.046  2491  3799 E KernelCpuSpeedReader: 	at android.os.Binder.execTransact(Binder.java:453)
05-07 14:57:36.046  2491  3799 E KernelCpuSpeedReader: Caused by: android.system.ErrnoException: open failed: ENOENT (No such file or directory)
05-07 14:57:36.046  2491  3799 E KernelCpuSpeedReader: 	at libcore.io.Posix.open(Native Method)
05-07 14:57:36.046  2491  3799 E KernelCpuSpeedReader: 	at libcore.io.BlockGuardOs.open(BlockGuardOs.java:186)
05-07 14:57:36.046  2491  3799 E KernelCpuSpeedReader: 	at libcore.io.IoBridge.open(IoBridge.java:438)
05-07 14:57:36.046  2491  3799 E KernelCpuSpeedReader: 	... 11 more
05-07 14:57:36.047  2491  3799 E KernelUidCpuTimeReader: Failed to read uid_cputime
05-07 14:57:36.047  2491  3799 E KernelUidCpuTimeReader: java.io.FileNotFoundException: /proc/uid_cputime/show_uid_stat: open failed: ENOENT (No such file or directory)
05-07 14:57:36.047  2491  3799 E KernelUidCpuTimeReader: 	at libcore.io.IoBridge.open(IoBridge.java:452)
05-07 14:57:36.047  2491  3799 E KernelUidCpuTimeReader: 	at java.io.FileInputStream.<init>(FileInputStream.java:76)
05-07 14:57:36.047  2491  3799 E KernelUidCpuTimeReader: 	at java.io.FileInputStream.<init>(FileInputStream.java:103)
05-07 14:57:36.047  2491  3799 E KernelUidCpuTimeReader: 	at java.io.FileReader.<init>(FileReader.java:66)
05-07 14:57:36.047  2491  3799 E KernelUidCpuTimeReader: 	at com.android.internal.os.KernelUidCpuTimeReader.readDelta(KernelUidCpuTimeReader.java:71)
05-07 14:57:36.047  2491  3799 E KernelUidCpuTimeReader: 	at com.android.internal.os.BatteryStatsImpl.updateCpuTimeLocked(BatteryStatsImpl.java:8031)
05-07 14:57:36.047  2491  3799 E KernelUidCpuTimeReader: 	at com.android.server.am.BatteryStatsService.updateExternalStats(BatteryStatsService.java:1366)
05-07 14:57:36.047  2491  3799 E KernelUidCpuTimeReader: 	at com.android.server.am.BatteryStatsService.dump(BatteryStatsService.java:1138)
05-07 14:57:36.047  2491  3799 E KernelUidCpuTimeReader: 	at android.os.Binder.dump(Binder.java:326)
05-07 14:57:36.047  2491  3799 E KernelUidCpuTimeReader: 	at android.os.Binder.onTransact(Binder.java:292)
05-07 14:57:36.047  2491  3799 E KernelUidCpuTimeReader: 	at com.android.internal.app.IBatteryStats$Stub.onTransact(IBatteryStats.java:888)
05-07 14:57:36.047  2491  3799 E KernelUidCpuTimeReader: 	at android.os.Binder.execTransact(Binder.java:453)
05-07 14:57:36.047  2491  3799 E KernelUidCpuTimeReader: Caused by: android.system.ErrnoException: open failed: ENOENT (No such file or directory)
05-07 14:57:36.047  2491  3799 E KernelUidCpuTimeReader: 	at libcore.io.Posix.open(Native Method)
05-07 14:57:36.047  2491  3799 E KernelUidCpuTimeReader: 	at libcore.io.BlockGuardOs.open(BlockGuardOs.java:186)
05-07 14:57:36.047  2491  3799 E KernelUidCpuTimeReader: 	at libcore.io.IoBridge.open(IoBridge.java:438)
05-07 14:57:36.047  2491  3799 E KernelUidCpuTimeReader: 	... 11 more
05-07 14:57:38.904  2491  2503 I ActivityManager: Start proc 22590:com.android.printspooler/u0a48 for service com.android.printspooler/.model.PrintSpoolerService
05-07 14:57:38.959  2491  3800 I ProcessStatsService: Added stats: 2018-05-05-02-07-00, over +3h1m1s974ms
05-07 14:57:38.960  2491  3800 I ProcessStatsService: Added stats: 2018-05-04-15-49-59, over +3h0m27s839ms
05-07 14:57:38.962  2491  3800 I ProcessStatsService: Added stats: 2018-05-04-12-39-00, over +3h0m58s443ms
05-07 14:57:38.963  2491  3800 I ProcessStatsService: Added stats: 2018-05-03-19-48-37, over +3h0m46s374ms
05-07 14:57:38.966  2491  3800 I ProcessStatsService: Added stats: 2018-05-03-10-24-36, over +3h0m30s907ms
05-07 14:57:39.002  2491  3800 I ProcessStatsService: Added stats: 2018-05-05-02-07-00, over +3h1m1s974ms
05-07 14:57:39.032  2491  2502 I Telecom : PhoneAccountRegistrar: SimCallManager queried, returning: null
05-07 14:57:39.151  2491  2752 E KernelCpuSpeedReader: Failed to read cpu-freq
05-07 14:57:39.151  2491  2752 E KernelCpuSpeedReader: java.io.FileNotFoundException: /sys/devices/system/cpu/cpu0/cpufreq/stats/time_in_state: open failed: ENOENT (No such file or directory)
05-07 14:57:39.151  2491  2752 E KernelCpuSpeedReader: 	at libcore.io.IoBridge.open(IoBridge.java:452)
05-07 14:57:39.151  2491  2752 E KernelCpuSpeedReader: 	at java.io.FileInputStream.<init>(FileInputStream.java:76)
05-07 14:57:39.151  2491  2752 E KernelCpuSpeedReader: 	at java.io.FileInputStream.<init>(FileInputStream.java:103)
05-07 14:57:39.151  2491  2752 E KernelCpuSpeedReader: 	at java.io.FileReader.<init>(FileReader.java:66)
05-07 14:57:39.151  2491  2752 E KernelCpuSpeedReader: 	at com.android.internal.os.KernelCpuSpeedReader.readDelta(KernelCpuSpeedReader.java:49)
05-07 14:57:39.151  2491  2752 E KernelCpuSpeedReader: 	at com.android.internal.os.BatteryStatsImpl.updateCpuTimeLocked(BatteryStatsImpl.java:8002)
05-07 14:57:39.151  2491  2752 E KernelCpuSpeedReader: 	at com.android.server.am.BatteryStatsService.updateExternalStats(BatteryStatsService.java:1366)
05-07 14:57:39.151  2491  2752 E KernelCpuSpeedReader: 	at com.android.server.am.BatteryStatsService.dump(BatteryStatsService.java:1138)
05-07 14:57:39.151  2491  2752 E KernelCpuSpeedReader: 	at android.os.Binder.dump(Binder.java:326)
05-07 14:57:39.151  2491  2752 E KernelCpuSpeedReader: 	at android.os.Binder.onTransact(Binder.java:292)
05-07 14:57:39.151  2491  2752 E KernelCpuSpeedReader: 	at com.android.internal.app.IBatteryStats$Stub.onTransact(IBatteryStats.java:888)
05-07 14:57:39.151  2491  2752 E KernelCpuSpeedReader: 	at android.os.Binder.execTransact(Binder.java:453)
05-07 14:57:39.151  2491  2752 E KernelCpuSpeedReader: Caused by: android.system.ErrnoException: open failed: ENOENT (No such file or directory)
05-07 14:57:39.151  2491  2752 E KernelCpuSpeedReader: 	at libcore.io.Posix.open(Native Method)
05-07 14:57:39.151  2491  2752 E KernelCpuSpeedReader: 	at libcore.io.BlockGuardOs.open(BlockGuardOs.java:186)
05-07 14:57:39.151  2491  2752 E KernelCpuSpeedReader: 	at libcore.io.IoBridge.open(IoBridge.java:438)
05-07 14:57:39.151  2491  2752 E KernelCpuSpeedReader: 	... 11 more
05-07 14:57:39.152  2491  2752 E KernelUidCpuTimeReader: Failed to read uid_cputime
05-07 14:57:39.152  2491  2752 E KernelUidCpuTimeReader: java.io.FileNotFoundException: /proc/uid_cputime/show_uid_stat: open failed: ENOENT (No such file or directory)
05-07 14:57:39.152  2491  2752 E KernelUidCpuTimeReader: 	at libcore.io.IoBridge.open(IoBridge.java:452)
05-07 14:57:39.152  2491  2752 E KernelUidCpuTimeReader: 	at java.io.FileInputStream.<init>(FileInputStream.java:76)
05-07 14:57:39.152  2491  2752 E KernelUidCpuTimeReader: 	at java.io.FileInputStream.<init>(FileInputStream.java:103)
05-07 14:57:39.152  2491  2752 E KernelUidCpuTimeReader: 	at java.io.FileReader.<init>(FileReader.java:66)
05-07 14:57:39.152  2491  2752 E KernelUidCpuTimeReader: 	at com.android.internal.os.KernelUidCpuTimeReader.readDelta(KernelUidCpuTimeReader.java:71)
05-07 14:57:39.152  2491  2752 E KernelUidCpuTimeReader: 	at com.android.internal.os.BatteryStatsImpl.updateCpuTimeLocked(BatteryStatsImpl.java:8031)
05-07 14:57:39.152  2491  2752 E KernelUidCpuTimeReader: 	at com.android.server.am.BatteryStatsService.updateExternalStats(BatteryStatsService.java:1366)
05-07 14:57:39.152  2491  2752 E KernelUidCpuTimeReader: 	at com.android.server.am.BatteryStatsService.dump(BatteryStatsService.java:1138)
05-07 14:57:39.152  2491  2752 E KernelUidCpuTimeReader: 	at android.os.Binder.dump(Binder.java:326)
05-07 14:57:39.152  2491  2752 E KernelUidCpuTimeReader: 	at android.os.Binder.onTransact(Binder.java:292)
05-07 14:57:39.152  2491  2752 E KernelUidCpuTimeReader: 	at com.android.internal.app.IBatteryStats$Stub.onTransact(IBatteryStats.java:888)
05-07 14:57:39.152  2491  2752 E KernelUidCpuTimeReader: 	at android.os.Binder.execTransact(Binder.java:453)
05-07 14:57:39.152  2491  2752 E KernelUidCpuTimeReader: Caused by: android.system.ErrnoException: open failed: ENOENT (No such file or directory)
05-07 14:57:39.152  2491  2752 E KernelUidCpuTimeReader: 	at libcore.io.Posix.open(Native Method)
05-07 14:57:39.152  2491  2752 E KernelUidCpuTimeReader: 	at libcore.io.BlockGuardOs.open(BlockGuardOs.java:186)
05-07 14:57:39.152  2491  2752 E KernelUidCpuTimeReader: 	at libcore.io.IoBridge.open(IoBridge.java:438)
05-07 14:57:39.152  2491  2752 E KernelUidCpuTimeReader: 	... 11 more
05-07 14:57:41.448  2491  6029 I ProcessStatsService: Added stats: 2018-05-05-02-07-00, over +3h1m1s974ms
05-07 14:57:41.449  2491  6029 I ProcessStatsService: Added stats: 2018-05-04-15-49-59, over +3h0m27s839ms
05-07 14:57:41.451  2491  6029 I ProcessStatsService: Added stats: 2018-05-04-12-39-00, over +3h0m58s443ms
05-07 14:57:41.452  2491  6029 I ProcessStatsService: Added stats: 2018-05-03-19-48-37, over +3h0m46s374ms
05-07 14:57:41.455  2491  6029 I ProcessStatsService: Added stats: 2018-05-03-10-24-36, over +3h0m30s907ms
05-07 14:57:41.468  2491  6029 I ProcessStatsService: Added stats: 2018-05-05-02-07-00, over +3h1m1s974ms
05-07 14:57:41.670  2491  3799 I ActivityManager: Start proc 22626:android.process.media/u0a6 for content provider com.android.providers.media/.MediaProvider
05-07 14:57:42.285  2491  2756 I ActivityManager: Killing 19814:com.svox.pico/u0a45 (adj 15): empty for 9171s
05-07 14:57:43.938  2491  3295 I ActivityManager: Killing 14445:android.process.acore/u0a2 (adj 15): empty for 9173s
05-07 14:59:11.589  2491  2506 I ActivityManager: Config changes=480 {1.0 310mcc260mnc en_US ldltr sw411dp w689dp h387dp 420dpi nrml land finger -keyb/v/h dpad/v s.11}
05-07 14:59:11.709  2491  6030 I ActivityManager: Start proc 22768:android.process.acore/u0a2 for content provider com.android.providers.contacts/.ContactsProvider2
05-07 14:59:11.952  2491  2510 I WindowManager: Screen frozen for +439ms due to Window{61e8143 u0 NavigationBar}
05-07 14:59:11.998  2491  2503 I ActivityManager: Killing 19764:com.android.defcontainer/u0a4 (adj 15): empty for 9254s
05-07 14:59:14.297  2491  2510 I WindowManager: Screen frozen for +93ms due to Window{61e8143 u0 NavigationBar}
05-07 14:59:15.763  2491  2506 I ActivityManager: Config changes=480 {1.0 310mcc260mnc en_US ldltr sw411dp w411dp h659dp 420dpi nrml port finger -keyb/v/h dpad/v s.12}
05-07 14:59:16.105  2491  2510 I WindowManager: Screen frozen for +401ms due to Window{61e8143 u0 NavigationBar}
05-07 15:02:43.159  2491  2504 I UsageStatsService: User[0] Flushing usage stats to disk
05-07 15:28:19.974  2491  2507 E KernelCpuSpeedReader: Failed to read cpu-freq
05-07 15:28:19.974  2491  2507 E KernelCpuSpeedReader: java.io.FileNotFoundException: /sys/devices/system/cpu/cpu0/cpufreq/stats/time_in_state: open failed: ENOENT (No such file or directory)
05-07 15:28:19.974  2491  2507 E KernelCpuSpeedReader: 	at libcore.io.IoBridge.open(IoBridge.java:452)
05-07 15:28:19.974  2491  2507 E KernelCpuSpeedReader: 	at java.io.FileInputStream.<init>(FileInputStream.java:76)
05-07 15:28:19.974  2491  2507 E KernelCpuSpeedReader: 	at java.io.FileInputStream.<init>(FileInputStream.java:103)
05-07 15:28:19.974  2491  2507 E KernelCpuSpeedReader: 	at java.io.FileReader.<init>(FileReader.java:66)
05-07 15:28:19.974  2491  2507 E KernelCpuSpeedReader: 	at com.android.internal.os.KernelCpuSpeedReader.readDelta(KernelCpuSpeedReader.java:49)
05-07 15:28:19.974  2491  2507 E KernelCpuSpeedReader: 	at com.android.internal.os.BatteryStatsImpl.updateCpuTimeLocked(BatteryStatsImpl.java:8002)
05-07 15:28:19.974  2491  2507 E KernelCpuSpeedReader: 	at com.android.server.am.BatteryStatsService.updateExternalStats(BatteryStatsService.java:1366)
05-07 15:28:19.974  2491  2507 E KernelCpuSpeedReader: 	at com.android.server.am.BatteryStatsService$BatteryStatsHandler.handleMessage(BatteryStatsService.java:125)
05-07 15:28:19.974  2491  2507 E KernelCpuSpeedReader: 	at android.os.Handler.dispatchMessage(Handler.java:102)
05-07 15:28:19.974  2491  2507 E KernelCpuSpeedReader: 	at android.os.Looper.loop(Looper.java:148)
05-07 15:28:19.974  2491  2507 E KernelCpuSpeedReader: 	at android.os.HandlerThread.run(HandlerThread.java:61)
05-07 15:28:19.974  2491  2507 E KernelCpuSpeedReader: 	at com.android.server.ServiceThread.run(ServiceThread.java:46)
05-07 15:28:19.974  2491  2507 E KernelCpuSpeedReader: Caused by: android.system.ErrnoException: open failed: ENOENT (No such file or directory)
05-07 15:28:19.974  2491  2507 E KernelCpuSpeedReader: 	at libcore.io.Posix.open(Native Method)
05-07 15:28:19.974  2491  2507 E KernelCpuSpeedReader: 	at libcore.io.BlockGuardOs.open(BlockGuardOs.java:186)
05-07 15:28:19.974  2491  2507 E KernelCpuSpeedReader: 	at libcore.io.IoBridge.open(IoBridge.java:438)
05-07 15:28:19.974  2491  2507 E KernelCpuSpeedReader: 	... 11 more
05-07 15:28:19.974  2491  2507 E KernelUidCpuTimeReader: Failed to read uid_cputime
05-07 15:28:19.974  2491  2507 E KernelUidCpuTimeReader: java.io.FileNotFoundException: /proc/uid_cputime/show_uid_stat: open failed: ENOENT (No such file or directory)
05-07 15:28:19.974  2491  2507 E KernelUidCpuTimeReader: 	at libcore.io.IoBridge.open(IoBridge.java:452)
05-07 15:28:19.974  2491  2507 E KernelUidCpuTimeReader: 	at java.io.FileInputStream.<init>(FileInputStream.java:76)
05-07 15:28:19.974  2491  2507 E KernelUidCpuTimeReader: 	at java.io.FileInputStream.<init>(FileInputStream.java:103)
05-07 15:28:19.974  2491  2507 E KernelUidCpuTimeReader: 	at java.io.FileReader.<init>(FileReader.java:66)
05-07 15:28:19.974  2491  2507 E KernelUidCpuTimeReader: 	at com.android.internal.os.KernelUidCpuTimeReader.readDelta(KernelUidCpuTimeReader.java:71)
05-07 15:28:19.974  2491  2507 E KernelUidCpuTimeReader: 	at com.android.internal.os.BatteryStatsImpl.updateCpuTimeLocked(BatteryStatsImpl.java:8031)
05-07 15:28:19.974  2491  2507 E KernelUidCpuTimeReader: 	at com.android.server.am.BatteryStatsService.updateExternalStats(BatteryStatsService.java:1366)
05-07 15:28:19.974  2491  2507 E KernelUidCpuTimeReader: 	at com.android.server.am.BatteryStatsService$BatteryStatsHandler.handleMessage(BatteryStatsService.java:125)
05-07 15:28:19.974  2491  2507 E KernelUidCpuTimeReader: 	at android.os.Handler.dispatchMessage(Handler.java:102)
05-07 15:28:19.974  2491  2507 E KernelUidCpuTimeReader: 	at android.os.Looper.loop(Looper.java:148)
05-07 15:28:19.974  2491  2507 E KernelUidCpuTimeReader: 	at android.os.HandlerThread.run(HandlerThread.java:61)
05-07 15:28:19.974  2491  2507 E KernelUidCpuTimeReader: 	at com.android.server.ServiceThread.run(ServiceThread.java:46)
05-07 15:28:19.974  2491  2507 E KernelUidCpuTimeReader: Caused by: android.system.ErrnoException: open failed: ENOENT (No such file or directory)
05-07 15:28:19.974  2491  2507 E KernelUidCpuTimeReader: 	at libcore.io.Posix.open(Native Method)
05-07 15:28:19.974  2491  2507 E KernelUidCpuTimeReader: 	at libcore.io.BlockGuardOs.open(BlockGuardOs.java:186)
05-07 15:28:19.974  2491  2507 E KernelUidCpuTimeReader: 	at libcore.io.IoBridge.open(IoBridge.java:438)
05-07 15:28:19.974  2491  2507 E KernelUidCpuTimeReader: 	... 11 more
05-07 15:28:48.904 20229 20229 W ViewRootImpl: Dropping event due to root view being removed: KeyEvent { action=ACTION_UP, keyCode=KEYCODE_R, scanCode=19, metaState=0, flags=0x8, repeatCount=0, eventTime=57628980, downTime=57628980, deviceId=0, source=0x301 }
05-07 15:28:54.656 20229 20229 W ViewRootImpl: Dropping event due to root view being removed: KeyEvent { action=ACTION_UP, keyCode=KEYCODE_R, scanCode=19, metaState=0, flags=0x8, repeatCount=0, eventTime=57634732, downTime=57634732, deviceId=0, source=0x301 }
05-07 15:29:05.649 20229 20229 W ViewRootImpl: Dropping event due to root view being removed: KeyEvent { action=ACTION_UP, keyCode=KEYCODE_R, scanCode=19, metaState=0, flags=0x8, repeatCount=0, eventTime=57645727, downTime=57645727, deviceId=0, source=0x301 }
05-07 15:30:55.812  2491  2756 I UsageStatsDatabase: Time changed by +9m17s833ms. files deleted: 0 files moved: 7
05-07 15:30:55.816  2491  2756 I UsageStatsService: User[0] Rollover scheduled @ 2018-05-08 05:30:00(1525737600000)
05-07 15:30:57.350  2491  2515 I ActivityManager: Start proc 23102:com.android.defcontainer/u0a4 for service com.android.defcontainer/.DefaultContainerService
05-07 15:31:00.170  2491  2505 I ActivityManager: Force stopping com.myapp appid=10061 user=-1: uninstall pkg
05-07 15:31:00.170  2491  2505 I ActivityManager: Killing 20229:com.myapp/u0a61 (adj 0): stop com.myapp
05-07 15:31:00.194  2491  2515 I PackageManager: Package com.myapp codePath changed from /data/app/com.myapp-1 to /data/app/com.myapp-2; Retaining data and using new
05-07 15:31:00.194  2491  2515 W PackageManager: Code path for com.myapp changing from /data/app/com.myapp-1 to /data/app/com.myapp-2
05-07 15:31:00.194  2491  2515 W PackageManager: Resource path for com.myapp changing from /data/app/com.myapp-1 to /data/app/com.myapp-2
05-07 15:31:00.205  2491  2756 I WindowState: WIN DEATH: Window{862f509 u0 com.myapp/com.myapp.MainActivity}
05-07 15:31:00.215  2491  2505 W ActivityManager: Force removing ActivityRecord{fa33574 u0 com.myapp/.MainActivity t10}: app died, no saved state
05-07 15:31:00.227  2491  2505 I ActivityManager: Force stopping com.myapp appid=10061 user=-1: replace pkg
05-07 15:31:00.230  2491  3800 W ActivityManager: Spurious death for ProcessRecord{7c54bb0 0:com.myapp/u0a61}, curProc for 20229: null
05-07 15:31:00.294  2491  2515 W PackageManager: Couldn't remove dex file for package:  at location /data/app/com.myapp-1/base.apk, retcode=-1
05-07 15:31:00.298  2491  2515 I ActivityManager: Force stopping com.myapp appid=10061 user=0: pkg removed
05-07 15:31:00.324  2491  2491 D JobSchedulerService: Receieved: android.intent.action.PACKAGE_REMOVED
05-07 15:31:00.418  2491  6029 W InputMethodManagerService: Got RemoteException sending setActive(false) notification to pid 20229 uid 10061
05-07 15:31:00.521  2491  2752 I ActivityManager: Start proc 23137:com.android.keychain/1000 for broadcast com.android.keychain/.KeyChainBroadcastReceiver
05-07 15:31:00.630 23137 23137 W ContextImpl: Calling a method in the system process without a qualified user: android.app.ContextImpl.startService:1221 android.content.ContextWrapper.startService:581 android.content.ContextWrapper.startService:581 com.android.keychain.KeyChainBroadcastReceiver.onReceive:12 android.app.ActivityThread.handleReceiver:2725 
05-07 15:31:00.762  2491  2757 I ActivityManager: Start proc 23152:com.svox.pico/u0a45 for broadcast com.svox.pico/.VoiceDataInstallerReceiver
05-07 15:31:02.029  2491  3290 I ActivityManager: START u0 {flg=0x10000000 cmp=com.myapp/.MainActivity} from uid 0 on display 0
05-07 15:31:02.077  2491  2757 I ActivityManager: Start proc 23180:com.myapp/u0a61 for activity com.myapp/.MainActivity
05-07 15:32:00.056  2491  2491 I ActivityManager: Killing 21070:com.google.android.gms.unstable/u0a8 (adj 15): empty for 1809s
05-07 15:33:17.898  2491  3295 I ActivityManager: START u0 {act=com.android.systemui.recents.SHOW_RECENTS flg=0x10804000 cmp=com.android.systemui/.recents.RecentsActivity} from uid 10015 on display 0
05-07 15:33:17.959  2491  2505 I ProcessStatsService: Prepared write state in 1ms
05-07 15:33:17.959  2491  2505 I ProcessStatsService: Prepared write state in 0ms
05-07 15:33:19.876  2491  2751 I ActivityManager: Killing 23180:com.myapp/u0a61 (adj 9): remove task
05-07 15:33:19.924  2491  3799 I WindowState: WIN DEATH: Window{47a980c u0 com.myapp/com.myapp.MainActivity}
05-07 15:33:20.933  2491  6030 I ActivityManager: START u0 {act=android.intent.action.MAIN cat=[android.intent.category.HOME] flg=0x10200000 cmp=com.android.launcher3/.Launcher} from uid 10015 on display 0
05-07 15:33:20.946  2491  2503 I ActivityManager: Killing 3094:com.google.android.googlequicksearchbox:search/u0a16 (adj 9): remove task
05-07 15:33:20.961  2491  2614 D WifiService: Client connection lost with reason: 4
05-07 15:33:26.316  2491  2663 I ActivityManager: START u0 {act=android.intent.action.MAIN cat=[android.intent.category.LAUNCHER] flg=0x10200000 cmp=com.myapp/.MainActivity (has extras)} from uid 10009 on display 0
05-07 15:33:26.346  2491  2505 W BroadcastQueue: Permission Denial: broadcasting Intent { act=com.android.launcher3.action.LAUNCH flg=0x10 (has extras) } from com.android.launcher3 (pid=3815, uid=10009) requires com.google.android.launcher.permission.RECEIVE_LAUNCH_BROADCASTS due to receiver com.google.android.gms/.icing.proxy.ApplicationLauncherReceiver
05-07 15:33:26.346  2491  2505 W BroadcastQueue: Permission Denial: receiving Intent { act=com.android.launcher3.action.LAUNCH flg=0x10 (has extras) } to com.google.android.gms/.chimera.GmsIntentOperationService$GmsExternalReceiver requires com.android.launcher3.permission.RECEIVE_LAUNCH_BROADCASTS due to sender com.android.launcher3 (uid 10009)
05-07 15:33:26.347  2491  2505 W BroadcastQueue: Permission Denial: broadcasting Intent { act=com.android.launcher3.action.LAUNCH flg=0x10 (has extras) } from com.android.launcher3 (pid=3815, uid=10009) requires com.google.android.launcher.permission.RECEIVE_LAUNCH_BROADCASTS due to receiver com.google.android.googlequicksearchbox/com.google.android.search.core.icingsync.ApplicationLaunchReceiver
05-07 15:33:26.399  2491  2502 I ActivityManager: Start proc 23262:com.myapp/u0a61 for activity com.myapp/.MainActivity
05-07 15:33:51.487  2491  2752 I ActivityManager: START u0 {act=com.android.systemui.recents.SHOW_RECENTS flg=0x10804000 cmp=com.android.systemui/.recents.RecentsActivity} from uid 10015 on display 0
05-07 15:33:53.317  2491  2751 I ActivityManager: START u0 {act=android.intent.action.MAIN cat=[android.intent.category.HOME] flg=0x10200000 cmp=com.android.launcher3/.Launcher} from uid 10015 on display 0
05-07 15:33:53.344  2491  6029 I ActivityManager: Killing 23262:com.myapp/u0a61 (adj 9): remove task
05-07 15:33:53.416  2491  2752 I WindowState: WIN DEATH: Window{c9cae2b u0 com.myapp/com.myapp.MainActivity}
05-07 15:34:25.267  2491  2505 I ActivityManager: Force stopping com.myapp appid=10061 user=-1: uninstall pkg
05-07 15:34:25.292  2491  2515 I PackageManager: Package com.myapp codePath changed from /data/app/com.myapp-2 to /data/app/com.myapp-1; Retaining data and using new
05-07 15:34:25.293  2491  2515 W PackageManager: Code path for com.myapp changing from /data/app/com.myapp-2 to /data/app/com.myapp-1
05-07 15:34:25.293  2491  2505 I ActivityManager: Force stopping com.myapp appid=10061 user=-1: replace pkg
05-07 15:34:25.294  2491  2515 W PackageManager: Resource path for com.myapp changing from /data/app/com.myapp-2 to /data/app/com.myapp-1
05-07 15:34:25.380  2491  2515 W PackageManager: Couldn't remove dex file for package:  at location /data/app/com.myapp-2/base.apk, retcode=-1
05-07 15:34:25.386  2491  2515 I ActivityManager: Force stopping com.myapp appid=10061 user=0: pkg removed
05-07 15:34:25.428  2491  2491 D JobSchedulerService: Receieved: android.intent.action.PACKAGE_REMOVED
05-07 15:34:25.496  2491  3290 I ActivityManager: Start proc 23355:com.google.android.googlequicksearchbox:search/u0a16 for broadcast com.google.android.googlequicksearchbox/com.google.android.search.core.icingsync.IcingCorporaChangedReceiver
05-07 15:34:25.644 23137 23137 W ContextImpl: Calling a method in the system process without a qualified user: android.app.ContextImpl.startService:1221 android.content.ContextWrapper.startService:581 android.content.ContextWrapper.startService:581 com.android.keychain.KeyChainBroadcastReceiver.onReceive:12 android.app.ActivityThread.handleReceiver:2725 
05-07 15:34:25.906 23355 23390 E ActivityThread: Failed to find provider info for com.google.android.partnersetup.rlzappprovider
05-07 15:34:26.400  2491  2752 I ActivityManager: START u0 {flg=0x10000000 cmp=com.myapp/.MainActivity} from uid 0 on display 0
05-07 15:34:26.425  2491  2757 I ActivityManager: Start proc 23406:com.myapp/u0a61 for activity com.myapp/.MainActivity
05-07 15:34:47.458  2491  3295 W InputMethodManagerService: Window already focused, ignoring focus gain of: com.android.internal.view.IInputMethodClient$Stub$Proxy@bcb5f4d attribute=null, token = android.os.BinderProxy@d9cd987
05-07 15:35:30.482  2491  3814 I ActivityManager: START u0 {act=com.android.systemui.recents.SHOW_RECENTS flg=0x10804000 cmp=com.android.systemui/.recents.RecentsActivity} from uid 10015 on display 0
05-07 15:35:31.695  2491  2755 I ActivityManager: START u0 {act=android.intent.action.MAIN cat=[android.intent.category.HOME] flg=0x10200000 cmp=com.android.launcher3/.Launcher} from uid 10015 on display 0
05-07 15:35:31.723  2491  6029 I ActivityManager: Killing 23406:com.myapp/u0a61 (adj 9): remove task
05-07 15:35:31.767  2491  3814 I WindowState: WIN DEATH: Window{b79f0b4 u0 com.myapp/com.myapp.MainActivity}
05-07 15:35:34.720  2491  3295 I ActivityManager: START u0 {act=android.intent.action.MAIN cat=[android.intent.category.LAUNCHER] flg=0x10200000 cmp=com.myapp/.MainActivity (has extras)} from uid 10009 on display 0
05-07 15:35:34.744  2491  2505 W BroadcastQueue: Permission Denial: broadcasting Intent { act=com.android.launcher3.action.LAUNCH flg=0x10 (has extras) } from com.android.launcher3 (pid=3815, uid=10009) requires com.google.android.launcher.permission.RECEIVE_LAUNCH_BROADCASTS due to receiver com.google.android.gms/.icing.proxy.ApplicationLauncherReceiver
05-07 15:35:34.744  2491  2505 W BroadcastQueue: Permission Denial: receiving Intent { act=com.android.launcher3.action.LAUNCH flg=0x10 (has extras) } to com.google.android.gms/.chimera.GmsIntentOperationService$GmsExternalReceiver requires com.android.launcher3.permission.RECEIVE_LAUNCH_BROADCASTS due to sender com.android.launcher3 (uid 10009)
05-07 15:35:34.744  2491  2505 W BroadcastQueue: Permission Denial: broadcasting Intent { act=com.android.launcher3.action.LAUNCH flg=0x10 (has extras) } from com.android.launcher3 (pid=3815, uid=10009) requires com.google.android.launcher.permission.RECEIVE_LAUNCH_BROADCASTS due to receiver com.google.android.googlequicksearchbox/com.google.android.search.core.icingsync.ApplicationLaunchReceiver
05-07 15:35:34.769  2491  3290 I ActivityManager: Start proc 23467:com.myapp/u0a61 for activity com.myapp/.MainActivity
05-07 15:36:31.621  2491  3290 W InputMethodManagerService: Window already focused, ignoring focus gain of: com.android.internal.view.IInputMethodClient$Stub$Proxy@9ece25e attribute=null, token = android.os.BinderProxy@ca47bb0
05-07 15:37:00.002  2491  2491 I ActivityManager: Killing 22626:android.process.media/u0a6 (adj 15): empty for 1800s
05-07 15:37:05.541  2491  3290 I ActivityManager: Killing 22590:com.android.printspooler/u0a48 (adj 15): empty for 1803s
05-07 15:37:47.549  2491  3800 W InputMethodManagerService: Window already focused, ignoring focus gain of: com.android.internal.view.IInputMethodClient$Stub$Proxy@da8f6d3 attribute=null, token = android.os.BinderProxy@ca47bb0
--------- beginning of crash
05-07 15:37:47.596 23467 23544 E AndroidRuntime: FATAL EXCEPTION: mqt_js
05-07 15:37:47.596 23467 23544 E AndroidRuntime: Process: com.myapp, PID: 23467
05-07 15:37:47.596 23467 23544 E AndroidRuntime: java.lang.AssertionError
05-07 15:37:47.596 23467 23544 E AndroidRuntime: 	at com.facebook.infer.annotation.Assertions.assertNotNull(Assertions.java:28)
05-07 15:37:47.596 23467 23544 E AndroidRuntime: 	at com.facebook.react.bridge.ReactContext.getCatalystInstance(ReactContext.java:123)
05-07 15:37:47.596 23467 23544 E AndroidRuntime: 	at com.facebook.react.modules.debug.SourceCodeModule.getConstants(SourceCodeModule.java:45)
05-07 15:37:47.596 23467 23544 E AndroidRuntime: 	at com.facebook.react.bridge.JavaModuleWrapper.getConstants(JavaModuleWrapper.java:138)
05-07 15:37:47.596 23467 23544 E AndroidRuntime: 	at com.facebook.react.bridge.queue.NativeRunnable.run(Native Method)
05-07 15:37:47.596 23467 23544 E AndroidRuntime: 	at android.os.Handler.handleCallback(Handler.java:739)
05-07 15:37:47.596 23467 23544 E AndroidRuntime: 	at android.os.Handler.dispatchMessage(Handler.java:95)
05-07 15:37:47.596 23467 23544 E AndroidRuntime: 	at com.facebook.react.bridge.queue.MessageQueueThreadHandler.dispatchMessage(MessageQueueThreadHandler.java:29)
05-07 15:37:47.596 23467 23544 E AndroidRuntime: 	at android.os.Looper.loop(Looper.java:148)
05-07 15:37:47.596 23467 23544 E AndroidRuntime: 	at com.facebook.react.bridge.queue.MessageQueueThreadImpl$3.run(MessageQueueThreadImpl.java:192)
05-07 15:37:47.596 23467 23544 E AndroidRuntime: 	at java.lang.Thread.run(Thread.java:818)
05-07 15:37:47.598  2491  2756 W ActivityManager:   Force finishing activity com.myapp/.MainActivity
05-07 15:37:47.631  2491  2505 W BroadcastQueue: Skipping deliver [background] BroadcastRecord{4022d2f u-1 android.net.conn.CONNECTIVITY_CHANGE} to ReceiverList{a2a4109 23467 com.myapp/10061/u0 remote:6579210}: process crashing
05-07 15:37:50.939  2491  2663 W InputMethodManagerService: Got RemoteException sending setActive(false) notification to pid 23467 uid 10061
05-07 15:37:50.950  2491  2502 I ActivityManager: Process com.myapp (pid 23467) has died
05-07 15:37:51.114  2491  2510 W AppOps  : Finishing op nesting under-run: uid 1000 pkg android code 24 time=0 duration=0 nesting=0
05-07 15:37:52.465  2491  3799 I ActivityManager: START u0 {act=android.intent.action.MAIN cat=[android.intent.category.LAUNCHER] flg=0x10200000 cmp=com.myapp/.MainActivity (has extras)} from uid 10009 on display 0
05-07 15:37:52.481  2491  2505 W BroadcastQueue: Permission Denial: broadcasting Intent { act=com.android.launcher3.action.LAUNCH flg=0x10 (has extras) } from com.android.launcher3 (pid=3815, uid=10009) requires com.google.android.launcher.permission.RECEIVE_LAUNCH_BROADCASTS due to receiver com.google.android.gms/.icing.proxy.ApplicationLauncherReceiver
05-07 15:37:52.481  2491  2505 W BroadcastQueue: Permission Denial: receiving Intent { act=com.android.launcher3.action.LAUNCH flg=0x10 (has extras) } to com.google.android.gms/.chimera.GmsIntentOperationService$GmsExternalReceiver requires com.android.launcher3.permission.RECEIVE_LAUNCH_BROADCASTS due to sender com.android.launcher3 (uid 10009)
05-07 15:37:52.481  2491  2505 W BroadcastQueue: Permission Denial: broadcasting Intent { act=com.android.launcher3.action.LAUNCH flg=0x10 (has extras) } from com.android.launcher3 (pid=3815, uid=10009) requires com.google.android.launcher.permission.RECEIVE_LAUNCH_BROADCASTS due to receiver com.google.android.googlequicksearchbox/com.google.android.search.core.icingsync.ApplicationLaunchReceiver
05-07 15:37:52.511  2491  2752 I ActivityManager: Start proc 23555:com.myapp/u0a61 for activity com.myapp/.MainActivity
05-07 15:38:07.707  2491  3290 W InputMethodManagerService: Window already focused, ignoring focus gain of: com.android.internal.view.IInputMethodClient$Stub$Proxy@4705a94 attribute=null, token = android.os.BinderProxy@fbfb1f6
05-07 15:39:52.123  2491  2755 W InputMethodManagerService: Window already focused, ignoring focus gain of: com.android.internal.view.IInputMethodClient$Stub$Proxy@8865ee2 attribute=null, token = android.os.BinderProxy@fbfb1f6
05-07 15:44:50.391  2491  6030 W InputMethodManagerService: Window already focused, ignoring focus gain of: com.android.internal.view.IInputMethodClient$Stub$Proxy@6a40a60 attribute=null, token = android.os.BinderProxy@fbfb1f6
05-07 15:49:39.548  2491  2505 I ActivityManager: Force stopping com.myapp appid=10061 user=-1: uninstall pkg
05-07 15:49:39.548  2491  2505 I ActivityManager: Killing 23555:com.myapp/u0a61 (adj 0): stop com.myapp
05-07 15:49:39.554  2491  2752 I WindowState: WIN DEATH: Window{c0c0fd5 u0 com.myapp/com.myapp.MainActivity}
05-07 15:49:39.560  2491  3290 I WindowState: WIN DEATH: Window{71be9f7 u0 com.myapp/com.myapp.MainActivity}
05-07 15:49:39.567  2491  2510 W WindowAnimator: Failed to dispatch window animation state change.
05-07 15:49:39.567  2491  2510 W WindowAnimator: android.os.DeadObjectException
05-07 15:49:39.567  2491  2510 W WindowAnimator: 	at android.os.BinderProxy.transactNative(Native Method)
05-07 15:49:39.567  2491  2510 W WindowAnimator: 	at android.os.BinderProxy.transact(Binder.java:503)
05-07 15:49:39.567  2491  2510 W WindowAnimator: 	at android.view.IWindow$Stub$Proxy.onAnimationStarted(IWindow.java:520)
05-07 15:49:39.567  2491  2510 W WindowAnimator: 	at com.android.server.wm.WindowAnimator.updateWindowsLocked(WindowAnimator.java:282)
05-07 15:49:39.567  2491  2510 W WindowAnimator: 	at com.android.server.wm.WindowAnimator.animateLocked(WindowAnimator.java:678)
05-07 15:49:39.567  2491  2510 W WindowAnimator: 	at com.android.server.wm.WindowAnimator.-wrap0(WindowAnimator.java)
05-07 15:49:39.567  2491  2510 W WindowAnimator: 	at com.android.server.wm.WindowAnimator$1.doFrame(WindowAnimator.java:123)
05-07 15:49:39.567  2491  2510 W WindowAnimator: 	at android.view.Choreographer$CallbackRecord.run(Choreographer.java:856)
05-07 15:49:39.567  2491  2510 W WindowAnimator: 	at android.view.Choreographer.doCallbacks(Choreographer.java:670)
05-07 15:49:39.567  2491  2510 W WindowAnimator: 	at android.view.Choreographer.doFrame(Choreographer.java:603)
05-07 15:49:39.567  2491  2510 W WindowAnimator: 	at android.view.Choreographer$FrameDisplayEventReceiver.run(Choreographer.java:844)
05-07 15:49:39.567  2491  2510 W WindowAnimator: 	at android.os.Handler.handleCallback(Handler.java:739)
05-07 15:49:39.567  2491  2510 W WindowAnimator: 	at android.os.Handler.dispatchMessage(Handler.java:95)
05-07 15:49:39.567  2491  2510 W WindowAnimator: 	at android.os.Looper.loop(Looper.java:148)
05-07 15:49:39.567  2491  2510 W WindowAnimator: 	at android.os.HandlerThread.run(HandlerThread.java:61)
05-07 15:49:39.567  2491  2510 W WindowAnimator: 	at com.android.server.ServiceThread.run(ServiceThread.java:46)
05-07 15:49:39.597  2491  2505 W ActivityManager: Force removing ActivityRecord{f7feb46 u0 com.myapp/.MainActivity t17}: app died, no saved state
05-07 15:49:39.599  2491  2515 I PackageManager: Package com.myapp codePath changed from /data/app/com.myapp-1 to /data/app/com.myapp-2; Retaining data and using new
05-07 15:49:39.599  2491  2515 W PackageManager: Code path for com.myapp changing from /data/app/com.myapp-1 to /data/app/com.myapp-2
05-07 15:49:39.599  2491  2515 W PackageManager: Resource path for com.myapp changing from /data/app/com.myapp-1 to /data/app/com.myapp-2
05-07 15:49:39.616  2491  2505 I ActivityManager: Force stopping com.myapp appid=10061 user=-1: replace pkg
05-07 15:49:39.618  2491  2502 W ActivityManager: Spurious death for ProcessRecord{ae438c0 0:com.myapp/u0a61}, curProc for 23555: null
05-07 15:49:39.825  2491  2515 W PackageManager: Couldn't remove dex file for package:  at location /data/app/com.myapp-1/base.apk, retcode=-1
05-07 15:49:39.827  2491  2515 I ActivityManager: Force stopping com.myapp appid=10061 user=0: pkg removed
05-07 15:49:39.839  2491  2510 W WindowAnimator: Failed to dispatch window animation state change.
05-07 15:49:39.839  2491  2510 W WindowAnimator: android.os.DeadObjectException
05-07 15:49:39.839  2491  2510 W WindowAnimator: 	at android.os.BinderProxy.transactNative(Native Method)
05-07 15:49:39.839  2491  2510 W WindowAnimator: 	at android.os.BinderProxy.transact(Binder.java:503)
05-07 15:49:39.839  2491  2510 W WindowAnimator: 	at android.view.IWindow$Stub$Proxy.onAnimationStopped(IWindow.java:534)
05-07 15:49:39.839  2491  2510 W WindowAnimator: 	at com.android.server.wm.WindowAnimator.updateWindowsLocked(WindowAnimator.java:286)
05-07 15:49:39.839  2491  2510 W WindowAnimator: 	at com.android.server.wm.WindowAnimator.animateLocked(WindowAnimator.java:678)
05-07 15:49:39.839  2491  2510 W WindowAnimator: 	at com.android.server.wm.WindowAnimator.-wrap0(WindowAnimator.java)
05-07 15:49:39.839  2491  2510 W WindowAnimator: 	at com.android.server.wm.WindowAnimator$1.doFrame(WindowAnimator.java:123)
05-07 15:49:39.839  2491  2510 W WindowAnimator: 	at android.view.Choreographer$CallbackRecord.run(Choreographer.java:856)
05-07 15:49:39.839  2491  2510 W WindowAnimator: 	at android.view.Choreographer.doCallbacks(Choreographer.java:670)
05-07 15:49:39.839  2491  2510 W WindowAnimator: 	at android.view.Choreographer.doFrame(Choreographer.java:603)
05-07 15:49:39.839  2491  2510 W WindowAnimator: 	at android.view.Choreographer$FrameDisplayEventReceiver.run(Choreographer.java:844)
05-07 15:49:39.839  2491  2510 W WindowAnimator: 	at android.os.Handler.handleCallback(Handler.java:739)
05-07 15:49:39.839  2491  2510 W WindowAnimator: 	at android.os.Handler.dispatchMessage(Handler.java:95)
05-07 15:49:39.839  2491  2510 W WindowAnimator: 	at android.os.Looper.loop(Looper.java:148)
05-07 15:49:39.839  2491  2510 W WindowAnimator: 	at android.os.HandlerThread.run(HandlerThread.java:61)
05-07 15:49:39.839  2491  2510 W WindowAnimator: 	at com.android.server.ServiceThread.run(ServiceThread.java:46)
05-07 15:49:39.852  2491  3799 W InputMethodManagerService: Got RemoteException sending setActive(false) notification to pid 23555 uid 10061
05-07 15:49:39.902  2491  2491 D JobSchedulerService: Receieved: android.intent.action.PACKAGE_REMOVED
05-07 15:49:40.055 23137 23137 W ContextImpl: Calling a method in the system process without a qualified user: android.app.ContextImpl.startService:1221 android.content.ContextWrapper.startService:581 android.content.ContextWrapper.startService:581 com.android.keychain.KeyChainBroadcastReceiver.onReceive:12 android.app.ActivityThread.handleReceiver:2725 
05-07 15:49:40.764  2491  2757 I ActivityManager: START u0 {flg=0x10000000 cmp=com.myapp/.MainActivity} from uid 0 on display 0
05-07 15:49:40.788  2491  3814 I ActivityManager: Start proc 23816:com.myapp/u0a61 for activity com.myapp/.MainActivity
05-07 15:50:57.454  2491  2504 I UsageStatsService: User[0] Flushing usage stats to disk
05-07 15:51:41.817  2491  2503 W InputMethodManagerService: Window already focused, ignoring focus gain of: com.android.internal.view.IInputMethodClient$Stub$Proxy@e65791a attribute=android.view.inputmethod.EditorInfo@36ac4b, token = android.os.BinderProxy@5c2de3
05-07 15:58:19.978  2491  2507 E KernelCpuSpeedReader: Failed to read cpu-freq
05-07 15:58:19.978  2491  2507 E KernelCpuSpeedReader: java.io.FileNotFoundException: /sys/devices/system/cpu/cpu0/cpufreq/stats/time_in_state: open failed: ENOENT (No such file or directory)
05-07 15:58:19.978  2491  2507 E KernelCpuSpeedReader: 	at libcore.io.IoBridge.open(IoBridge.java:452)
05-07 15:58:19.978  2491  2507 E KernelCpuSpeedReader: 	at java.io.FileInputStream.<init>(FileInputStream.java:76)
05-07 15:58:19.978  2491  2507 E KernelCpuSpeedReader: 	at java.io.FileInputStream.<init>(FileInputStream.java:103)
05-07 15:58:19.978  2491  2507 E KernelCpuSpeedReader: 	at java.io.FileReader.<init>(FileReader.java:66)
05-07 15:58:19.978  2491  2507 E KernelCpuSpeedReader: 	at com.android.internal.os.KernelCpuSpeedReader.readDelta(KernelCpuSpeedReader.java:49)
05-07 15:58:19.978  2491  2507 E KernelCpuSpeedReader: 	at com.android.internal.os.BatteryStatsImpl.updateCpuTimeLocked(BatteryStatsImpl.java:8002)
05-07 15:58:19.978  2491  2507 E KernelCpuSpeedReader: 	at com.android.server.am.BatteryStatsService.updateExternalStats(BatteryStatsService.java:1366)
05-07 15:58:19.978  2491  2507 E KernelCpuSpeedReader: 	at com.android.server.am.BatteryStatsService$BatteryStatsHandler.handleMessage(BatteryStatsService.java:125)
05-07 15:58:19.978  2491  2507 E KernelCpuSpeedReader: 	at android.os.Handler.dispatchMessage(Handler.java:102)
05-07 15:58:19.978  2491  2507 E KernelCpuSpeedReader: 	at android.os.Looper.loop(Looper.java:148)
05-07 15:58:19.978  2491  2507 E KernelCpuSpeedReader: 	at android.os.HandlerThread.run(HandlerThread.java:61)
05-07 15:58:19.978  2491  2507 E KernelCpuSpeedReader: 	at com.android.server.ServiceThread.run(ServiceThread.java:46)
05-07 15:58:19.978  2491  2507 E KernelCpuSpeedReader: Caused by: android.system.ErrnoException: open failed: ENOENT (No such file or directory)
05-07 15:58:19.978  2491  2507 E KernelCpuSpeedReader: 	at libcore.io.Posix.open(Native Method)
05-07 15:58:19.978  2491  2507 E KernelCpuSpeedReader: 	at libcore.io.BlockGuardOs.open(BlockGuardOs.java:186)
05-07 15:58:19.978  2491  2507 E KernelCpuSpeedReader: 	at libcore.io.IoBridge.open(IoBridge.java:438)
05-07 15:58:19.978  2491  2507 E KernelCpuSpeedReader: 	... 11 more
05-07 15:58:19.978  2491  2507 E KernelUidCpuTimeReader: Failed to read uid_cputime
05-07 15:58:19.978  2491  2507 E KernelUidCpuTimeReader: java.io.FileNotFoundException: /proc/uid_cputime/show_uid_stat: open failed: ENOENT (No such file or directory)
05-07 15:58:19.978  2491  2507 E KernelUidCpuTimeReader: 	at libcore.io.IoBridge.open(IoBridge.java:452)
05-07 15:58:19.978  2491  2507 E KernelUidCpuTimeReader: 	at java.io.FileInputStream.<init>(FileInputStream.java:76)
05-07 15:58:19.978  2491  2507 E KernelUidCpuTimeReader: 	at java.io.FileInputStream.<init>(FileInputStream.java:103)
05-07 15:58:19.978  2491  2507 E KernelUidCpuTimeReader: 	at java.io.FileReader.<init>(FileReader.java:66)
05-07 15:58:19.978  2491  2507 E KernelUidCpuTimeReader: 	at com.android.internal.os.KernelUidCpuTimeReader.readDelta(KernelUidCpuTimeReader.java:71)
05-07 15:58:19.978  2491  2507 E KernelUidCpuTimeReader: 	at com.android.internal.os.BatteryStatsImpl.updateCpuTimeLocked(BatteryStatsImpl.java:8031)
05-07 15:58:19.978  2491  2507 E KernelUidCpuTimeReader: 	at com.android.server.am.BatteryStatsService.updateExternalStats(BatteryStatsService.java:1366)
